139.199.62.228 - - [28/Jun/2017:12:23:24 +0800] "GET / HTTP/1.1" 200 6377 "http://www.baidu.com/search/spider.htm" "Mozilla/5.0 (compatible; Baiduspider/2.0; +http://www.baidu.com/search/spider.html)"
140.205.201.37 - - [28/Jun/2017:12:46:34 +0800] "POST /index.php?m=member&c=index&a=register&siteid=1 HTTP/1.1" 404 14 "-" "Mozilla/4.0 (compatible; MSIE 6.0; Windows NT 5.1;Alibaba.Security.Heimdall.6577126.phpcmsv9-register-upload)"
140.205.201.37 - - [28/Jun/2017:12:46:35 +0800] "GET /index.php?m=wap&a=index&siteid=1 HTTP/1.1" 404 14 "-" "Mozilla/4.0 (compatible; MSIE 6.0; Windows NT 5.1;Alibaba.Security.Heimdall.6577126.phpcmsv9-attachment-sql)"
182.151.214.212 - - [28/Jun/2017:15:02:28 +0800] "GET /static/img/wuqianlin.jpg HTTP/1.1" 304 0 "http://127.0.0.1:9000/blog/0014977983908964a497feb4ff841afa2373b152dfd50a1000" "Mozilla/5.0 (Macintosh; Intel Mac OS X 10_12_5) AppleWebKit/537.36 (KHTML, like Gecko) Chrome/58.0.3029.110 Safari/537.36"
202.108.211.56 - - [28/Jun/2017:15:31:02 +0800] "GET / HTTP/1.1" 200 6377 "-" "Mozilla/5.0 (X11; Linux x86_64) AppleWebKit/535.21 (KHTML, like Gecko) Chrome/19.0.1042.0 Safari/535.21"
202.108.211.56 - - [28/Jun/2017:15:40:21 +0800] "GET / HTTP/1.1" 200 6377 "-" "Mozilla/5.0 (X11; Linux x86_64) AppleWebKit/535.21 (KHTML, like Gecko) Chrome/19.0.1042.0 Safari/535.21"
66.249.66.11 - - [28/Jun/2017:15:50:01 +0800] "GET /robots.txt HTTP/1.1" 404 14 "-" "Mozilla/5.0 (compatible; Googlebot/2.1; +http://www.google.com/bot.html)"
66.249.66.11 - - [28/Jun/2017:15:50:01 +0800] "GET /ovsuqtwohjbdcye.html HTTP/1.1" 404 14 "-" "Mozilla/5.0 (compatible; Googlebot/2.1; +http://www.google.com/bot.html)"
182.151.214.212 - - [28/Jun/2017:17:04:33 +0800] "GET / HTTP/1.1" 200 6377 "-" "Mozilla/5.0 (Macintosh; Intel Mac OS X 10_12_5) AppleWebKit/537.36 (KHTML, like Gecko) Chrome/58.0.3029.110 Safari/537.36"
182.151.214.212 - - [28/Jun/2017:17:04:33 +0800] "GET /static/css/awesome.css HTTP/1.1" 304 0 "http://www.wuqianlin.com/" "Mozilla/5.0 (Macintosh; Intel Mac OS X 10_12_5) AppleWebKit/537.36 (KHTML, like Gecko) Chrome/58.0.3029.110 Safari/537.36"
182.151.214.212 - - [28/Jun/2017:17:04:33 +0800] "GET /static/js/sha1.min.js HTTP/1.1" 304 0 "http://www.wuqianlin.com/" "Mozilla/5.0 (Macintosh; Intel Mac OS X 10_12_5) AppleWebKit/537.36 (KHTML, like Gecko) Chrome/58.0.3029.110 Safari/537.36"
182.151.214.212 - - [28/Jun/2017:17:04:34 +0800] "GET /static/css/uikit.min.css HTTP/1.1" 304 0 "http://www.wuqianlin.com/" "Mozilla/5.0 (Macintosh; Intel Mac OS X 10_12_5) AppleWebKit/537.36 (KHTML, like Gecko) Chrome/58.0.3029.110 Safari/537.36"
182.151.214.212 - - [28/Jun/2017:17:04:34 +0800] "GET /static/js/uikit.min.js HTTP/1.1" 304 0 "http://www.wuqianlin.com/" "Mozilla/5.0 (Macintosh; Intel Mac OS X 10_12_5) AppleWebKit/537.36 (KHTML, like Gecko) Chrome/58.0.3029.110 Safari/537.36"
182.151.214.212 - - [28/Jun/2017:17:04:34 +0800] "GET /static/js/jquery.min.js HTTP/1.1" 304 0 "http://www.wuqianlin.com/" "Mozilla/5.0 (Macintosh; Intel Mac OS X 10_12_5) AppleWebKit/537.36 (KHTML, like Gecko) Chrome/58.0.3029.110 Safari/537.36"
182.151.214.212 - - [28/Jun/2017:17:04:34 +0800] "GET /static/js/vue.min.js HTTP/1.1" 304 0 "http://www.wuqianlin.com/" "Mozilla/5.0 (Macintosh; Intel Mac OS X 10_12_5) AppleWebKit/537.36 (KHTML, like Gecko) Chrome/58.0.3029.110 Safari/537.36"
182.151.214.212 - - [28/Jun/2017:17:04:34 +0800] "GET /static/css/uikit.gradient.min.css HTTP/1.1" 304 0 "http://www.wuqianlin.com/" "Mozilla/5.0 (Macintosh; Intel Mac OS X 10_12_5) AppleWebKit/537.36 (KHTML, like Gecko) Chrome/58.0.3029.110 Safari/537.36"
182.151.214.212 - - [28/Jun/2017:17:04:34 +0800] "GET /static/js/sticky.min.js HTTP/1.1" 304 0 "http://www.wuqianlin.com/" "Mozilla/5.0 (Macintosh; Intel Mac OS X 10_12_5) AppleWebKit/537.36 (KHTML, like Gecko) Chrome/58.0.3029.110 Safari/537.36"
182.151.214.212 - - [28/Jun/2017:17:04:34 +0800] "GET /static/js/awesome.js HTTP/1.1" 304 0 "http://www.wuqianlin.com/" "Mozilla/5.0 (Macintosh; Intel Mac OS X 10_12_5) AppleWebKit/537.36 (KHTML, like Gecko) Chrome/58.0.3029.110 Safari/537.36"
182.151.214.212 - - [28/Jun/2017:17:04:34 +0800] "GET /static/fonts/fontawesome-webfont.woff HTTP/1.1" 304 0 "http://www.wuqianlin.com/static/css/uikit.min.css" "Mozilla/5.0 (Macintosh; Intel Mac OS X 10_12_5) AppleWebKit/537.36 (KHTML, like Gecko) Chrome/58.0.3029.110 Safari/537.36"
182.151.214.212 - - [28/Jun/2017:17:04:43 +0800] "GET / HTTP/1.1" 200 6377 "-" "Mozilla/5.0 (Macintosh; Intel Mac OS X 10_12_5) AppleWebKit/537.36 (KHTML, like Gecko) Chrome/58.0.3029.110 Safari/537.36"
182.151.214.212 - - [28/Jun/2017:17:04:56 +0800] "HEAD / HTTP/1.1" 405 0 "-" "curl/7.52.1"
182.151.214.212 - - [28/Jun/2017:17:05:05 +0800] "HEAD / HTTP/1.1" 405 0 "-" "curl/7.52.1"
182.151.214.212 - - [28/Jun/2017:17:05:24 +0800] "GET / HTTP/1.1" 200 6377 "-" "curl/7.52.1"
182.151.214.212 - - [28/Jun/2017:17:05:31 +0800] "HEAD / HTTP/1.1" 405 0 "-" "curl/7.52.1"
182.151.214.212 - - [28/Jun/2017:17:06:58 +0800] "HEAD / HTTP/1.1" 405 0 "-" "curl/7.52.1"
182.151.214.212 - - [28/Jun/2017:17:07:59 +0800] "GET /blogshandle HTTP/1.1" 200 9839 "-" "Mozilla/5.0 (Macintosh; Intel Mac OS X 10_12_5) AppleWebKit/537.36 (KHTML, like Gecko) Chrome/58.0.3029.110 Safari/537.36"
182.151.214.212 - - [28/Jun/2017:17:08:09 +0800] "POST /blogs_edit HTTP/1.1" 200 5682 "http://www.wuqianlin.com/blogshandle" "Mozilla/5.0 (Macintosh; Intel Mac OS X 10_12_5) AppleWebKit/537.36 (KHTML, like Gecko) Chrome/58.0.3029.110 Safari/537.36"
182.151.214.212 - - [28/Jun/2017:17:08:09 +0800] "GET /static/editor_md/css/editormd.css HTTP/1.1" 304 0 "http://www.wuqianlin.com/blogs_edit" "Mozilla/5.0 (Macintosh; Intel Mac OS X 10_12_5) AppleWebKit/537.36 (KHTML, like Gecko) Chrome/58.0.3029.110 Safari/537.36"
182.151.214.212 - - [28/Jun/2017:17:08:09 +0800] "GET /static/editor_md/examples/css/style.css HTTP/1.1" 304 0 "http://www.wuqianlin.com/blogs_edit" "Mozilla/5.0 (Macintosh; Intel Mac OS X 10_12_5) AppleWebKit/537.36 (KHTML, like Gecko) Chrome/58.0.3029.110 Safari/537.36"
182.151.214.212 - - [28/Jun/2017:17:08:09 +0800] "GET /static/editor_md/examples/js/jquery.min.js HTTP/1.1" 304 0 "http://www.wuqianlin.com/blogs_edit" "Mozilla/5.0 (Macintosh; Intel Mac OS X 10_12_5) AppleWebKit/537.36 (KHTML, like Gecko) Chrome/58.0.3029.110 Safari/537.36"
182.151.214.212 - - [28/Jun/2017:17:08:10 +0800] "GET /static/editor_md/editormd.js HTTP/1.1" 304 0 "http://www.wuqianlin.com/blogs_edit" "Mozilla/5.0 (Macintosh; Intel Mac OS X 10_12_5) AppleWebKit/537.36 (KHTML, like Gecko) Chrome/58.0.3029.110 Safari/537.36"
182.151.214.212 - - [28/Jun/2017:17:08:10 +0800] "GET /static/editor_md/images/loading@2x.gif HTTP/1.1" 304 0 "http://www.wuqianlin.com/static/editor_md/css/editormd.css" "Mozilla/5.0 (Macintosh; Intel Mac OS X 10_12_5) AppleWebKit/537.36 (KHTML, like Gecko) Chrome/58.0.3029.110 Safari/537.36"
182.151.214.212 - - [28/Jun/2017:17:08:10 +0800] "GET /static/editor_md/fonts/fontawesome-webfont.woff2?v=4.3.0 HTTP/1.1" 304 0 "http://www.wuqianlin.com/static/editor_md/css/editormd.css" "Mozilla/5.0 (Macintosh; Intel Mac OS X 10_12_5) AppleWebKit/537.36 (KHTML, like Gecko) Chrome/58.0.3029.110 Safari/537.36"
182.151.214.212 - - [28/Jun/2017:17:09:17 +0800] "POST /edit_update HTTP/1.1" 200 4 "http://www.wuqianlin.com/blogs_edit" "Mozilla/5.0 (Macintosh; Intel Mac OS X 10_12_5) AppleWebKit/537.36 (KHTML, like Gecko) Chrome/58.0.3029.110 Safari/537.36"
182.151.214.212 - - [28/Jun/2017:17:09:21 +0800] "GET / HTTP/1.1" 200 6377 "-" "Mozilla/5.0 (Macintosh; Intel Mac OS X 10_12_5) AppleWebKit/537.36 (KHTML, like Gecko) Chrome/58.0.3029.110 Safari/537.36"
182.151.214.212 - - [28/Jun/2017:17:09:26 +0800] "GET / HTTP/1.1" 200 6377 "-" "Mozilla/5.0 (Macintosh; Intel Mac OS X 10_12_5) AppleWebKit/537.36 (KHTML, like Gecko) Chrome/58.0.3029.110 Safari/537.36"
182.151.214.212 - - [28/Jun/2017:17:09:26 +0800] "GET /favicon.ico HTTP/1.1" 200 4286 "http://www.wuqianlin.com/" "Mozilla/5.0 (Macintosh; Intel Mac OS X 10_12_5) AppleWebKit/537.36 (KHTML, like Gecko) Chrome/58.0.3029.110 Safari/537.36"
182.151.214.212 - - [28/Jun/2017:17:09:27 +0800] "GET / HTTP/1.1" 200 6377 "-" "Mozilla/5.0 (Macintosh; Intel Mac OS X 10_12_5) AppleWebKit/537.36 (KHTML, like Gecko) Chrome/58.0.3029.110 Safari/537.36"
182.151.214.212 - - [28/Jun/2017:17:09:28 +0800] "GET /favicon.ico HTTP/1.1" 200 4286 "http://www.wuqianlin.com/" "Mozilla/5.0 (Macintosh; Intel Mac OS X 10_12_5) AppleWebKit/537.36 (KHTML, like Gecko) Chrome/58.0.3029.110 Safari/537.36"
182.151.214.212 - - [28/Jun/2017:17:09:30 +0800] "GET /blog/0014974219055647750c8be863e40b098ef458686c7f206000 HTTP/1.1" 200 6145 "http://www.wuqianlin.com/" "Mozilla/5.0 (Macintosh; Intel Mac OS X 10_12_5) AppleWebKit/537.36 (KHTML, like Gecko) Chrome/58.0.3029.110 Safari/537.36"
182.151.214.212 - - [28/Jun/2017:17:09:58 +0800] "POST /edit_update HTTP/1.1" 200 4 "http://www.wuqianlin.com/blogs_edit" "Mozilla/5.0 (Macintosh; Intel Mac OS X 10_12_5) AppleWebKit/537.36 (KHTML, like Gecko) Chrome/58.0.3029.110 Safari/537.36"
182.151.214.212 - - [28/Jun/2017:17:10:01 +0800] "GET / HTTP/1.1" 200 6377 "-" "Mozilla/5.0 (Macintosh; Intel Mac OS X 10_12_5) AppleWebKit/537.36 (KHTML, like Gecko) Chrome/58.0.3029.110 Safari/537.36"
182.151.214.212 - - [28/Jun/2017:17:10:04 +0800] "GET /blog/0014974219055647750c8be863e40b098ef458686c7f206000 HTTP/1.1" 200 6205 "http://www.wuqianlin.com/" "Mozilla/5.0 (Macintosh; Intel Mac OS X 10_12_5) AppleWebKit/537.36 (KHTML, like Gecko) Chrome/58.0.3029.110 Safari/537.36"
182.151.214.212 - - [28/Jun/2017:17:10:27 +0800] "POST /edit_update HTTP/1.1" 200 4 "http://www.wuqianlin.com/blogs_edit" "Mozilla/5.0 (Macintosh; Intel Mac OS X 10_12_5) AppleWebKit/537.36 (KHTML, like Gecko) Chrome/58.0.3029.110 Safari/537.36"
182.151.214.212 - - [28/Jun/2017:17:10:31 +0800] "GET / HTTP/1.1" 200 6377 "-" "Mozilla/5.0 (Macintosh; Intel Mac OS X 10_12_5) AppleWebKit/537.36 (KHTML, like Gecko) Chrome/58.0.3029.110 Safari/537.36"
182.151.214.212 - - [28/Jun/2017:17:10:32 +0800] "GET /blog/0014974219055647750c8be863e40b098ef458686c7f206000 HTTP/1.1" 200 6301 "http://www.wuqianlin.com/" "Mozilla/5.0 (Macintosh; Intel Mac OS X 10_12_5) AppleWebKit/537.36 (KHTML, like Gecko) Chrome/58.0.3029.110 Safari/537.36"
182.151.214.212 - - [28/Jun/2017:17:10:35 +0800] "GET /blog/0014974219055647750c8be863e40b098ef458686c7f206000 HTTP/1.1" 200 6301 "http://www.wuqianlin.com/" "Mozilla/5.0 (Macintosh; Intel Mac OS X 10_12_5) AppleWebKit/537.36 (KHTML, like Gecko) Chrome/58.0.3029.110 Safari/537.36"
182.151.214.212 - - [28/Jun/2017:17:10:35 +0800] "GET /favicon.ico HTTP/1.1" 200 4286 "http://www.wuqianlin.com/blog/0014974219055647750c8be863e40b098ef458686c7f206000" "Mozilla/5.0 (Macintosh; Intel Mac OS X 10_12_5) AppleWebKit/537.36 (KHTML, like Gecko) Chrome/58.0.3029.110 Safari/537.36"
182.151.214.212 - - [28/Jun/2017:17:10:53 +0800] "POST /edit_update HTTP/1.1" 200 4 "http://www.wuqianlin.com/blogs_edit" "Mozilla/5.0 (Macintosh; Intel Mac OS X 10_12_5) AppleWebKit/537.36 (KHTML, like Gecko) Chrome/58.0.3029.110 Safari/537.36"
182.151.214.212 - - [28/Jun/2017:17:10:56 +0800] "GET / HTTP/1.1" 200 6377 "-" "Mozilla/5.0 (Macintosh; Intel Mac OS X 10_12_5) AppleWebKit/537.36 (KHTML, like Gecko) Chrome/58.0.3029.110 Safari/537.36"
182.151.214.212 - - [28/Jun/2017:17:10:57 +0800] "GET /blog/0014974219055647750c8be863e40b098ef458686c7f206000 HTTP/1.1" 200 6212 "http://www.wuqianlin.com/" "Mozilla/5.0 (Macintosh; Intel Mac OS X 10_12_5) AppleWebKit/537.36 (KHTML, like Gecko) Chrome/58.0.3029.110 Safari/537.36"
140.205.201.46 - - [28/Jun/2017:20:47:34 +0800] "POST /index.php?m=member&c=index&a=register&siteid=1 HTTP/1.1" 404 14 "-" "Mozilla/4.0 (compatible; MSIE 6.0; Windows NT 5.1;Alibaba.Security.Heimdall.6577126.phpcmsv9-register-upload)"
140.205.201.46 - - [28/Jun/2017:20:49:00 +0800] "GET /index.php?m=wap&a=index&siteid=1 HTTP/1.1" 404 14 "-" "Mozilla/4.0 (compatible; MSIE 6.0; Windows NT 5.1;Alibaba.Security.Heimdall.6577126.phpcmsv9-attachment-sql)"
202.108.211.56 - - [28/Jun/2017:22:14:29 +0800] "GET / HTTP/1.1" 200 6377 "-" "Mozilla/5.0 (X11; Linux x86_64) AppleWebKit/535.21 (KHTML, like Gecko) Chrome/19.0.1042.0 Safari/535.21"
202.108.211.56 - - [28/Jun/2017:22:38:25 +0800] "GET / HTTP/1.1" 200 6377 "-" "Mozilla/5.0 (X11; Linux x86_64) AppleWebKit/535.21 (KHTML, like Gecko) Chrome/19.0.1042.0 Safari/535.21"
157.55.39.156 - - [29/Jun/2017:01:25:35 +0800] "GET / HTTP/1.1" 200 6377 "-" "Mozilla/5.0 (compatible; bingbot/2.0; +http://www.bing.com/bingbot.htm)"
60.191.126.204 - - [29/Jun/2017:05:02:12 +0800] "GET / HTTP/1.1" 200 6377 "-" "Mozilla/5.0 (Windows NT 6.1; WOW64) AppleWebKit/537.36 (KHTML, like Gecko) Chrome/50.0.2661.102 Safari/537.36"
60.191.126.204 - - [29/Jun/2017:05:02:12 +0800] "GET / HTTP/1.1" 200 6377 "-" "Mozilla/5.0 (Windows NT 6.1; WOW64) AppleWebKit/537.36 (KHTML, like Gecko) Chrome/50.0.2661.102 Safari/537.36"
60.191.126.204 - - [29/Jun/2017:05:02:12 +0800] "GET / HTTP/1.1" 200 6377 "-" "Mozilla/5.0 (Windows NT 6.1; WOW64) AppleWebKit/537.36 (KHTML, like Gecko) Chrome/50.0.2661.102 Safari/537.36"
139.199.63.33 - - [29/Jun/2017:05:16:09 +0800] "GET / HTTP/1.1" 200 6377 "-" "Mozilla/4.0 (compatible; MSIE 6.1; Windows NT)"
139.199.62.227 - - [29/Jun/2017:05:16:47 +0800] "GET / HTTP/1.1" 200 6377 "http://www.baidu.com/search/spider.htm" "Mozilla/5.0 (compatible; Baiduspider/2.0; +http://www.baidu.com/search/spider.html)"
163.177.13.2 - - [29/Jun/2017:06:19:09 +0800] "HEAD / HTTP/1.1" 405 0 "-" "curl/7.19.7 (x86_64-redhat-linux-gnu) libcurl/7.19.7 NSS/3.13.1.0 zlib/1.2.3 libidn/1.18 libssh2/1.2.2"
61.151.218.118 - - [29/Jun/2017:09:04:59 +0800] "GET / HTTP/1.1" 200 6377 "-" "Mozilla/5.0 (Windows NT 6.1) AppleWebKit/537.22 (KHTML, like Gecko) Chrome/25.0.1364.97 Safari/537.22"
101.226.102.97 - - [29/Jun/2017:09:05:00 +0800] "GET / HTTP/1.1" 200 6377 "-" "Mozilla/5.0 (Windows NT 6.1) AppleWebKit/537.22 (KHTML, like Gecko) Chrome/25.0.1364.97 Safari/537.22"
101.226.33.227 - - [29/Jun/2017:09:05:00 +0800] "GET / HTTP/1.1" 200 6377 "-" "Mozilla/5.0 (Windows NT 6.1) AppleWebKit/537.22 (KHTML, like Gecko) Chrome/25.0.1364.97 Safari/537.22"
66.249.79.140 - - [29/Jun/2017:11:19:37 +0800] "GET /robots.txt HTTP/1.1" 404 14 "-" "Mozilla/5.0 (compatible; Googlebot/2.1; +http://www.google.com/bot.html)"
66.249.79.140 - - [29/Jun/2017:11:19:37 +0800] "GET /blog/001497883597918d74097b0fac44cf18cecc7d5ba6352c1000 HTTP/1.1" 200 6178 "-" "Mozilla/5.0 (compatible; Googlebot/2.1; +http://www.google.com/bot.html)"
66.249.79.140 - - [29/Jun/2017:11:19:40 +0800] "GET /static/css/uikit.gradient.min.css HTTP/1.1" 200 78834 "http://www.wuqianlin.com/blog/001497883597918d74097b0fac44cf18cecc7d5ba6352c1000" "Mozilla/5.0 (compatible; Googlebot/2.1; +http://www.google.com/bot.html)"
66.249.79.140 - - [29/Jun/2017:11:19:40 +0800] "GET /static/css/uikit.min.css HTTP/1.1" 200 69597 "http://www.wuqianlin.com/blog/001497883597918d74097b0fac44cf18cecc7d5ba6352c1000" "Mozilla/5.0 (compatible; Googlebot/2.1; +http://www.google.com/bot.html)"
66.249.79.138 - - [29/Jun/2017:11:19:41 +0800] "GET /static/css/awesome.css HTTP/1.1" 200 208 "http://www.wuqianlin.com/blog/001497883597918d74097b0fac44cf18cecc7d5ba6352c1000" "Mozilla/5.0 (compatible; Googlebot/2.1; +http://www.google.com/bot.html)"
66.249.79.140 - - [29/Jun/2017:12:31:08 +0800] "GET / HTTP/1.1" 200 6377 "-" "Mozilla/5.0 (compatible; Googlebot/2.1; +http://www.google.com/bot.html)"
66.249.79.86 - - [29/Jun/2017:12:46:38 +0800] "GET /robots.txt HTTP/1.1" 404 14 "-" "Mozilla/5.0 (compatible; Googlebot/2.1; +http://www.google.com/bot.html)"
66.249.79.86 - - [29/Jun/2017:12:46:39 +0800] "GET / HTTP/1.1" 200 6377 "-" "Mozilla/5.0 (compatible; Googlebot/2.1; +http://www.google.com/bot.html)"
157.55.39.156 - - [29/Jun/2017:12:47:13 +0800] "GET / HTTP/1.1" 200 6377 "-" "Mozilla/5.0 (compatible; bingbot/2.0; +http://www.bing.com/bingbot.htm)"
66.249.79.84 - - [29/Jun/2017:16:57:07 +0800] "GET / HTTP/1.1" 200 6377 "-" "Mozilla/5.0 (Linux; Android 6.0.1; Nexus 5X Build/MMB29P) AppleWebKit/537.36 (KHTML, like Gecko) Chrome/41.0.2272.96 Mobile Safari/537.36 (compatible; Googlebot/2.1; +http://www.google.com/bot.html)"
117.61.4.118 - - [29/Jun/2017:19:44:26 +0800] "GET / HTTP/1.1" 200 6377 "-" "Mozilla/5.0 (Windows NT 10.0; Win64; x64) AppleWebKit/537.36 (KHTML, like Gecko) Chrome/42.0.2311.135 Safari/537.36 Edge/12.10240"
139.199.63.33 - - [29/Jun/2017:21:50:40 +0800] "GET / HTTP/1.1" 200 6377 "-" "Mozilla/4.0 (compatible; MSIE 6.1; Windows NT)"
139.199.62.227 - - [29/Jun/2017:21:50:44 +0800] "GET / HTTP/1.1" 200 6377 "http://www.baidu.com/search/spider.htm" "Mozilla/5.0 (compatible; Baiduspider/2.0; +http://www.baidu.com/search/spider.html)"
202.108.211.56 - - [29/Jun/2017:23:08:43 +0800] "GET / HTTP/1.1" 200 6377 "-" "Mozilla/5.0 (X11; Linux x86_64) AppleWebKit/535.21 (KHTML, like Gecko) Chrome/19.0.1042.0 Safari/535.21"
202.108.211.56 - - [29/Jun/2017:23:32:48 +0800] "GET / HTTP/1.1" 200 6377 "-" "Mozilla/5.0 (X11; Linux x86_64) AppleWebKit/535.21 (KHTML, like Gecko) Chrome/19.0.1042.0 Safari/535.21"
202.108.211.56 - - [30/Jun/2017:00:14:55 +0800] "GET / HTTP/1.1" 200 6377 "-" "Mozilla/5.0 (X11; Linux x86_64) AppleWebKit/535.21 (KHTML, like Gecko) Chrome/19.0.1042.0 Safari/535.21"
207.46.13.199 - - [30/Jun/2017:03:25:20 +0800] "GET /robots.txt HTTP/1.1" 404 14 "-" "Mozilla/5.0 (compatible; bingbot/2.0; +http://www.bing.com/bingbot.htm)"
157.55.39.156 - - [30/Jun/2017:03:25:57 +0800] "GET / HTTP/1.1" 200 6377 "-" "Mozilla/5.0 (compatible; bingbot/2.0; +http://www.bing.com/bingbot.htm)"
221.238.131.250 - - [30/Jun/2017:05:57:44 +0800] "GET / HTTP/1.0" 200 6377 "-" "Wget/1.12 (linux-gnu)"
221.238.131.250 - - [30/Jun/2017:06:13:23 +0800] "GET / HTTP/1.0" 200 6377 "-" "Wget/1.12 (linux-gnu)"
221.238.131.250 - - [30/Jun/2017:06:28:27 +0800] "GET / HTTP/1.0" 200 6377 "-" "Wget/1.12 (linux-gnu)"
207.46.13.171 - - [30/Jun/2017:10:17:07 +0800] "GET /robots.txt HTTP/1.1" 404 14 "-" "Mozilla/5.0 (compatible; bingbot/2.0; +http://www.bing.com/bingbot.htm)"
40.77.167.119 - - [30/Jun/2017:10:17:12 +0800] "GET / HTTP/1.1" 200 6377 "-" "Mozilla/5.0 (compatible; bingbot/2.0; +http://www.bing.com/bingbot.htm)"
123.207.95.146 - - [30/Jun/2017:13:38:10 +0800] "GET / HTTP/1.1" 200 6377 "-" "Mozilla/4.0 (compatible; MSIE 6.1; Windows NT)"
139.199.62.227 - - [30/Jun/2017:13:38:20 +0800] "GET / HTTP/1.1" 200 6377 "http://www.baidu.com/search/spider.htm" "Mozilla/5.0 (compatible; Baiduspider/2.0; +http://www.baidu.com/search/spider.html)"
157.55.39.156 - - [30/Jun/2017:22:20:09 +0800] "GET / HTTP/1.1" 200 6377 "-" "Mozilla/5.0 (compatible; bingbot/2.0; +http://www.bing.com/bingbot.htm)"
202.108.211.56 - - [30/Jun/2017:22:27:07 +0800] "GET / HTTP/1.1" 200 6377 "-" "Mozilla/5.0 (X11; Linux x86_64) AppleWebKit/535.21 (KHTML, like Gecko) Chrome/19.0.1042.0 Safari/535.21"
202.108.211.56 - - [30/Jun/2017:23:03:56 +0800] "GET / HTTP/1.1" 200 6377 "-" "Mozilla/5.0 (X11; Linux x86_64) AppleWebKit/535.21 (KHTML, like Gecko) Chrome/19.0.1042.0 Safari/535.21"
123.207.95.146 - - [01/Jul/2017:06:29:22 +0800] "GET / HTTP/1.1" 200 6377 "-" "Mozilla/4.0 (compatible; MSIE 6.1; Windows NT)"
139.199.62.228 - - [01/Jul/2017:06:30:06 +0800] "GET / HTTP/1.1" 200 6377 "http://www.baidu.com/search/spider.htm" "Mozilla/5.0 (compatible; Baiduspider/2.0; +http://www.baidu.com/search/spider.html)"
157.55.39.199 - - [01/Jul/2017:10:04:02 +0800] "GET / HTTP/1.1" 200 6377 "-" "Mozilla/5.0 (compatible; bingbot/2.0; +http://www.bing.com/bingbot.htm)"
140.205.225.199 - - [01/Jul/2017:13:15:23 +0800] "POST /index.php?m=member&c=index&a=register&siteid=1 HTTP/1.1" 404 14 "-" "Mozilla/4.0 (compatible; MSIE 6.0; Windows NT 5.1;Alibaba.Security.Heimdall.6577126.phpcmsv9-register-upload)"
140.205.225.199 - - [01/Jul/2017:13:15:27 +0800] "GET /index.php?m=wap&a=index&siteid=1 HTTP/1.1" 404 14 "-" "Mozilla/4.0 (compatible; MSIE 6.0; Windows NT 5.1;Alibaba.Security.Heimdall.6577126.phpcmsv9-attachment-sql)"
180.76.15.143 - - [01/Jul/2017:18:00:36 +0800] "GET /robots.txt HTTP/1.1" 404 14 "-" "Mozilla/5.0 (Windows NT 5.1; rv:6.0.2) Gecko/20100101 Firefox/6.0.2"
180.76.15.136 - - [01/Jul/2017:18:00:37 +0800] "GET /robots.txt HTTP/1.1" 404 14 "-" "Mozilla/5.0 (Windows NT 5.1; rv:6.0.2) Gecko/20100101 Firefox/6.0.2"
180.76.15.34 - - [01/Jul/2017:18:02:45 +0800] "GET /blog/000005 HTTP/1.1" 200 8198 "-" "Mozilla/5.0 (compatible; Baiduspider/2.0; +http://www.baidu.com/search/spider.html)"
196.52.43.60 - - [01/Jul/2017:18:19:19 +0800] "GET / HTTP/1.1" 200 6377 "-" "-"
196.52.43.60 - - [01/Jul/2017:18:20:43 +0800] "GET / HTTP/1.1" 200 6377 "-" "-"
202.108.211.56 - - [01/Jul/2017:22:59:06 +0800] "GET / HTTP/1.1" 200 6377 "-" "Mozilla/5.0 (X11; Linux x86_64) AppleWebKit/535.21 (KHTML, like Gecko) Chrome/19.0.1042.0 Safari/535.21"
140.205.225.205 - - [01/Jul/2017:23:01:37 +0800] "POST /index.php?m=member&c=index&a=register&siteid=1 HTTP/1.1" 404 14 "-" "Mozilla/4.0 (compatible; MSIE 6.0; Windows NT 5.1;Alibaba.Security.Heimdall.6577126.phpcmsv9-register-upload)"
140.205.225.205 - - [01/Jul/2017:23:01:38 +0800] "GET /index.php?m=wap&a=index&siteid=1 HTTP/1.1" 404 14 "-" "Mozilla/4.0 (compatible; MSIE 6.0; Windows NT 5.1;Alibaba.Security.Heimdall.6577126.phpcmsv9-attachment-sql)"
123.207.95.146 - - [01/Jul/2017:23:29:15 +0800] "GET / HTTP/1.1" 200 6377 "-" "Mozilla/4.0 (compatible; MSIE 6.1; Windows NT)"
139.199.62.228 - - [01/Jul/2017:23:29:15 +0800] "GET / HTTP/1.1" 200 6377 "http://www.baidu.com/search/spider.htm" "Mozilla/5.0 (compatible; Baiduspider/2.0; +http://www.baidu.com/search/spider.html)"
202.108.211.56 - - [01/Jul/2017:23:44:54 +0800] "GET / HTTP/1.1" 200 6377 "-" "Mozilla/5.0 (X11; Linux x86_64) AppleWebKit/535.21 (KHTML, like Gecko) Chrome/19.0.1042.0 Safari/535.21"
64.246.165.210 - - [02/Jul/2017:02:09:51 +0800] "GET /robots.txt HTTP/1.0" 404 14 "-" "Mozilla/5.0 (Windows; U; Windows NT 5.1; en; rv:1.9.0.13) Gecko/2009073022 Firefox/3.5.2 (.NET CLR 3.5.30729) SurveyBot/2.3 (DomainTools)"
64.246.165.210 - - [02/Jul/2017:02:09:54 +0800] "GET / HTTP/1.1" 200 6377 "http://whois.domaintools.com/wuqianlin.cn" "Mozilla/5.0 (Windows; U; Windows NT 5.1; en; rv:1.9.0.13) Gecko/2009073022 Firefox/3.5.2 (.NET CLR 3.5.30729) SurveyBot/2.3 (DomainTools)"
140.205.201.37 - - [02/Jul/2017:07:31:26 +0800] "POST /index.php?m=member&c=index&a=register&siteid=1 HTTP/1.1" 404 14 "-" "Mozilla/4.0 (compatible; MSIE 6.0; Windows NT 5.1;Alibaba.Security.Heimdall.6577126.phpcmsv9-register-upload)"
140.205.201.37 - - [02/Jul/2017:07:31:28 +0800] "GET /index.php?m=wap&a=index&siteid=1 HTTP/1.1" 404 14 "-" "Mozilla/4.0 (compatible; MSIE 6.0; Windows NT 5.1;Alibaba.Security.Heimdall.6577126.phpcmsv9-attachment-sql)"
64.246.161.42 - - [02/Jul/2017:10:25:00 +0800] "GET /robots.txt HTTP/1.0" 404 14 "-" "Mozilla/5.0 (Windows; U; Windows NT 5.1; en; rv:1.9.0.13) Gecko/2009073022 Firefox/3.5.2 (.NET CLR 3.5.30729) SurveyBot/2.3 (DomainTools)"
64.246.161.42 - - [02/Jul/2017:10:25:03 +0800] "GET / HTTP/1.1" 200 6377 "http://whois.domaintools.com/wuqianlin.xyz" "Mozilla/5.0 (Windows; U; Windows NT 5.1; en; rv:1.9.0.13) Gecko/2009073022 Firefox/3.5.2 (.NET CLR 3.5.30729) SurveyBot/2.3 (DomainTools)"
64.246.161.190 - - [02/Jul/2017:10:54:16 +0800] "GET /robots.txt HTTP/1.0" 404 14 "-" "Mozilla/5.0 (Windows; U; Windows NT 5.1; en; rv:1.9.0.13) Gecko/2009073022 Firefox/3.5.2 (.NET CLR 3.5.30729) SurveyBot/2.3 (DomainTools)"
64.246.161.190 - - [02/Jul/2017:10:54:17 +0800] "GET / HTTP/1.1" 200 6377 "http://whois.domaintools.com/wuqianlin.com" "Mozilla/5.0 (Windows; U; Windows NT 5.1; en; rv:1.9.0.13) Gecko/2009073022 Firefox/3.5.2 (.NET CLR 3.5.30729) SurveyBot/2.3 (DomainTools)"
157.55.39.53 - - [02/Jul/2017:11:29:33 +0800] "GET /robots.txt HTTP/1.1" 404 14 "-" "Mozilla/5.0 (compatible; bingbot/2.0; +http://www.bing.com/bingbot.htm)"
157.55.39.56 - - [02/Jul/2017:11:29:44 +0800] "GET / HTTP/1.1" 200 6377 "-" "Mozilla/5.0 (compatible; bingbot/2.0; +http://www.bing.com/bingbot.htm)"
140.205.225.188 - - [02/Jul/2017:13:46:33 +0800] "POST /index.php?m=member&c=index&a=register&siteid=1 HTTP/1.1" 404 14 "-" "Mozilla/4.0 (compatible; MSIE 6.0; Windows NT 5.1;Alibaba.Security.Heimdall.6577126.phpcmsv9-register-upload)"
140.205.225.188 - - [02/Jul/2017:13:46:34 +0800] "GET /index.php?m=wap&a=index&siteid=1 HTTP/1.1" 404 14 "-" "Mozilla/4.0 (compatible; MSIE 6.0; Windows NT 5.1;Alibaba.Security.Heimdall.6577126.phpcmsv9-attachment-sql)"
139.199.63.33 - - [02/Jul/2017:15:25:50 +0800] "GET / HTTP/1.1" 200 6377 "-" "Mozilla/4.0 (compatible; MSIE 6.1; Windows NT)"
139.199.62.228 - - [02/Jul/2017:15:26:03 +0800] "GET / HTTP/1.1" 200 6377 "http://www.baidu.com/search/spider.htm" "Mozilla/5.0 (compatible; Baiduspider/2.0; +http://www.baidu.com/search/spider.html)"
207.46.13.169 - - [02/Jul/2017:21:21:09 +0800] "GET / HTTP/1.1" 200 6377 "-" "Mozilla/5.0 (compatible; bingbot/2.0; +http://www.bing.com/bingbot.htm)"
202.108.211.56 - - [02/Jul/2017:22:10:37 +0800] "GET / HTTP/1.1" 200 6377 "-" "Mozilla/5.0 (X11; Linux x86_64) AppleWebKit/535.21 (KHTML, like Gecko) Chrome/19.0.1042.0 Safari/535.21"
182.47.13.250 - - [03/Jul/2017:01:25:52 +0800] "GET / HTTP/1.1" 200 6377 "-" "Mozilla/4.0 (compatible; MSIE 8.0; Windows NT 6.0)"
202.108.211.56 - - [03/Jul/2017:01:50:42 +0800] "GET / HTTP/1.1" 200 6377 "-" "Mozilla/5.0 (X11; Linux x86_64) AppleWebKit/535.21 (KHTML, like Gecko) Chrome/19.0.1042.0 Safari/535.21"
202.108.211.56 - - [03/Jul/2017:02:19:55 +0800] "GET / HTTP/1.1" 200 6377 "-" "Mozilla/5.0 (X11; Linux x86_64) AppleWebKit/535.21 (KHTML, like Gecko) Chrome/19.0.1042.0 Safari/535.21"
163.177.13.2 - - [03/Jul/2017:08:13:31 +0800] "HEAD / HTTP/1.1" 405 0 "-" "curl/7.19.7 (x86_64-redhat-linux-gnu) libcurl/7.19.7 NSS/3.13.1.0 zlib/1.2.3 libidn/1.18 libssh2/1.2.2"
139.199.63.33 - - [03/Jul/2017:08:16:33 +0800] "GET / HTTP/1.1" 200 6377 "-" "Mozilla/4.0 (compatible; MSIE 6.1; Windows NT)"
139.199.62.228 - - [03/Jul/2017:08:17:27 +0800] "GET / HTTP/1.1" 200 6377 "http://www.baidu.com/search/spider.htm" "Mozilla/5.0 (compatible; Baiduspider/2.0; +http://www.baidu.com/search/spider.html)"
163.177.13.2 - - [03/Jul/2017:08:36:57 +0800] "HEAD / HTTP/1.1" 405 0 "-" "curl/7.19.7 (x86_64-redhat-linux-gnu) libcurl/7.19.7 NSS/3.13.1.0 zlib/1.2.3 libidn/1.18 libssh2/1.2.2"
207.46.13.169 - - [03/Jul/2017:09:36:34 +0800] "GET / HTTP/1.1" 200 6377 "-" "Mozilla/5.0 (compatible; bingbot/2.0; +http://www.bing.com/bingbot.htm)"
221.238.131.250 - - [03/Jul/2017:09:37:59 +0800] "GET / HTTP/1.0" 200 6377 "-" "Wget/1.12 (linux-gnu)"
207.46.13.169 - - [03/Jul/2017:23:45:33 +0800] "GET / HTTP/1.1" 200 6377 "-" "Mozilla/5.0 (compatible; bingbot/2.0; +http://www.bing.com/bingbot.htm)"
139.199.63.33 - - [04/Jul/2017:01:38:50 +0800] "GET / HTTP/1.1" 200 6377 "-" "Mozilla/4.0 (compatible; MSIE 6.1; Windows NT)"
139.199.62.227 - - [04/Jul/2017:01:39:17 +0800] "GET / HTTP/1.1" 200 6377 "http://www.baidu.com/search/spider.htm" "Mozilla/5.0 (compatible; Baiduspider/2.0; +http://www.baidu.com/search/spider.html)"
202.108.211.56 - - [04/Jul/2017:04:12:13 +0800] "GET / HTTP/1.1" 200 6377 "-" "Mozilla/5.0 (X11; Linux x86_64) AppleWebKit/535.21 (KHTML, like Gecko) Chrome/19.0.1042.0 Safari/535.21"
202.108.211.56 - - [04/Jul/2017:05:07:14 +0800] "GET / HTTP/1.1" 200 6377 "-" "Mozilla/5.0 (X11; Linux x86_64) AppleWebKit/535.21 (KHTML, like Gecko) Chrome/19.0.1042.0 Safari/535.21"
207.46.13.169 - - [04/Jul/2017:11:07:11 +0800] "GET / HTTP/1.1" 200 6377 "-" "Mozilla/5.0 (compatible; bingbot/2.0; +http://www.bing.com/bingbot.htm)"
66.249.73.86 - - [04/Jul/2017:17:08:41 +0800] "GET /robots.txt HTTP/1.1" 404 14 "-" "Mozilla/5.0 (compatible; Googlebot/2.1; +http://www.google.com/bot.html)"
66.249.73.84 - - [04/Jul/2017:17:08:42 +0800] "GET /static/js/sha1.min.js HTTP/1.1" 200 4307 "http://www.wuqianlin.cn/blog/001496971572499bf1e5a66380843ae8fbbf41bd567f0e3000" "Mozilla/5.0 (compatible; Googlebot/2.1; +http://www.google.com/bot.html)"
66.249.73.84 - - [04/Jul/2017:17:08:43 +0800] "GET /static/js/awesome.js HTTP/1.1" 200 14598 "http://www.wuqianlin.cn/blog/001496971572499bf1e5a66380843ae8fbbf41bd567f0e3000" "Mozilla/5.0 (compatible; Googlebot/2.1; +http://www.google.com/bot.html)"
66.249.73.82 - - [04/Jul/2017:17:08:43 +0800] "GET /static/css/awesome.css HTTP/1.1" 200 208 "http://www.wuqianlin.cn/blog/001496971572499bf1e5a66380843ae8fbbf41bd567f0e3000" "Mozilla/5.0 (compatible; Googlebot/2.1; +http://www.google.com/bot.html)"
66.249.73.82 - - [04/Jul/2017:17:08:43 +0800] "GET /static/js/sticky.min.js HTTP/1.1" 200 2199 "http://www.wuqianlin.cn/blog/001496971572499bf1e5a66380843ae8fbbf41bd567f0e3000" "Mozilla/5.0 (compatible; Googlebot/2.1; +http://www.google.com/bot.html)"
66.249.73.82 - - [04/Jul/2017:17:08:44 +0800] "GET /static/css/uikit.gradient.min.css HTTP/1.1" 200 78834 "http://www.wuqianlin.cn/blog/001496971572499bf1e5a66380843ae8fbbf41bd567f0e3000" "Mozilla/5.0 (compatible; Googlebot/2.1; +http://www.google.com/bot.html)"
66.249.73.86 - - [04/Jul/2017:17:08:45 +0800] "GET /static/css/uikit.min.css HTTP/1.1" 200 69597 "http://www.wuqianlin.cn/blog/001496971572499bf1e5a66380843ae8fbbf41bd567f0e3000" "Mozilla/5.0 (compatible; Googlebot/2.1; +http://www.google.com/bot.html)"
66.249.73.82 - - [04/Jul/2017:17:08:45 +0800] "GET /static/js/uikit.min.js HTTP/1.1" 200 34277 "http://www.wuqianlin.cn/blog/001496971572499bf1e5a66380843ae8fbbf41bd567f0e3000" "Mozilla/5.0 (compatible; Googlebot/2.1; +http://www.google.com/bot.html)"
66.249.73.82 - - [04/Jul/2017:17:08:46 +0800] "GET /static/js/jquery.min.js HTTP/1.1" 200 93026 "http://www.wuqianlin.cn/blog/001496971572499bf1e5a66380843ae8fbbf41bd567f0e3000" "Mozilla/5.0 (compatible; Googlebot/2.1; +http://www.google.com/bot.html)"
66.249.73.82 - - [04/Jul/2017:17:08:46 +0800] "GET /static/js/vue.min.js HTTP/1.1" 200 56515 "http://www.wuqianlin.cn/blog/001496971572499bf1e5a66380843ae8fbbf41bd567f0e3000" "Mozilla/5.0 (compatible; Googlebot/2.1; +http://www.google.com/bot.html)"
66.249.65.140 - - [04/Jul/2017:17:09:32 +0800] "GET /robots.txt HTTP/1.1" 404 14 "-" "Mozilla/5.0 (compatible; Googlebot/2.1; +http://www.google.com/bot.html)"
66.249.65.138 - - [04/Jul/2017:17:09:33 +0800] "GET /static/js/sticky.min.js HTTP/1.1" 200 2199 "http://www.wuqianlin.com/blog/001496971572499bf1e5a66380843ae8fbbf41bd567f0e3000" "Mozilla/5.0 (compatible; Googlebot/2.1; +http://www.google.com/bot.html)"
66.249.65.142 - - [04/Jul/2017:17:09:33 +0800] "GET /static/js/sha1.min.js HTTP/1.1" 200 4307 "http://www.wuqianlin.com/blog/001496971572499bf1e5a66380843ae8fbbf41bd567f0e3000" "Mozilla/5.0 (compatible; Googlebot/2.1; +http://www.google.com/bot.html)"
66.249.65.138 - - [04/Jul/2017:17:09:33 +0800] "GET /static/js/awesome.js HTTP/1.1" 200 14598 "http://www.wuqianlin.com/blog/001496971572499bf1e5a66380843ae8fbbf41bd567f0e3000" "Mozilla/5.0 (compatible; Googlebot/2.1; +http://www.google.com/bot.html)"
66.249.65.140 - - [04/Jul/2017:17:09:34 +0800] "GET /static/js/uikit.min.js HTTP/1.1" 200 34277 "http://www.wuqianlin.com/blog/001496971572499bf1e5a66380843ae8fbbf41bd567f0e3000" "Mozilla/5.0 (compatible; Googlebot/2.1; +http://www.google.com/bot.html)"
66.249.65.140 - - [04/Jul/2017:17:09:34 +0800] "GET /static/css/awesome.css HTTP/1.1" 200 208 "http://www.wuqianlin.com/blog/001496971572499bf1e5a66380843ae8fbbf41bd567f0e3000" "Mozilla/5.0 (compatible; Googlebot/2.1; +http://www.google.com/bot.html)"
66.249.65.140 - - [04/Jul/2017:17:09:35 +0800] "GET /static/css/uikit.min.css HTTP/1.1" 200 69597 "http://www.wuqianlin.com/blog/001496971572499bf1e5a66380843ae8fbbf41bd567f0e3000" "Mozilla/5.0 (compatible; Googlebot/2.1; +http://www.google.com/bot.html)"
66.249.65.138 - - [04/Jul/2017:17:09:36 +0800] "GET /static/js/jquery.min.js HTTP/1.1" 200 93026 "http://www.wuqianlin.com/blog/001496971572499bf1e5a66380843ae8fbbf41bd567f0e3000" "Mozilla/5.0 (compatible; Googlebot/2.1; +http://www.google.com/bot.html)"
66.249.65.142 - - [04/Jul/2017:17:09:36 +0800] "GET /static/css/uikit.gradient.min.css HTTP/1.1" 200 78834 "http://www.wuqianlin.com/blog/001496971572499bf1e5a66380843ae8fbbf41bd567f0e3000" "Mozilla/5.0 (compatible; Googlebot/2.1; +http://www.google.com/bot.html)"
66.249.65.140 - - [04/Jul/2017:17:09:36 +0800] "GET /static/js/vue.min.js HTTP/1.1" 200 56515 "http://www.wuqianlin.com/blog/001496971572499bf1e5a66380843ae8fbbf41bd567f0e3000" "Mozilla/5.0 (compatible; Googlebot/2.1; +http://www.google.com/bot.html)"
139.199.63.33 - - [04/Jul/2017:17:53:14 +0800] "GET / HTTP/1.1" 200 6377 "-" "Mozilla/4.0 (compatible; MSIE 6.1; Windows NT)"
139.199.62.228 - - [04/Jul/2017:17:53:31 +0800] "GET / HTTP/1.1" 200 6377 "http://www.baidu.com/search/spider.htm" "Mozilla/5.0 (compatible; Baiduspider/2.0; +http://www.baidu.com/search/spider.html)"
140.205.225.205 - - [04/Jul/2017:18:25:34 +0800] "POST /index.php?m=member&c=index&a=register&siteid=1 HTTP/1.1" 404 14 "-" "Mozilla/4.0 (compatible; MSIE 6.0; Windows NT 5.1;Alibaba.Security.Heimdall.6577126.phpcmsv9-register-upload)"
140.205.225.205 - - [04/Jul/2017:18:25:34 +0800] "GET /index.php?m=wap&a=index&siteid=1 HTTP/1.1" 404 14 "-" "Mozilla/4.0 (compatible; MSIE 6.0; Windows NT 5.1;Alibaba.Security.Heimdall.6577126.phpcmsv9-attachment-sql)"
163.177.13.2 - - [04/Jul/2017:18:59:12 +0800] "HEAD / HTTP/1.1" 405 0 "-" "curl/7.19.7 (x86_64-redhat-linux-gnu) libcurl/7.19.7 NSS/3.13.1.0 zlib/1.2.3 libidn/1.18 libssh2/1.2.2"
159.203.163.189 - - [04/Jul/2017:23:27:48 +0800] "HEAD / HTTP/1.1" 405 0 "http://www.netcraft.com/survey/" "Mozilla/4.0 (compatible; Netcraft Web Server Survey)"
158.69.26.144 - - [05/Jul/2017:00:09:44 +0800] "GET / HTTP/1.1" 200 6377 "-" "Mozilla/5.0 (compatible; Dataprovider.com;)"
158.69.26.144 - - [05/Jul/2017:00:09:55 +0800] "GET /robots.txt HTTP/1.1" 404 14 "-" "Mozilla/5.0 (compatible; Dataprovider.com;)"
158.69.26.144 - - [05/Jul/2017:00:09:55 +0800] "GET / HTTP/1.1" 200 6377 "-" "Mozilla/5.0 (compatible; Dataprovider.com;)"
158.69.26.144 - - [05/Jul/2017:00:09:55 +0800] "GET /sitemap.xml HTTP/1.1" 404 14 "-" "Mozilla/5.0 (compatible; Dataprovider.com;)"
158.69.26.144 - - [05/Jul/2017:00:10:00 +0800] "GET /blog/0014974219055647750c8be863e40b098ef458686c7f206000 HTTP/1.1" 200 6212 "-" "Mozilla/5.0 (compatible; Dataprovider.com;)"
158.69.26.144 - - [05/Jul/2017:00:10:03 +0800] "GET /blog/00149751507538778a54e67b8754923a0f1e5933490d927000 HTTP/1.1" 200 8821 "-" "Mozilla/5.0 (compatible; Dataprovider.com;)"
158.69.26.144 - - [05/Jul/2017:00:10:03 +0800] "GET /manage/ HTTP/1.1" 302 10 "-" "Mozilla/5.0 (compatible; Dataprovider.com;)"
158.69.26.144 - - [05/Jul/2017:00:10:14 +0800] "GET /blog/00149688472371223fcb477476a456292f4a58f0c1ed014000 HTTP/1.1" 200 7051 "-" "Mozilla/5.0 (compatible; Dataprovider.com;)"
158.69.26.144 - - [05/Jul/2017:00:10:17 +0800] "GET /read HTTP/1.1" 200 3721 "-" "Mozilla/5.0 (compatible; Dataprovider.com;)"
158.69.26.144 - - [05/Jul/2017:00:10:17 +0800] "GET /ai HTTP/1.1" 200 4077 "-" "Mozilla/5.0 (compatible; Dataprovider.com;)"
158.69.26.144 - - [05/Jul/2017:00:10:31 +0800] "GET /register HTTP/1.1" 200 6410 "-" "Mozilla/5.0 (compatible; Dataprovider.com;)"
158.69.26.144 - - [05/Jul/2017:00:10:34 +0800] "GET /blog/000005 HTTP/1.1" 200 8198 "-" "Mozilla/5.0 (compatible; Dataprovider.com;)"
158.69.26.144 - - [05/Jul/2017:00:10:45 +0800] "GET /blog/001496971572499bf1e5a66380843ae8fbbf41bd567f0e3000 HTTP/1.1" 200 11628 "-" "Mozilla/5.0 (compatible; Dataprovider.com;)"
158.69.26.144 - - [05/Jul/2017:00:10:46 +0800] "GET /blog/0014975225224075731faf1eccb45e596169558b2104d9d000 HTTP/1.1" 200 5452 "-" "Mozilla/5.0 (compatible; Dataprovider.com;)"
158.69.26.144 - - [05/Jul/2017:00:11:09 +0800] "GET / HTTP/1.1" 200 6377 "-" "Mozilla/5.0 (Linux; Android 5.1.1; SM-G925F Build/LMY47X) AppleWebKit/537.36 (KHTML, like Gecko) Chrome/45.0.2454.94 Mobile Safari/537.36"
165.227.79.2 - - [05/Jul/2017:01:10:59 +0800] "HEAD / HTTP/1.1" 405 0 "http://www.netcraft.com/survey/" "Mozilla/4.0 (compatible; Netcraft Web Server Survey)"
157.55.39.12 - - [05/Jul/2017:01:21:29 +0800] "GET /robots.txt HTTP/1.1" 404 14 "-" "Mozilla/5.0 (compatible; bingbot/2.0; +http://www.bing.com/bingbot.htm)"
207.46.13.169 - - [05/Jul/2017:01:21:33 +0800] "GET / HTTP/1.1" 200 6377 "-" "Mozilla/5.0 (compatible; bingbot/2.0; +http://www.bing.com/bingbot.htm)"
140.205.225.197 - - [05/Jul/2017:02:10:24 +0800] "GET / HTTP/1.1" 200 6377 "http://www.wuqianlin.cn/" "Mozilla/4.0 (compatible; MSIE 6.0; Windows NT 5.1;Alibaba.Security.Heimdall.950384.p)"
140.205.225.197 - - [05/Jul/2017:02:10:24 +0800] "GET /admin/images/menu-current-arrow.gif HTTP/1.1" 404 14 "-" "Mozilla/4.0 (compatible; MSIE 6.0; Windows NT 5.1;Alibaba.Security.Heimdall.950384.p)"
140.205.225.197 - - [05/Jul/2017:02:10:24 +0800] "GET /install/images/default/top1_r.jpg HTTP/1.1" 404 14 "-" "Mozilla/4.0 (compatible; MSIE 6.0; Windows NT 5.1;Alibaba.Security.Heimdall.950384.p)"
140.205.225.197 - - [05/Jul/2017:02:10:24 +0800] "GET /images/default/hd_a1.gif HTTP/1.1" 404 14 "-" "Mozilla/4.0 (compatible; MSIE 6.0; Windows NT 5.1;Alibaba.Security.Heimdall.950384.p)"
140.205.225.197 - - [05/Jul/2017:02:10:25 +0800] "GET /upload/200812/20081230023106860.gif HTTP/1.1" 404 14 "-" "Mozilla/4.0 (compatible; MSIE 6.0; Windows NT 5.1;Alibaba.Security.Heimdall.950384.p)"
140.205.225.197 - - [05/Jul/2017:02:10:25 +0800] "GET /Images/Mlogin/Bitmap02.gif HTTP/1.1" 404 14 "-" "Mozilla/4.0 (compatible; MSIE 6.0; Windows NT 5.1;Alibaba.Security.Heimdall.950384.p)"
140.205.225.197 - - [05/Jul/2017:02:10:25 +0800] "GET /admin/image/menu_h4.png HTTP/1.1" 404 14 "-" "Mozilla/4.0 (compatible; MSIE 6.0; Windows NT 5.1;Alibaba.Security.Heimdall.950384.p)"
140.205.225.197 - - [05/Jul/2017:02:10:25 +0800] "GET /images/list_bg.png HTTP/1.1" 404 14 "-" "Mozilla/4.0 (compatible; MSIE 6.0; Windows NT 5.1;Alibaba.Security.Heimdall.950384.p)"
140.205.225.197 - - [05/Jul/2017:02:10:26 +0800] "GET /theme/theme/default/images/bg_bnt_user_base_over.gif HTTP/1.1" 404 14 "-" "Mozilla/4.0 (compatible; MSIE 6.0; Windows NT 5.1;Alibaba.Security.Heimdall.950384.p)"
140.205.225.197 - - [05/Jul/2017:02:10:26 +0800] "GET /lib/images/vtip_arrow.gif HTTP/1.1" 404 14 "-" "Mozilla/4.0 (compatible; MSIE 6.0; Windows NT 5.1;Alibaba.Security.Heimdall.950384.p)"
140.205.225.197 - - [05/Jul/2017:02:10:26 +0800] "GET /dede/img/button_bg1.jpg HTTP/1.1" 404 14 "-" "Mozilla/4.0 (compatible; MSIE 6.0; Windows NT 5.1;Alibaba.Security.Heimdall.950384.p)"
140.205.225.197 - - [05/Jul/2017:02:10:26 +0800] "GET /plus/img/topsearch_submit.gif HTTP/1.1" 404 14 "-" "Mozilla/4.0 (compatible; MSIE 6.0; Windows NT 5.1;Alibaba.Security.Heimdall.950384.p)"
140.205.225.197 - - [05/Jul/2017:02:10:27 +0800] "GET /include/dialog/img/sp_bg.gif HTTP/1.1" 404 14 "-" "Mozilla/4.0 (compatible; MSIE 6.0; Windows NT 5.1;Alibaba.Security.Heimdall.950384.p)"
140.205.225.197 - - [05/Jul/2017:02:10:27 +0800] "GET /images/topbanner_bg.png HTTP/1.1" 404 14 "-" "Mozilla/4.0 (compatible; MSIE 6.0; Windows NT 5.1;Alibaba.Security.Heimdall.950384.p)"
140.205.225.197 - - [05/Jul/2017:02:10:27 +0800] "GET /system/images/lnk/system.gif HTTP/1.1" 404 14 "-" "Mozilla/4.0 (compatible; MSIE 6.0; Windows NT 5.1;Alibaba.Security.Heimdall.950384.p)"
140.205.225.197 - - [05/Jul/2017:02:10:27 +0800] "GET /images/confirm_close.gif HTTP/1.1" 404 14 "-" "Mozilla/4.0 (compatible; MSIE 6.0; Windows NT 5.1;Alibaba.Security.Heimdall.950384.p)"
140.205.225.197 - - [05/Jul/2017:02:10:28 +0800] "GET /user/images/must.gif HTTP/1.1" 404 14 "-" "Mozilla/4.0 (compatible; MSIE 6.0; Windows NT 5.1;Alibaba.Security.Heimdall.950384.p)"
140.205.225.197 - - [05/Jul/2017:02:10:28 +0800] "GET /template/images/li1.gif HTTP/1.1" 404 14 "-" "Mozilla/4.0 (compatible; MSIE 6.0; Windows NT 5.1;Alibaba.Security.Heimdall.950384.p)"
140.205.225.197 - - [05/Jul/2017:02:10:28 +0800] "GET /favicon.ico HTTP/1.1" 200 4286 "-" "Mozilla/4.0 (compatible; MSIE 6.0; Windows NT 5.1;Alibaba.Security.Heimdall.950384.p)"
140.205.225.197 - - [05/Jul/2017:02:10:28 +0800] "GET /images/page_code.png HTTP/1.1" 404 14 "-" "Mozilla/4.0 (compatible; MSIE 6.0; Windows NT 5.1;Alibaba.Security.Heimdall.950384.p)"
140.205.225.197 - - [05/Jul/2017:02:10:29 +0800] "GET /editors/index.html HTTP/1.1" 404 14 "-" "Mozilla/4.0 (compatible; MSIE 6.0; Windows NT 5.1;Alibaba.Security.Heimdall.950384.p)"
140.205.225.197 - - [05/Jul/2017:02:10:29 +0800] "GET /images/samples/4_small.jpg HTTP/1.1" 404 14 "-" "Mozilla/4.0 (compatible; MSIE 6.0; Windows NT 5.1;Alibaba.Security.Heimdall.950384.p)"
140.205.225.197 - - [05/Jul/2017:02:10:29 +0800] "GET /includes/templates/classic/images/stars_5.gif HTTP/1.1" 404 14 "-" "Mozilla/4.0 (compatible; MSIE 6.0; Windows NT 5.1;Alibaba.Security.Heimdall.950384.p)"
140.205.225.197 - - [05/Jul/2017:02:10:30 +0800] "GET /includes/templates/template_default/images/always-free-shipping.gif HTTP/1.1" 404 14 "-" "Mozilla/4.0 (compatible; MSIE 6.0; Windows NT 5.1;Alibaba.Security.Heimdall.950384.p)"
140.205.225.197 - - [05/Jul/2017:02:10:30 +0800] "GET /includes/templates/template_default/buttons/english/button_tell_a_friend.gif HTTP/1.1" 404 14 "-" "Mozilla/4.0 (compatible; MSIE 6.0; Windows NT 5.1;Alibaba.Security.Heimdall.950384.p)"
140.205.225.197 - - [05/Jul/2017:02:10:30 +0800] "GET /images/zttit02.png HTTP/1.1" 404 14 "-" "Mozilla/4.0 (compatible; MSIE 6.0; Windows NT 5.1;Alibaba.Security.Heimdall.950384.p)"
140.205.225.197 - - [05/Jul/2017:02:10:30 +0800] "GET /Admin/Images/GoogleSiteMaplogo.gif HTTP/1.1" 404 14 "-" "Mozilla/4.0 (compatible; MSIE 6.0; Windows NT 5.1;Alibaba.Security.Heimdall.950384.p)"
140.205.225.197 - - [05/Jul/2017:02:10:31 +0800] "GET /template/user/images/manage_r2_c18.jpg HTTP/1.1" 404 14 "-" "Mozilla/4.0 (compatible; MSIE 6.0; Windows NT 5.1;Alibaba.Security.Heimdall.950384.p)"
140.205.225.197 - - [05/Jul/2017:02:10:31 +0800] "GET /admin/images/admintitlebg.gif HTTP/1.1" 404 14 "-" "Mozilla/4.0 (compatible; MSIE 6.0; Windows NT 5.1;Alibaba.Security.Heimdall.950384.p)"
140.205.225.197 - - [05/Jul/2017:02:10:31 +0800] "GET /images/gengtie.jpg HTTP/1.1" 404 14 "-" "Mozilla/4.0 (compatible; MSIE 6.0; Windows NT 5.1;Alibaba.Security.Heimdall.950384.p)"
140.205.225.197 - - [05/Jul/2017:02:10:31 +0800] "GET /core/themes/stable/images/core/menu-collapsed-rtl.png HTTP/1.1" 404 14 "-" "Mozilla/4.0 (compatible; MSIE 6.0; Windows NT 5.1;Alibaba.Security.Heimdall.950384.p)"
140.205.225.197 - - [05/Jul/2017:02:10:32 +0800] "GET /misc/menu-expanded.png HTTP/1.1" 404 14 "-" "Mozilla/4.0 (compatible; MSIE 6.0; Windows NT 5.1;Alibaba.Security.Heimdall.950384.p)"
140.205.225.197 - - [05/Jul/2017:02:10:32 +0800] "GET /Admin/Images/icon_lpdhjl.png HTTP/1.1" 404 14 "-" "Mozilla/4.0 (compatible; MSIE 6.0; Windows NT 5.1;Alibaba.Security.Heimdall.950384.p)"
140.205.225.197 - - [05/Jul/2017:02:10:32 +0800] "GET /store/Images/hdfk.gif HTTP/1.1" 404 14 "-" "Mozilla/4.0 (compatible; MSIE 6.0; Windows NT 5.1;Alibaba.Security.Heimdall.950384.p)"
140.205.225.197 - - [05/Jul/2017:02:10:32 +0800] "GET /skins/doccms_model_1/images/bg_contact_a.png HTTP/1.1" 404 14 "-" "Mozilla/4.0 (compatible; MSIE 6.0; Windows NT 5.1;Alibaba.Security.Heimdall.950384.p)"
140.205.225.197 - - [05/Jul/2017:02:10:33 +0800] "GET /admini/images/s_managehtml/icon_refresh.png HTTP/1.1" 404 14 "-" "Mozilla/4.0 (compatible; MSIE 6.0; Windows NT 5.1;Alibaba.Security.Heimdall.950384.p)"
140.205.225.197 - - [05/Jul/2017:02:10:33 +0800] "GET /Admin/Images/Icon-Nav-Close-over.gif HTTP/1.1" 404 14 "-" "Mozilla/4.0 (compatible; MSIE 6.0; Windows NT 5.1;Alibaba.Security.Heimdall.950384.p)"
140.205.225.197 - - [05/Jul/2017:02:10:33 +0800] "GET /images/menu_righttop.gif HTTP/1.1" 404 14 "-" "Mozilla/4.0 (compatible; MSIE 6.0; Windows NT 5.1;Alibaba.Security.Heimdall.950384.p)"
140.205.225.197 - - [05/Jul/2017:02:10:33 +0800] "GET /app/resource/images/coupon-hd-bg.png HTTP/1.1" 404 14 "-" "Mozilla/4.0 (compatible; MSIE 6.0; Windows NT 5.1;Alibaba.Security.Heimdall.950384.p)"
140.205.225.197 - - [05/Jul/2017:02:10:34 +0800] "GET /web/resource/images/bg_repno.gif HTTP/1.1" 404 14 "-" "Mozilla/4.0 (compatible; MSIE 6.0; Windows NT 5.1;Alibaba.Security.Heimdall.950384.p)"
140.205.225.197 - - [05/Jul/2017:02:10:34 +0800] "GET /resource/image/bg_repno.gif HTTP/1.1" 404 14 "-" "Mozilla/4.0 (compatible; MSIE 6.0; Windows NT 5.1;Alibaba.Security.Heimdall.950384.p)"
140.205.225.197 - - [05/Jul/2017:02:10:34 +0800] "GET /admin/images/abg2.png HTTP/1.1" 404 14 "-" "Mozilla/4.0 (compatible; MSIE 6.0; Windows NT 5.1;Alibaba.Security.Heimdall.950384.p)"
140.205.225.197 - - [05/Jul/2017:02:10:35 +0800] "GET /face/5.gif HTTP/1.1" 404 14 "-" "Mozilla/4.0 (compatible; MSIE 6.0; Windows NT 5.1;Alibaba.Security.Heimdall.950384.p)"
140.205.225.197 - - [05/Jul/2017:02:10:35 +0800] "GET /xin/btn_regis.gif HTTP/1.1" 404 14 "-" "Mozilla/4.0 (compatible; MSIE 6.0; Windows NT 5.1;Alibaba.Security.Heimdall.950384.p)"
140.205.225.197 - - [05/Jul/2017:02:10:35 +0800] "GET /global/banklist_hnapay.jpg HTTP/1.1" 404 14 "-" "Mozilla/4.0 (compatible; MSIE 6.0; Windows NT 5.1;Alibaba.Security.Heimdall.950384.p)"
140.205.225.197 - - [05/Jul/2017:02:10:35 +0800] "GET /Public/lottery/roulette/images/b0-2.jpg HTTP/1.1" 404 14 "-" "Mozilla/4.0 (compatible; MSIE 6.0; Windows NT 5.1;Alibaba.Security.Heimdall.950384.p)"
140.205.225.197 - - [05/Jul/2017:02:10:36 +0800] "GET /m/_/images/fileicon/jpg.png HTTP/1.1" 404 14 "-" "Mozilla/4.0 (compatible; MSIE 6.0; Windows NT 5.1;Alibaba.Security.Heimdall.950384.p)"
140.205.225.197 - - [05/Jul/2017:02:10:36 +0800] "GET /system/images/tab_17.gif HTTP/1.1" 404 14 "-" "Mozilla/4.0 (compatible; MSIE 6.0; Windows NT 5.1;Alibaba.Security.Heimdall.950384.p)"
140.205.225.197 - - [05/Jul/2017:02:10:36 +0800] "GET /admin/images/tab_17.gif HTTP/1.1" 404 14 "-" "Mozilla/4.0 (compatible; MSIE 6.0; Windows NT 5.1;Alibaba.Security.Heimdall.950384.p)"
140.205.225.197 - - [05/Jul/2017:02:10:36 +0800] "GET /admin/images/top_tt_bg.gif HTTP/1.1" 404 14 "-" "Mozilla/4.0 (compatible; MSIE 6.0; Windows NT 5.1;Alibaba.Security.Heimdall.950384.p)"
140.205.225.197 - - [05/Jul/2017:02:10:37 +0800] "GET /Public/img/fotorama.png HTTP/1.1" 404 14 "-" "Mozilla/4.0 (compatible; MSIE 6.0; Windows NT 5.1;Alibaba.Security.Heimdall.950384.p)"
140.205.225.197 - - [05/Jul/2017:02:10:37 +0800] "GET /data/system/kaixin001.gif HTTP/1.1" 404 14 "-" "Mozilla/4.0 (compatible; MSIE 6.0; Windows NT 5.1;Alibaba.Security.Heimdall.950384.p)"
140.205.225.197 - - [05/Jul/2017:02:10:37 +0800] "GET /data/captcha/gif/Small_Fonts/3.gif HTTP/1.1" 404 14 "-" "Mozilla/4.0 (compatible; MSIE 6.0; Windows NT 5.1;Alibaba.Security.Heimdall.950384.p)"
140.205.225.197 - - [05/Jul/2017:02:10:37 +0800] "GET /inc_img/vote/vote2_1.gif HTTP/1.1" 404 14 "-" "Mozilla/4.0 (compatible; MSIE 6.0; Windows NT 5.1;Alibaba.Security.Heimdall.950384.p)"
140.205.225.197 - - [05/Jul/2017:02:10:38 +0800] "GET /admin/images/login/login_submit.gif HTTP/1.1" 404 14 "-" "Mozilla/4.0 (compatible; MSIE 6.0; Windows NT 5.1;Alibaba.Security.Heimdall.950384.p)"
140.205.225.197 - - [05/Jul/2017:02:10:38 +0800] "GET /i5808/images/menu_reduce.gif HTTP/1.1" 404 14 "-" "Mozilla/4.0 (compatible; MSIE 6.0; Windows NT 5.1;Alibaba.Security.Heimdall.950384.p)"
140.205.225.197 - - [05/Jul/2017:02:10:38 +0800] "GET /skins/images/ico_catalogue.png HTTP/1.1" 404 14 "-" "Mozilla/4.0 (compatible; MSIE 6.0; Windows NT 5.1;Alibaba.Security.Heimdall.950384.p)"
140.205.225.197 - - [05/Jul/2017:02:10:38 +0800] "GET /images/logout1.png HTTP/1.1" 404 14 "-" "Mozilla/4.0 (compatible; MSIE 6.0; Windows NT 5.1;Alibaba.Security.Heimdall.950384.p)"
140.205.225.197 - - [05/Jul/2017:02:10:39 +0800] "GET /forum/images/logout1.png HTTP/1.1" 404 14 "-" "Mozilla/4.0 (compatible; MSIE 6.0; Windows NT 5.1;Alibaba.Security.Heimdall.950384.p)"
140.205.225.197 - - [05/Jul/2017:02:10:39 +0800] "GET /console/images/bg11.jpg HTTP/1.1" 404 14 "-" "Mozilla/4.0 (compatible; MSIE 6.0; Windows NT 5.1;Alibaba.Security.Heimdall.950384.p)"
140.205.225.197 - - [05/Jul/2017:02:10:39 +0800] "GET /console/images/login.gif HTTP/1.1" 404 14 "-" "Mozilla/4.0 (compatible; MSIE 6.0; Windows NT 5.1;Alibaba.Security.Heimdall.950384.p)"
140.205.225.197 - - [05/Jul/2017:02:10:40 +0800] "GET /images/common/online_admin.gif HTTP/1.1" 404 14 "-" "Mozilla/4.0 (compatible; MSIE 6.0; Windows NT 5.1;Alibaba.Security.Heimdall.950384.p)"
140.205.225.197 - - [05/Jul/2017:02:10:40 +0800] "GET /images/rank/soso.gif HTTP/1.1" 404 14 "-" "Mozilla/4.0 (compatible; MSIE 6.0; Windows NT 5.1;Alibaba.Security.Heimdall.950384.p)"
140.205.225.197 - - [05/Jul/2017:02:10:40 +0800] "GET /Admincp/images/login_r2_c2_r1_c4.jpg HTTP/1.1" 404 14 "-" "Mozilla/4.0 (compatible; MSIE 6.0; Windows NT 5.1;Alibaba.Security.Heimdall.950384.p)"
140.205.225.197 - - [05/Jul/2017:02:10:40 +0800] "GET /statics/delivertitle.gif HTTP/1.1" 404 14 "-" "Mozilla/4.0 (compatible; MSIE 6.0; Windows NT 5.1;Alibaba.Security.Heimdall.950384.p)"
140.205.225.197 - - [05/Jul/2017:02:10:41 +0800] "GET /images/default/shopexstorelogo.jpg HTTP/1.1" 404 14 "-" "Mozilla/4.0 (compatible; MSIE 6.0; Windows NT 5.1;Alibaba.Security.Heimdall.950384.p)"
140.205.225.197 - - [05/Jul/2017:02:10:41 +0800] "GET /admin/images/netgather_com.gif HTTP/1.1" 404 14 "-" "Mozilla/4.0 (compatible; MSIE 6.0; Windows NT 5.1;Alibaba.Security.Heimdall.950384.p)"
140.205.225.197 - - [05/Jul/2017:02:10:41 +0800] "GET /cn/images/banner_page_bg.gif HTTP/1.1" 404 14 "-" "Mozilla/4.0 (compatible; MSIE 6.0; Windows NT 5.1;Alibaba.Security.Heimdall.950384.p)"
140.205.225.197 - - [05/Jul/2017:02:10:41 +0800] "GET /static/image/common/addicn.gif HTTP/1.1" 404 571 "-" "Mozilla/4.0 (compatible; MSIE 6.0; Windows NT 5.1;Alibaba.Security.Heimdall.950384.p)"
140.205.225.197 - - [05/Jul/2017:02:10:42 +0800] "GET /static/space/t1/images/title.png HTTP/1.1" 404 571 "-" "Mozilla/4.0 (compatible; MSIE 6.0; Windows NT 5.1;Alibaba.Security.Heimdall.950384.p)"
