140.205.201.31 - - [05/Jul/2017:09:08:03 +0800] "GET /celive/admin/live/loading.gif HTTP/1.1" 404 14 "-" "Mozilla/4.0 (compatible; MSIE 6.0; Windows NT 5.1;Alibaba.Security.Heimdall.950384.p)"
140.205.201.31 - - [05/Jul/2017:09:08:04 +0800] "GET /views/admin/images/arrowhead-y.png HTTP/1.1" 404 14 "-" "Mozilla/4.0 (compatible; MSIE 6.0; Windows NT 5.1;Alibaba.Security.Heimdall.950384.p)"
140.205.201.31 - - [05/Jul/2017:09:08:04 +0800] "GET /extensions/kindeditor/themes/default/default.png) HTTP/1.1" 404 14 "-" "Mozilla/4.0 (compatible; MSIE 6.0; Windows NT 5.1;Alibaba.Security.Heimdall.950384.p)"
140.205.201.31 - - [05/Jul/2017:09:08:04 +0800] "GET /style/default/hdwiki.css HTTP/1.1" 404 14 "-" "Mozilla/4.0 (compatible; MSIE 6.0; Windows NT 5.1;Alibaba.Security.Heimdall.950384.p)"
140.205.201.31 - - [05/Jul/2017:09:08:04 +0800] "GET /style/default/fujian_top_bg.jpg HTTP/1.1" 404 14 "-" "Mozilla/4.0 (compatible; MSIE 6.0; Windows NT 5.1;Alibaba.Security.Heimdall.950384.p)"
140.205.201.31 - - [05/Jul/2017:09:08:05 +0800] "GET /style/default/index_login_bg.jpg HTTP/1.1" 404 14 "-" "Mozilla/4.0 (compatible; MSIE 6.0; Windows NT 5.1;Alibaba.Security.Heimdall.950384.p)"
140.205.201.31 - - [05/Jul/2017:09:08:05 +0800] "GET /style/default/style/bg_title.jpg HTTP/1.1" 404 14 "-" "Mozilla/4.0 (compatible; MSIE 6.0; Windows NT 5.1;Alibaba.Security.Heimdall.950384.p)"
140.205.201.31 - - [05/Jul/2017:09:08:05 +0800] "GET /style/default/login_bg.jpg HTTP/1.1" 404 14 "-" "Mozilla/4.0 (compatible; MSIE 6.0; Windows NT 5.1;Alibaba.Security.Heimdall.950384.p)"
140.205.201.31 - - [05/Jul/2017:09:08:06 +0800] "GET /CN/nite/images/title.gif HTTP/1.1" 404 14 "-" "Mozilla/4.0 (compatible; MSIE 6.0; Windows NT 5.1;Alibaba.Security.Heimdall.950384.p)"
140.205.201.31 - - [05/Jul/2017:09:08:06 +0800] "GET /Images/dialog_closebtn_over.gif HTTP/1.1" 404 14 "-" "Mozilla/4.0 (compatible; MSIE 6.0; Windows NT 5.1;Alibaba.Security.Heimdall.950384.p)"
140.205.201.31 - - [05/Jul/2017:09:08:06 +0800] "GET /App_Themes/AdminDefaultTheme/DateTheme/bgteuw.jpg HTTP/1.1" 404 14 "-" "Mozilla/4.0 (compatible; MSIE 6.0; Windows NT 5.1;Alibaba.Security.Heimdall.950384.p)"
140.205.201.31 - - [05/Jul/2017:09:08:06 +0800] "GET /Images/Microblog/dialog_rt.gif HTTP/1.1" 404 14 "-" "Mozilla/4.0 (compatible; MSIE 6.0; Windows NT 5.1;Alibaba.Security.Heimdall.950384.p)"
140.205.201.31 - - [05/Jul/2017:09:08:07 +0800] "GET /admin/images/li_4.gif HTTP/1.1" 404 14 "-" "Mozilla/4.0 (compatible; MSIE 6.0; Windows NT 5.1;Alibaba.Security.Heimdall.950384.p)"
140.205.201.31 - - [05/Jul/2017:09:08:07 +0800] "GET /images/default/listico.gif HTTP/1.1" 404 14 "-" "Mozilla/4.0 (compatible; MSIE 6.0; Windows NT 5.1;Alibaba.Security.Heimdall.950384.p)"
140.205.201.31 - - [05/Jul/2017:09:08:07 +0800] "GET /images/default/images/button_plain_hover.png HTTP/1.1" 404 14 "-" "Mozilla/4.0 (compatible; MSIE 6.0; Windows NT 5.1;Alibaba.Security.Heimdall.950384.p)"
140.205.201.31 - - [05/Jul/2017:09:08:07 +0800] "GET /admin/tpl/images/welcome_h1.gif HTTP/1.1" 404 14 "-" "Mozilla/4.0 (compatible; MSIE 6.0; Windows NT 5.1;Alibaba.Security.Heimdall.950384.p)"
140.205.201.31 - - [05/Jul/2017:09:08:08 +0800] "GET /admin/images/bg-pay-return-success.gif HTTP/1.1" 404 14 "-" "Mozilla/4.0 (compatible; MSIE 6.0; Windows NT 5.1;Alibaba.Security.Heimdall.950384.p)"
140.205.201.31 - - [05/Jul/2017:09:08:08 +0800] "GET /template/default/images/ad_scroll_forward.png HTTP/1.1" 404 14 "-" "Mozilla/4.0 (compatible; MSIE 6.0; Windows NT 5.1;Alibaba.Security.Heimdall.950384.p)"
140.205.201.31 - - [05/Jul/2017:09:08:08 +0800] "GET /adfile/ad9.js HTTP/1.1" 404 14 "-" "Mozilla/4.0 (compatible; MSIE 6.0; Windows NT 5.1;Alibaba.Security.Heimdall.950384.p)"
140.205.201.31 - - [05/Jul/2017:09:08:08 +0800] "GET /admin/images/login_06.jpg HTTP/1.1" 404 14 "-" "Mozilla/4.0 (compatible; MSIE 6.0; Windows NT 5.1;Alibaba.Security.Heimdall.950384.p)"
140.205.201.31 - - [05/Jul/2017:09:08:09 +0800] "GET /extmail/default/images/lastpg.d.gif HTTP/1.1" 404 14 "-" "Mozilla/4.0 (compatible; MSIE 6.0; Windows NT 5.1;Alibaba.Security.Heimdall.950384.p)"
140.205.201.31 - - [05/Jul/2017:09:08:09 +0800] "GET /admin/view/image/flags/wales.png HTTP/1.1" 404 14 "-" "Mozilla/4.0 (compatible; MSIE 6.0; Windows NT 5.1;Alibaba.Security.Heimdall.950384.p)"
140.205.201.31 - - [05/Jul/2017:09:08:09 +0800] "GET /admin/view/image/checkmark.png HTTP/1.1" 404 14 "-" "Mozilla/4.0 (compatible; MSIE 6.0; Windows NT 5.1;Alibaba.Security.Heimdall.950384.p)"
140.205.201.31 - - [05/Jul/2017:09:08:09 +0800] "GET /adminsoft/templates/images/bullet_blue.gif HTTP/1.1" 404 14 "-" "Mozilla/4.0 (compatible; MSIE 6.0; Windows NT 5.1;Alibaba.Security.Heimdall.950384.p)"
140.205.201.31 - - [05/Jul/2017:09:08:10 +0800] "GET /public/plug/shipplug/exp04.jpg HTTP/1.1" 404 14 "-" "Mozilla/4.0 (compatible; MSIE 6.0; Windows NT 5.1;Alibaba.Security.Heimdall.950384.p)"
140.205.201.31 - - [05/Jul/2017:09:08:10 +0800] "GET /images/admin/logo.gif HTTP/1.1" 404 14 "-" "Mozilla/4.0 (compatible; MSIE 6.0; Windows NT 5.1;Alibaba.Security.Heimdall.950384.p)"
140.205.201.31 - - [05/Jul/2017:09:08:10 +0800] "GET /images/admin/sprites.png HTTP/1.1" 404 14 "-" "Mozilla/4.0 (compatible; MSIE 6.0; Windows NT 5.1;Alibaba.Security.Heimdall.950384.p)"
140.205.201.31 - - [05/Jul/2017:09:08:10 +0800] "GET /ACT_inc/ItemBg.gif HTTP/1.1" 404 14 "-" "Mozilla/4.0 (compatible; MSIE 6.0; Windows NT 5.1;Alibaba.Security.Heimdall.950384.p)"
140.205.201.31 - - [05/Jul/2017:09:08:11 +0800] "GET /ACT_inc/share/minusbottom.gif HTTP/1.1" 404 14 "-" "Mozilla/4.0 (compatible; MSIE 6.0; Windows NT 5.1;Alibaba.Security.Heimdall.950384.p)"
140.205.201.31 - - [05/Jul/2017:09:08:11 +0800] "GET /Admin/Images/bg_admin.jpg HTTP/1.1" 404 14 "-" "Mozilla/4.0 (compatible; MSIE 6.0; Windows NT 5.1;Alibaba.Security.Heimdall.950384.p)"
140.205.201.31 - - [05/Jul/2017:09:08:11 +0800] "GET /images/act_1.gif HTTP/1.1" 404 14 "-" "Mozilla/4.0 (compatible; MSIE 6.0; Windows NT 5.1;Alibaba.Security.Heimdall.950384.p)"
140.205.201.31 - - [05/Jul/2017:09:08:12 +0800] "GET /images/reg.gif HTTP/1.1" 404 14 "-" "Mozilla/4.0 (compatible; MSIE 6.0; Windows NT 5.1;Alibaba.Security.Heimdall.950384.p)"
139.199.63.33 - - [05/Jul/2017:10:18:19 +0800] "GET / HTTP/1.1" 200 6377 "-" "Mozilla/4.0 (compatible; MSIE 6.1; Windows NT)"
139.199.62.228 - - [05/Jul/2017:10:18:42 +0800] "GET / HTTP/1.1" 200 6377 "http://www.baidu.com/search/spider.htm" "Mozilla/5.0 (compatible; Baiduspider/2.0; +http://www.baidu.com/search/spider.html)"
207.46.13.169 - - [05/Jul/2017:11:33:59 +0800] "GET / HTTP/1.1" 200 6377 "-" "Mozilla/5.0 (compatible; bingbot/2.0; +http://www.bing.com/bingbot.htm)"
162.242.156.106 - - [05/Jul/2017:16:57:09 +0800] "GET / HTTP/1.1" 200 6377 "http://wuqianlin.com/" "Mozilla/5.0 (Windows NT 6.1; WOW64) AppleWebKit/534.24 (KHTML, like Gecko) Chrome/11.0.696.71 Safari/534.24"
202.108.211.56 - - [05/Jul/2017:18:49:29 +0800] "GET / HTTP/1.1" 200 6377 "-" "Mozilla/5.0 (X11; Linux x86_64) AppleWebKit/535.21 (KHTML, like Gecko) Chrome/19.0.1042.0 Safari/535.21"
202.108.211.56 - - [06/Jul/2017:01:30:58 +0800] "GET / HTTP/1.1" 200 6377 "-" "Mozilla/5.0 (X11; Linux x86_64) AppleWebKit/535.21 (KHTML, like Gecko) Chrome/19.0.1042.0 Safari/535.21"
202.108.211.56 - - [06/Jul/2017:01:33:10 +0800] "GET / HTTP/1.1" 200 6377 "-" "Mozilla/5.0 (X11; Linux x86_64) AppleWebKit/535.21 (KHTML, like Gecko) Chrome/19.0.1042.0 Safari/535.21"
202.108.211.56 - - [06/Jul/2017:02:16:49 +0800] "GET / HTTP/1.1" 200 6377 "-" "Mozilla/5.0 (X11; Linux x86_64) AppleWebKit/535.21 (KHTML, like Gecko) Chrome/19.0.1042.0 Safari/535.21"
207.46.13.169 - - [06/Jul/2017:02:44:31 +0800] "GET / HTTP/1.1" 200 6377 "-" "Mozilla/5.0 (compatible; bingbot/2.0; +http://www.bing.com/bingbot.htm)"
139.199.63.33 - - [06/Jul/2017:03:29:07 +0800] "GET / HTTP/1.1" 200 6377 "-" "Mozilla/4.0 (compatible; MSIE 6.1; Windows NT)"
139.199.62.228 - - [06/Jul/2017:03:29:13 +0800] "GET / HTTP/1.1" 200 6377 "http://www.baidu.com/search/spider.htm" "Mozilla/5.0 (compatible; Baiduspider/2.0; +http://www.baidu.com/search/spider.html)"
163.177.13.2 - - [06/Jul/2017:07:18:35 +0800] "HEAD / HTTP/1.1" 405 0 "-" "curl/7.19.7 (x86_64-redhat-linux-gnu) libcurl/7.19.7 NSS/3.13.1.0 zlib/1.2.3 libidn/1.18 libssh2/1.2.2"
163.177.13.2 - - [06/Jul/2017:11:22:29 +0800] "HEAD / HTTP/1.1" 405 0 "-" "curl/7.19.7 (x86_64-redhat-linux-gnu) libcurl/7.19.7 NSS/3.13.1.0 zlib/1.2.3 libidn/1.18 libssh2/1.2.2"
40.77.167.18 - - [06/Jul/2017:14:05:12 +0800] "GET / HTTP/1.1" 200 6377 "-" "Mozilla/5.0 (compatible; bingbot/2.0; +http://www.bing.com/bingbot.htm)"
139.199.63.33 - - [06/Jul/2017:19:40:51 +0800] "GET / HTTP/1.1" 200 6377 "-" "Mozilla/4.0 (compatible; MSIE 6.1; Windows NT)"
139.199.62.227 - - [06/Jul/2017:19:40:54 +0800] "GET / HTTP/1.1" 200 6377 "http://www.baidu.com/search/spider.htm" "Mozilla/5.0 (compatible; Baiduspider/2.0; +http://www.baidu.com/search/spider.html)"
202.108.211.56 - - [06/Jul/2017:23:10:51 +0800] "GET / HTTP/1.1" 200 6377 "-" "Mozilla/5.0 (X11; Linux x86_64) AppleWebKit/535.21 (KHTML, like Gecko) Chrome/19.0.1042.0 Safari/535.21"
221.238.131.250 - - [06/Jul/2017:23:28:48 +0800] "GET / HTTP/1.0" 200 6377 "-" "Wget/1.12 (linux-gnu)"
221.238.131.250 - - [06/Jul/2017:23:28:51 +0800] "GET / HTTP/1.0" 200 6377 "-" "Wget/1.12 (linux-gnu)"
202.108.211.56 - - [07/Jul/2017:01:53:55 +0800] "GET / HTTP/1.1" 200 6377 "-" "Mozilla/5.0 (X11; Linux x86_64) AppleWebKit/535.21 (KHTML, like Gecko) Chrome/19.0.1042.0 Safari/535.21"
138.197.104.122 - - [07/Jul/2017:02:22:10 +0800] "GET / HTTP/1.0" 200 6377 "-" "Mozilla/5.0 (compatible; NetcraftSurveyAgent/1.0; +info@netcraft.com)"
38.100.21.62 - - [07/Jul/2017:02:27:25 +0800] "GET / HTTP/1.1" 200 6377 "-" "Mozilla/4.0 (compatible; MSIE 7.0; Windows NT 5.2)"
38.100.21.62 - - [07/Jul/2017:02:27:26 +0800] "GET /signin HTTP/1.1" 200 2785 "-" "Mozilla/4.0 (compatible; MSIE 7.0; Windows NT 5.2)"
38.100.21.62 - - [07/Jul/2017:02:27:27 +0800] "GET /blog/00149751507538778a54e67b8754923a0f1e5933490d927000 HTTP/1.1" 200 8821 "-" "Mozilla/4.0 (compatible; MSIE 7.0; Windows NT 5.2)"
38.100.21.62 - - [07/Jul/2017:02:27:28 +0800] "GET /blog/0014975225224075731faf1eccb45e596169558b2104d9d000 HTTP/1.1" 200 5452 "-" "Mozilla/4.0 (compatible; MSIE 7.0; Windows NT 5.2)"
38.100.21.62 - - [07/Jul/2017:02:27:29 +0800] "GET /python HTTP/1.1" 200 4477 "-" "Mozilla/4.0 (compatible; MSIE 7.0; Windows NT 5.2)"
38.100.21.62 - - [07/Jul/2017:02:27:29 +0800] "GET /static/css/uikit.min.css HTTP/1.1" 200 69597 "-" "Mozilla/4.0 (compatible; MSIE 7.0; Windows NT 5.2)"
38.100.21.62 - - [07/Jul/2017:02:27:31 +0800] "GET /manage/ HTTP/1.1" 302 10 "-" "Mozilla/4.0 (compatible; MSIE 7.0; Windows NT 5.2)"
38.100.21.62 - - [07/Jul/2017:02:27:32 +0800] "GET /blog/000005 HTTP/1.1" 200 8198 "-" "Mozilla/4.0 (compatible; MSIE 7.0; Windows NT 5.2)"
38.100.21.62 - - [07/Jul/2017:02:27:33 +0800] "GET /read HTTP/1.1" 200 3721 "-" "Mozilla/4.0 (compatible; MSIE 7.0; Windows NT 5.2)"
38.100.21.62 - - [07/Jul/2017:02:27:33 +0800] "GET /ai HTTP/1.1" 200 4077 "-" "Mozilla/4.0 (compatible; MSIE 7.0; Windows NT 5.2)"
38.100.21.62 - - [07/Jul/2017:02:27:35 +0800] "GET /register HTTP/1.1" 200 6410 "-" "Mozilla/4.0 (compatible; MSIE 7.0; Windows NT 5.2)"
157.55.39.22 - - [07/Jul/2017:05:12:54 +0800] "GET /robots.txt HTTP/1.1" 404 14 "-" "Mozilla/5.0 (compatible; bingbot/2.0; +http://www.bing.com/bingbot.htm)"
40.77.167.63 - - [07/Jul/2017:05:13:15 +0800] "GET / HTTP/1.1" 200 6377 "-" "Mozilla/5.0 (compatible; bingbot/2.0; +http://www.bing.com/bingbot.htm)"
66.249.70.4 - - [07/Jul/2017:09:10:40 +0800] "GET /robots.txt HTTP/1.1" 404 14 "-" "Mozilla/5.0 (compatible; Googlebot/2.1; +http://www.google.com/bot.html)"
66.249.70.1 - - [07/Jul/2017:09:10:41 +0800] "GET /blog/001497883597918d74097b0fac44cf18cecc7d5ba6352c1000 HTTP/1.1" 200 6178 "-" "Mozilla/5.0 (compatible; Googlebot/2.1; +http://www.google.com/bot.html)"
40.77.167.63 - - [07/Jul/2017:09:17:45 +0800] "GET / HTTP/1.1" 200 6377 "-" "Mozilla/5.0 (compatible; bingbot/2.0; +http://www.bing.com/bingbot.htm)"
222.209.92.252 - - [07/Jul/2017:09:25:38 +0800] "GET / HTTP/1.1" 200 6377 "-" "Mozilla/5.0 (Macintosh; Intel Mac OS X 10_12_5) AppleWebKit/537.36 (KHTML, like Gecko) Chrome/58.0.3029.110 Safari/537.36"
222.209.92.252 - - [07/Jul/2017:09:25:38 +0800] "GET /static/js/jquery.min.js HTTP/1.1" 304 0 "http://www.wuqianlin.com/" "Mozilla/5.0 (Macintosh; Intel Mac OS X 10_12_5) AppleWebKit/537.36 (KHTML, like Gecko) Chrome/58.0.3029.110 Safari/537.36"
222.209.92.252 - - [07/Jul/2017:09:25:38 +0800] "GET /static/css/uikit.min.css HTTP/1.1" 304 0 "http://www.wuqianlin.com/" "Mozilla/5.0 (Macintosh; Intel Mac OS X 10_12_5) AppleWebKit/537.36 (KHTML, like Gecko) Chrome/58.0.3029.110 Safari/537.36"
222.209.92.252 - - [07/Jul/2017:09:25:38 +0800] "GET /static/css/uikit.gradient.min.css HTTP/1.1" 304 0 "http://www.wuqianlin.com/" "Mozilla/5.0 (Macintosh; Intel Mac OS X 10_12_5) AppleWebKit/537.36 (KHTML, like Gecko) Chrome/58.0.3029.110 Safari/537.36"
222.209.92.252 - - [07/Jul/2017:09:25:38 +0800] "GET /static/js/sha1.min.js HTTP/1.1" 304 0 "http://www.wuqianlin.com/" "Mozilla/5.0 (Macintosh; Intel Mac OS X 10_12_5) AppleWebKit/537.36 (KHTML, like Gecko) Chrome/58.0.3029.110 Safari/537.36"
222.209.92.252 - - [07/Jul/2017:09:25:38 +0800] "GET /static/css/awesome.css HTTP/1.1" 304 0 "http://www.wuqianlin.com/" "Mozilla/5.0 (Macintosh; Intel Mac OS X 10_12_5) AppleWebKit/537.36 (KHTML, like Gecko) Chrome/58.0.3029.110 Safari/537.36"
222.209.92.252 - - [07/Jul/2017:09:25:38 +0800] "GET /static/js/uikit.min.js HTTP/1.1" 304 0 "http://www.wuqianlin.com/" "Mozilla/5.0 (Macintosh; Intel Mac OS X 10_12_5) AppleWebKit/537.36 (KHTML, like Gecko) Chrome/58.0.3029.110 Safari/537.36"
222.209.92.252 - - [07/Jul/2017:09:25:38 +0800] "GET /static/js/sticky.min.js HTTP/1.1" 304 0 "http://www.wuqianlin.com/" "Mozilla/5.0 (Macintosh; Intel Mac OS X 10_12_5) AppleWebKit/537.36 (KHTML, like Gecko) Chrome/58.0.3029.110 Safari/537.36"
222.209.92.252 - - [07/Jul/2017:09:25:38 +0800] "GET /static/js/vue.min.js HTTP/1.1" 304 0 "http://www.wuqianlin.com/" "Mozilla/5.0 (Macintosh; Intel Mac OS X 10_12_5) AppleWebKit/537.36 (KHTML, like Gecko) Chrome/58.0.3029.110 Safari/537.36"
222.209.92.252 - - [07/Jul/2017:09:25:38 +0800] "GET /static/js/awesome.js HTTP/1.1" 304 0 "http://www.wuqianlin.com/" "Mozilla/5.0 (Macintosh; Intel Mac OS X 10_12_5) AppleWebKit/537.36 (KHTML, like Gecko) Chrome/58.0.3029.110 Safari/537.36"
222.209.92.252 - - [07/Jul/2017:09:25:38 +0800] "GET /static/fonts/fontawesome-webfont.woff HTTP/1.1" 304 0 "http://www.wuqianlin.com/static/css/uikit.min.css" "Mozilla/5.0 (Macintosh; Intel Mac OS X 10_12_5) AppleWebKit/537.36 (KHTML, like Gecko) Chrome/58.0.3029.110 Safari/537.36"
222.209.92.252 - - [07/Jul/2017:09:25:38 +0800] "GET /favicon.ico HTTP/1.1" 200 4286 "http://www.wuqianlin.com/" "Mozilla/5.0 (Macintosh; Intel Mac OS X 10_12_5) AppleWebKit/537.36 (KHTML, like Gecko) Chrome/58.0.3029.110 Safari/537.36"
222.209.92.252 - - [07/Jul/2017:10:04:00 +0800] "GET / HTTP/1.1" 200 6377 "-" "Mozilla/5.0 (Macintosh; Intel Mac OS X 10_12_5) AppleWebKit/537.36 (KHTML, like Gecko) Chrome/58.0.3029.110 Safari/537.36"
222.209.92.252 - - [07/Jul/2017:10:04:00 +0800] "GET /favicon.ico HTTP/1.1" 200 4286 "http://www.wuqianlin.com/" "Mozilla/5.0 (Macintosh; Intel Mac OS X 10_12_5) AppleWebKit/537.36 (KHTML, like Gecko) Chrome/58.0.3029.110 Safari/537.36"
222.209.92.252 - - [07/Jul/2017:10:04:01 +0800] "GET / HTTP/1.1" 200 6377 "-" "Mozilla/5.0 (Macintosh; Intel Mac OS X 10_12_5) AppleWebKit/537.36 (KHTML, like Gecko) Chrome/58.0.3029.110 Safari/537.36"
222.209.92.252 - - [07/Jul/2017:10:04:01 +0800] "GET /favicon.ico HTTP/1.1" 200 4286 "http://www.wuqianlin.com/" "Mozilla/5.0 (Macintosh; Intel Mac OS X 10_12_5) AppleWebKit/537.36 (KHTML, like Gecko) Chrome/58.0.3029.110 Safari/537.36"
222.209.92.252 - - [07/Jul/2017:10:04:01 +0800] "GET / HTTP/1.1" 200 6377 "-" "Mozilla/5.0 (Macintosh; Intel Mac OS X 10_12_5) AppleWebKit/537.36 (KHTML, like Gecko) Chrome/58.0.3029.110 Safari/537.36"
222.209.92.252 - - [07/Jul/2017:10:04:01 +0800] "GET /favicon.ico HTTP/1.1" 200 4286 "http://www.wuqianlin.com/" "Mozilla/5.0 (Macintosh; Intel Mac OS X 10_12_5) AppleWebKit/537.36 (KHTML, like Gecko) Chrome/58.0.3029.110 Safari/537.36"
222.209.92.252 - - [07/Jul/2017:10:04:02 +0800] "GET / HTTP/1.1" 200 6377 "-" "Mozilla/5.0 (Macintosh; Intel Mac OS X 10_12_5) AppleWebKit/537.36 (KHTML, like Gecko) Chrome/58.0.3029.110 Safari/537.36"
222.209.92.252 - - [07/Jul/2017:10:04:02 +0800] "GET /favicon.ico HTTP/1.1" 200 4286 "http://www.wuqianlin.com/" "Mozilla/5.0 (Macintosh; Intel Mac OS X 10_12_5) AppleWebKit/537.36 (KHTML, like Gecko) Chrome/58.0.3029.110 Safari/537.36"
222.209.92.252 - - [07/Jul/2017:10:05:16 +0800] "GET / HTTP/1.1" 200 6377 "-" "Mozilla/5.0 (Macintosh; Intel Mac OS X 10_12_5) AppleWebKit/537.36 (KHTML, like Gecko) Chrome/58.0.3029.110 Safari/537.36"
222.209.92.252 - - [07/Jul/2017:10:05:16 +0800] "GET /favicon.ico HTTP/1.1" 200 4286 "http://www.wuqianlin.com/" "Mozilla/5.0 (Macintosh; Intel Mac OS X 10_12_5) AppleWebKit/537.36 (KHTML, like Gecko) Chrome/58.0.3029.110 Safari/537.36"
112.54.91.50 - - [07/Jul/2017:11:30:47 +0800] "GET / HTTP/1.0" 504 585 "-" "Mozilla/4.0 (compatible; MSIE 7.0; Windows NT 6.1; WOW64; Trident/7.0; SLCC2; .NET CLR 2.0.50727; .NET CLR 3.5.30729; .NET CLR 3.0.30729; Media Center PC 6.0; .NET4.0C; .NET4.0E; ms-office)"
139.199.63.33 - - [07/Jul/2017:11:52:36 +0800] "GET / HTTP/1.1" 499 0 "-" "Mozilla/4.0 (compatible; MSIE 6.1; Windows NT)"
139.199.63.33 - - [07/Jul/2017:11:52:36 +0800] "GET / HTTP/1.1" 499 0 "-" "Mozilla/4.0 (compatible; MSIE 6.1; Windows NT)"
139.199.63.33 - - [07/Jul/2017:11:52:36 +0800] "GET / HTTP/1.1" 499 0 "-" "Mozilla/4.0 (compatible; MSIE 6.1; Windows NT)"
139.199.62.228 - - [07/Jul/2017:11:52:43 +0800] "GET / HTTP/1.1" 499 0 "http://www.baidu.com/search/spider.htm" "Mozilla/5.0 (compatible; Baiduspider/2.0; +http://www.baidu.com/search/spider.html)"
139.199.62.228 - - [07/Jul/2017:11:52:43 +0800] "GET / HTTP/1.1" 499 0 "http://www.baidu.com/search/spider.htm" "Mozilla/5.0 (compatible; Baiduspider/2.0; +http://www.baidu.com/search/spider.html)"
139.199.62.228 - - [07/Jul/2017:11:52:43 +0800] "GET / HTTP/1.1" 499 0 "http://www.baidu.com/search/spider.htm" "Mozilla/5.0 (compatible; Baiduspider/2.0; +http://www.baidu.com/search/spider.html)"
66.249.70.30 - - [07/Jul/2017:11:53:09 +0800] "GET /register HTTP/1.1" 504 183 "-" "Mozilla/5.0 (compatible; Googlebot/2.1; +http://www.google.com/bot.html)"
66.249.70.30 - - [07/Jul/2017:12:23:39 +0800] "GET / HTTP/1.1" 504 585 "-" "Mozilla/5.0 (Linux; Android 6.0.1; Nexus 5X Build/MMB29P) AppleWebKit/537.36 (KHTML, like Gecko) Chrome/41.0.2272.96 Mobile Safari/537.36 (compatible; Googlebot/2.1; +http://www.google.com/bot.html)"
66.249.70.30 - - [07/Jul/2017:13:19:59 +0800] "GET / HTTP/1.1" 504 183 "-" "Mozilla/5.0 (compatible; Googlebot/2.1; +http://www.google.com/bot.html)"
66.249.64.150 - - [07/Jul/2017:13:45:52 +0800] "GET /robots.txt HTTP/1.1" 504 183 "-" "Mozilla/5.0 (compatible; Googlebot/2.1; +http://www.google.com/bot.html)"
66.249.64.150 - - [07/Jul/2017:15:16:38 +0800] "GET /robots.txt HTTP/1.1" 504 183 "-" "Mozilla/5.0 (compatible; Googlebot/2.1; +http://www.google.com/bot.html)"
66.249.64.148 - - [07/Jul/2017:15:42:16 +0800] "GET /robots.txt HTTP/1.1" 504 183 "-" "Mozilla/5.0 (compatible; Googlebot/2.1; +http://www.google.com/bot.html)"
140.205.225.187 - - [07/Jul/2017:16:06:40 +0800] "POST /index.php?m=member&c=index&a=register&siteid=1 HTTP/1.1" 499 0 "-" "Mozilla/4.0 (compatible; MSIE 6.0; Windows NT 5.1;Alibaba.Security.Heimdall.6577126.phpcmsv9-register-upload)"
140.205.225.187 - - [07/Jul/2017:16:06:45 +0800] "GET /index.php?m=wap&a=index&siteid=1 HTTP/1.1" 499 0 "-" "Mozilla/4.0 (compatible; MSIE 6.0; Windows NT 5.1;Alibaba.Security.Heimdall.6577126.phpcmsv9-attachment-sql)"
66.249.70.30 - - [07/Jul/2017:16:37:40 +0800] "GET /blog/001496971572499bf1e5a66380843ae8fbbf41bd567f0e3000 HTTP/1.1" 504 183 "-" "Mozilla/5.0 (compatible; Googlebot/2.1; +http://www.google.com/bot.html)"
40.77.167.63 - - [07/Jul/2017:17:33:16 +0800] "GET / HTTP/1.1" 499 0 "-" "Mozilla/5.0 (compatible; bingbot/2.0; +http://www.bing.com/bingbot.htm)"
167.114.233.118 - - [07/Jul/2017:17:45:17 +0800] "GET / HTTP/1.0" 499 0 "-" "Mozilla/5.0 (Windows NT 10.0; Win64; x64; rv:51.0) Gecko/20100101 Firefox/51.0"
69.58.178.59 - - [07/Jul/2017:19:46:11 +0800] "GET /robots.txt HTTP/1.1" 499 0 "-" "Mozilla/5.0 (compatible; ips-agent)"
69.58.178.59 - - [07/Jul/2017:19:46:42 +0800] "GET / HTTP/1.1" 499 0 "-" "Mozilla/5.0 (compatible; ips-agent)"
66.249.64.150 - - [07/Jul/2017:21:44:03 +0800] "GET /robots.txt HTTP/1.1" 504 183 "-" "Mozilla/5.0 (compatible; Googlebot/2.1; +http://www.google.com/bot.html)"
138.197.45.227 - - [07/Jul/2017:22:48:09 +0800] "GET / HTTP/1.0" 504 183 "-" "Mozilla/5.0 (compatible; NetcraftSurveyAgent/1.0; +info@netcraft.com)"
138.197.106.210 - - [07/Jul/2017:23:00:00 +0800] "GET / HTTP/1.0" 504 183 "-" "Mozilla/5.0 (compatible; NetcraftSurveyAgent/1.0; +info@netcraft.com)"
202.108.211.56 - - [07/Jul/2017:23:48:59 +0800] "GET / HTTP/1.1" 499 0 "-" "Mozilla/5.0 (X11; Linux x86_64) AppleWebKit/535.21 (KHTML, like Gecko) Chrome/19.0.1042.0 Safari/535.21"
202.108.211.56 - - [07/Jul/2017:23:49:19 +0800] "GET / HTTP/1.1" 499 0 "-" "Mozilla/5.0 (X11; Linux x86_64) AppleWebKit/535.21 (KHTML, like Gecko) Chrome/19.0.1042.0 Safari/535.21"
202.108.211.56 - - [07/Jul/2017:23:49:58 +0800] "GET / HTTP/1.1" 499 0 "-" "Mozilla/5.0 (X11; Linux x86_64) AppleWebKit/535.21 (KHTML, like Gecko) Chrome/19.0.1042.0 Safari/535.21"
202.108.211.56 - - [08/Jul/2017:02:13:50 +0800] "GET / HTTP/1.1" 499 0 "-" "Mozilla/5.0 (X11; Linux x86_64) AppleWebKit/535.21 (KHTML, like Gecko) Chrome/19.0.1042.0 Safari/535.21"
202.108.211.56 - - [08/Jul/2017:02:14:10 +0800] "GET / HTTP/1.1" 499 0 "-" "Mozilla/5.0 (X11; Linux x86_64) AppleWebKit/535.21 (KHTML, like Gecko) Chrome/19.0.1042.0 Safari/535.21"
202.108.211.56 - - [08/Jul/2017:02:14:49 +0800] "GET / HTTP/1.1" 499 0 "-" "Mozilla/5.0 (X11; Linux x86_64) AppleWebKit/535.21 (KHTML, like Gecko) Chrome/19.0.1042.0 Safari/535.21"
66.249.75.148 - - [08/Jul/2017:03:29:24 +0800] "GET /robots.txt HTTP/1.1" 504 183 "-" "Mozilla/5.0 (compatible; Googlebot/2.1; +http://www.google.com/bot.html)"
66.249.75.148 - - [08/Jul/2017:03:30:24 +0800] "GET /gbcevcdylupgec.html HTTP/1.1" 504 183 "-" "Mozilla/5.0 (compatible; Googlebot/2.1; +http://www.google.com/bot.html)"
40.77.167.63 - - [08/Jul/2017:04:16:00 +0800] "GET / HTTP/1.1" 499 0 "-" "Mozilla/5.0 (compatible; bingbot/2.0; +http://www.bing.com/bingbot.htm)"
202.108.211.56 - - [08/Jul/2017:04:30:34 +0800] "GET / HTTP/1.1" 499 0 "-" "Mozilla/5.0 (X11; Linux x86_64) AppleWebKit/535.21 (KHTML, like Gecko) Chrome/19.0.1042.0 Safari/535.21"
202.108.211.56 - - [08/Jul/2017:04:30:54 +0800] "GET / HTTP/1.1" 499 0 "-" "Mozilla/5.0 (X11; Linux x86_64) AppleWebKit/535.21 (KHTML, like Gecko) Chrome/19.0.1042.0 Safari/535.21"
202.108.211.56 - - [08/Jul/2017:04:31:24 +0800] "GET / HTTP/1.1" 499 0 "-" "Mozilla/5.0 (X11; Linux x86_64) AppleWebKit/535.21 (KHTML, like Gecko) Chrome/19.0.1042.0 Safari/535.21"
139.199.63.33 - - [08/Jul/2017:05:42:48 +0800] "GET / HTTP/1.1" 499 0 "-" "Mozilla/4.0 (compatible; MSIE 6.1; Windows NT)"
139.199.63.33 - - [08/Jul/2017:05:42:48 +0800] "GET / HTTP/1.1" 499 0 "-" "Mozilla/4.0 (compatible; MSIE 6.1; Windows NT)"
139.199.63.33 - - [08/Jul/2017:05:42:48 +0800] "GET / HTTP/1.1" 499 0 "-" "Mozilla/4.0 (compatible; MSIE 6.1; Windows NT)"
139.199.62.228 - - [08/Jul/2017:05:43:43 +0800] "GET / HTTP/1.1" 499 0 "http://www.baidu.com/search/spider.htm" "Mozilla/5.0 (compatible; Baiduspider/2.0; +http://www.baidu.com/search/spider.html)"
139.199.62.228 - - [08/Jul/2017:05:43:43 +0800] "GET / HTTP/1.1" 499 0 "http://www.baidu.com/search/spider.htm" "Mozilla/5.0 (compatible; Baiduspider/2.0; +http://www.baidu.com/search/spider.html)"
139.199.62.228 - - [08/Jul/2017:05:43:43 +0800] "GET / HTTP/1.1" 499 0 "http://www.baidu.com/search/spider.htm" "Mozilla/5.0 (compatible; Baiduspider/2.0; +http://www.baidu.com/search/spider.html)"
163.177.13.2 - - [08/Jul/2017:08:49:54 +0800] "HEAD / HTTP/1.1" 499 0 "-" "curl/7.19.7 (x86_64-redhat-linux-gnu) libcurl/7.19.7 NSS/3.13.1.0 zlib/1.2.3 libidn/1.18 libssh2/1.2.2"
219.153.71.189 - - [08/Jul/2017:09:16:04 +0800] "GET / HTTP/1.1" 499 0 "-" "Mozilla/5.0 (Windows NT 6.1; Win64; x64) AppleWebKit/537.36 (KHTML, like Gecko) Chrome/46.0.2490.86 Safari/537.36"
219.153.71.189 - - [08/Jul/2017:09:16:09 +0800] "GET / HTTP/1.1" 499 0 "-" "Mozilla/5.0 (Windows NT 6.1; Win64; x64) AppleWebKit/537.36 (KHTML, like Gecko) Chrome/46.0.2490.86 Safari/537.36"
219.153.71.189 - - [08/Jul/2017:09:16:14 +0800] "GET / HTTP/1.1" 499 0 "-" "Mozilla/5.0 (Windows NT 6.1; Win64; x64) AppleWebKit/537.36 (KHTML, like Gecko) Chrome/46.0.2490.86 Safari/537.36"
40.77.167.63 - - [08/Jul/2017:09:19:52 +0800] "GET / HTTP/1.1" 499 0 "-" "Mozilla/5.0 (compatible; bingbot/2.0; +http://www.bing.com/bingbot.htm)"
66.249.75.152 - - [08/Jul/2017:09:50:32 +0800] "GET /robots.txt HTTP/1.1" 504 183 "-" "Mozilla/5.0 (compatible; Googlebot/2.1; +http://www.google.com/bot.html)"
66.249.75.150 - - [08/Jul/2017:09:51:32 +0800] "GET /gbcevcdylupgec.html HTTP/1.1" 504 183 "-" "Mozilla/5.0 (compatible; Googlebot/2.1; +http://www.google.com/bot.html)"
163.177.13.2 - - [08/Jul/2017:10:12:52 +0800] "HEAD / HTTP/1.1" 499 0 "-" "curl/7.19.7 (x86_64-redhat-linux-gnu) libcurl/7.19.7 NSS/3.13.1.0 zlib/1.2.3 libidn/1.18 libssh2/1.2.2"
202.108.211.56 - - [08/Jul/2017:21:12:39 +0800] "GET / HTTP/1.1" 500 141 "-" "Mozilla/5.0 (X11; Linux x86_64) AppleWebKit/535.21 (KHTML, like Gecko) Chrome/19.0.1042.0 Safari/535.21"
202.108.211.56 - - [08/Jul/2017:21:12:39 +0800] "GET / HTTP/1.1" 500 141 "-" "Mozilla/5.0 (X11; Linux x86_64) AppleWebKit/535.21 (KHTML, like Gecko) Chrome/19.0.1042.0 Safari/535.21"
202.108.211.56 - - [08/Jul/2017:21:12:39 +0800] "GET / HTTP/1.1" 500 141 "-" "Mozilla/5.0 (X11; Linux x86_64) AppleWebKit/535.21 (KHTML, like Gecko) Chrome/19.0.1042.0 Safari/535.21"
202.108.211.56 - - [08/Jul/2017:22:07:29 +0800] "GET / HTTP/1.1" 500 141 "-" "Mozilla/5.0 (X11; Linux x86_64) AppleWebKit/535.21 (KHTML, like Gecko) Chrome/19.0.1042.0 Safari/535.21"
202.108.211.56 - - [08/Jul/2017:22:07:29 +0800] "GET / HTTP/1.1" 500 141 "-" "Mozilla/5.0 (X11; Linux x86_64) AppleWebKit/535.21 (KHTML, like Gecko) Chrome/19.0.1042.0 Safari/535.21"
202.108.211.56 - - [08/Jul/2017:22:07:29 +0800] "GET / HTTP/1.1" 500 141 "-" "Mozilla/5.0 (X11; Linux x86_64) AppleWebKit/535.21 (KHTML, like Gecko) Chrome/19.0.1042.0 Safari/535.21"
40.77.167.63 - - [08/Jul/2017:22:11:04 +0800] "GET / HTTP/1.1" 500 141 "-" "Mozilla/5.0 (compatible; bingbot/2.0; +http://www.bing.com/bingbot.htm)"
123.207.95.146 - - [08/Jul/2017:22:59:47 +0800] "GET / HTTP/1.1" 500 141 "-" "Mozilla/4.0 (compatible; MSIE 6.1; Windows NT)"
139.199.62.227 - - [08/Jul/2017:22:59:51 +0800] "GET / HTTP/1.1" 500 141 "http://www.baidu.com/search/spider.htm" "Mozilla/5.0 (compatible; Baiduspider/2.0; +http://www.baidu.com/search/spider.html)"
202.108.211.56 - - [09/Jul/2017:02:26:33 +0800] "GET / HTTP/1.1" 500 141 "-" "Mozilla/5.0 (X11; Linux x86_64) AppleWebKit/535.21 (KHTML, like Gecko) Chrome/19.0.1042.0 Safari/535.21"
202.108.211.56 - - [09/Jul/2017:02:26:33 +0800] "GET / HTTP/1.1" 500 141 "-" "Mozilla/5.0 (X11; Linux x86_64) AppleWebKit/535.21 (KHTML, like Gecko) Chrome/19.0.1042.0 Safari/535.21"
202.108.211.56 - - [09/Jul/2017:02:26:33 +0800] "GET / HTTP/1.1" 500 141 "-" "Mozilla/5.0 (X11; Linux x86_64) AppleWebKit/535.21 (KHTML, like Gecko) Chrome/19.0.1042.0 Safari/535.21"
157.55.39.6 - - [09/Jul/2017:11:14:20 +0800] "GET /robots.txt HTTP/1.1" 404 14 "-" "Mozilla/5.0 (compatible; bingbot/2.0; +http://www.bing.com/bingbot.htm)"
40.77.167.63 - - [09/Jul/2017:11:14:26 +0800] "GET / HTTP/1.1" 500 141 "-" "Mozilla/5.0 (compatible; bingbot/2.0; +http://www.bing.com/bingbot.htm)"
139.199.63.33 - - [09/Jul/2017:15:20:57 +0800] "GET / HTTP/1.1" 500 141 "-" "Mozilla/4.0 (compatible; MSIE 6.1; Windows NT)"
139.199.62.228 - - [09/Jul/2017:15:21:09 +0800] "GET / HTTP/1.1" 500 141 "http://www.baidu.com/search/spider.htm" "Mozilla/5.0 (compatible; Baiduspider/2.0; +http://www.baidu.com/search/spider.html)"
140.205.205.8 - - [09/Jul/2017:16:42:42 +0800] "GET / HTTP/1.1" 500 141 "-" "Mozilla/5.0 (Windows; U; MSIE 9.0; Windows NT 9.0; en-US)"
140.205.205.8 - - [09/Jul/2017:16:44:59 +0800] "GET / HTTP/1.1" 500 141 "-" "Mozilla/5.0 (Windows; U; Windows NT 5.1; zh-CN) AppleWebKit/523.15 (KHTML, like Gecko, Safari/419.3) Arora/0.3 (Change: 287 c9dfb30)"
140.205.205.8 - - [09/Jul/2017:19:28:19 +0800] "GET / HTTP/1.1" 500 141 "-" "Opera/9.80 (Macintosh; Intel Mac OS X 10.6.8; U; fr) Presto/2.9.168 Version/11.52"
140.205.205.8 - - [09/Jul/2017:20:05:35 +0800] "GET / HTTP/1.1" 500 141 "-" "Mozilla/5.0 (Windows; U; MSIE 9.0; Windows NT 9.0; en-US)"
140.205.205.8 - - [09/Jul/2017:21:04:37 +0800] "GET / HTTP/1.1" 500 141 "-" "Mozilla/4.0 (compatible; MSIE 7.0b; Windows NT 5.2; .NET CLR 1.1.4322; .NET CLR 2.0.50727; InfoPath.2; .NET CLR 3.0.04506.30)"
140.205.205.8 - - [09/Jul/2017:21:37:55 +0800] "GET / HTTP/1.1" 500 141 "-" "Opera/9.80 (Macintosh; Intel Mac OS X 10.6.8; U; fr) Presto/2.9.168 Version/11.52"
202.108.211.56 - - [10/Jul/2017:00:36:17 +0800] "GET / HTTP/1.1" 500 141 "-" "Mozilla/5.0 (X11; Linux x86_64) AppleWebKit/535.21 (KHTML, like Gecko) Chrome/19.0.1042.0 Safari/535.21"
202.108.211.56 - - [10/Jul/2017:00:36:17 +0800] "GET / HTTP/1.1" 500 141 "-" "Mozilla/5.0 (X11; Linux x86_64) AppleWebKit/535.21 (KHTML, like Gecko) Chrome/19.0.1042.0 Safari/535.21"
202.108.211.56 - - [10/Jul/2017:00:36:18 +0800] "GET / HTTP/1.1" 500 141 "-" "Mozilla/5.0 (X11; Linux x86_64) AppleWebKit/535.21 (KHTML, like Gecko) Chrome/19.0.1042.0 Safari/535.21"
40.77.167.63 - - [10/Jul/2017:01:47:08 +0800] "GET / HTTP/1.1" 500 141 "-" "Mozilla/5.0 (compatible; bingbot/2.0; +http://www.bing.com/bingbot.htm)"
202.108.211.56 - - [10/Jul/2017:02:16:17 +0800] "GET / HTTP/1.1" 500 141 "-" "Mozilla/5.0 (X11; Linux x86_64) AppleWebKit/535.21 (KHTML, like Gecko) Chrome/19.0.1042.0 Safari/535.21"
202.108.211.56 - - [10/Jul/2017:02:16:17 +0800] "GET / HTTP/1.1" 500 141 "-" "Mozilla/5.0 (X11; Linux x86_64) AppleWebKit/535.21 (KHTML, like Gecko) Chrome/19.0.1042.0 Safari/535.21"
202.108.211.56 - - [10/Jul/2017:02:16:17 +0800] "GET / HTTP/1.1" 500 141 "-" "Mozilla/5.0 (X11; Linux x86_64) AppleWebKit/535.21 (KHTML, like Gecko) Chrome/19.0.1042.0 Safari/535.21"
139.199.63.33 - - [10/Jul/2017:07:59:21 +0800] "GET / HTTP/1.1" 500 141 "-" "Mozilla/4.0 (compatible; MSIE 6.1; Windows NT)"
139.199.62.227 - - [10/Jul/2017:08:00:04 +0800] "GET / HTTP/1.1" 500 141 "http://www.baidu.com/search/spider.htm" "Mozilla/5.0 (compatible; Baiduspider/2.0; +http://www.baidu.com/search/spider.html)"
222.209.92.252 - - [10/Jul/2017:12:56:20 +0800] "GET / HTTP/1.1" 500 141 "-" "Mozilla/5.0 (Macintosh; Intel Mac OS X 10_12_5) AppleWebKit/537.36 (KHTML, like Gecko) Chrome/59.0.3071.115 Safari/537.36"
222.209.92.252 - - [10/Jul/2017:12:59:07 +0800] "GET / HTTP/1.1" 500 141 "-" "Mozilla/5.0 (Macintosh; Intel Mac OS X 10_12_5) AppleWebKit/537.36 (KHTML, like Gecko) Chrome/59.0.3071.115 Safari/537.36"
222.209.92.252 - - [10/Jul/2017:12:59:08 +0800] "GET /favicon.ico HTTP/1.1" 200 4286 "http://www.wuqianlin.com/" "Mozilla/5.0 (Macintosh; Intel Mac OS X 10_12_5) AppleWebKit/537.36 (KHTML, like Gecko) Chrome/59.0.3071.115 Safari/537.36"
222.209.92.252 - - [10/Jul/2017:12:59:08 +0800] "GET / HTTP/1.1" 500 141 "-" "Mozilla/5.0 (Macintosh; Intel Mac OS X 10_12_5) AppleWebKit/537.36 (KHTML, like Gecko) Chrome/59.0.3071.115 Safari/537.36"
222.209.92.252 - - [10/Jul/2017:12:59:08 +0800] "GET /favicon.ico HTTP/1.1" 200 4286 "http://www.wuqianlin.com/" "Mozilla/5.0 (Macintosh; Intel Mac OS X 10_12_5) AppleWebKit/537.36 (KHTML, like Gecko) Chrome/59.0.3071.115 Safari/537.36"
222.209.92.252 - - [10/Jul/2017:12:59:09 +0800] "GET / HTTP/1.1" 500 141 "-" "Mozilla/5.0 (Macintosh; Intel Mac OS X 10_12_5) AppleWebKit/537.36 (KHTML, like Gecko) Chrome/59.0.3071.115 Safari/537.36"
222.209.92.252 - - [10/Jul/2017:12:59:09 +0800] "GET /favicon.ico HTTP/1.1" 200 4286 "http://www.wuqianlin.com/" "Mozilla/5.0 (Macintosh; Intel Mac OS X 10_12_5) AppleWebKit/537.36 (KHTML, like Gecko) Chrome/59.0.3071.115 Safari/537.36"
222.209.92.252 - - [10/Jul/2017:12:59:09 +0800] "GET / HTTP/1.1" 500 141 "-" "Mozilla/5.0 (Macintosh; Intel Mac OS X 10_12_5) AppleWebKit/537.36 (KHTML, like Gecko) Chrome/59.0.3071.115 Safari/537.36"
222.209.92.252 - - [10/Jul/2017:12:59:09 +0800] "GET /favicon.ico HTTP/1.1" 200 4286 "http://www.wuqianlin.com/" "Mozilla/5.0 (Macintosh; Intel Mac OS X 10_12_5) AppleWebKit/537.36 (KHTML, like Gecko) Chrome/59.0.3071.115 Safari/537.36"
222.209.92.252 - - [10/Jul/2017:12:59:10 +0800] "GET / HTTP/1.1" 500 141 "-" "Mozilla/5.0 (Macintosh; Intel Mac OS X 10_12_5) AppleWebKit/537.36 (KHTML, like Gecko) Chrome/59.0.3071.115 Safari/537.36"
222.209.92.252 - - [10/Jul/2017:12:59:10 +0800] "GET /favicon.ico HTTP/1.1" 200 4286 "http://www.wuqianlin.com/" "Mozilla/5.0 (Macintosh; Intel Mac OS X 10_12_5) AppleWebKit/537.36 (KHTML, like Gecko) Chrome/59.0.3071.115 Safari/537.36"
222.209.92.252 - - [10/Jul/2017:12:59:11 +0800] "GET / HTTP/1.1" 500 141 "-" "Mozilla/5.0 (Macintosh; Intel Mac OS X 10_12_5) AppleWebKit/537.36 (KHTML, like Gecko) Chrome/59.0.3071.115 Safari/537.36"
222.209.92.252 - - [10/Jul/2017:12:59:11 +0800] "GET /favicon.ico HTTP/1.1" 200 4286 "http://www.wuqianlin.com/" "Mozilla/5.0 (Macintosh; Intel Mac OS X 10_12_5) AppleWebKit/537.36 (KHTML, like Gecko) Chrome/59.0.3071.115 Safari/537.36"
40.77.167.63 - - [10/Jul/2017:13:06:34 +0800] "GET / HTTP/1.1" 500 141 "-" "Mozilla/5.0 (compatible; bingbot/2.0; +http://www.bing.com/bingbot.htm)"
222.209.92.252 - - [10/Jul/2017:13:07:24 +0800] "GET / HTTP/1.1" 500 141 "-" "Mozilla/5.0 (Macintosh; Intel Mac OS X 10_12_5) AppleWebKit/537.36 (KHTML, like Gecko) Chrome/59.0.3071.115 Safari/537.36"
222.209.92.252 - - [10/Jul/2017:13:07:24 +0800] "GET /favicon.ico HTTP/1.1" 200 4286 "http://www.wuqianlin.com/" "Mozilla/5.0 (Macintosh; Intel Mac OS X 10_12_5) AppleWebKit/537.36 (KHTML, like Gecko) Chrome/59.0.3071.115 Safari/537.36"
222.209.92.252 - - [10/Jul/2017:13:07:25 +0800] "GET / HTTP/1.1" 500 141 "-" "Mozilla/5.0 (Macintosh; Intel Mac OS X 10_12_5) AppleWebKit/537.36 (KHTML, like Gecko) Chrome/59.0.3071.115 Safari/537.36"
222.209.92.252 - - [10/Jul/2017:13:07:25 +0800] "GET /favicon.ico HTTP/1.1" 200 4286 "http://www.wuqianlin.com/" "Mozilla/5.0 (Macintosh; Intel Mac OS X 10_12_5) AppleWebKit/537.36 (KHTML, like Gecko) Chrome/59.0.3071.115 Safari/537.36"
222.209.92.252 - - [10/Jul/2017:13:07:25 +0800] "GET / HTTP/1.1" 500 141 "-" "Mozilla/5.0 (Macintosh; Intel Mac OS X 10_12_5) AppleWebKit/537.36 (KHTML, like Gecko) Chrome/59.0.3071.115 Safari/537.36"
222.209.92.252 - - [10/Jul/2017:13:07:26 +0800] "GET /favicon.ico HTTP/1.1" 200 4286 "http://www.wuqianlin.com/" "Mozilla/5.0 (Macintosh; Intel Mac OS X 10_12_5) AppleWebKit/537.36 (KHTML, like Gecko) Chrome/59.0.3071.115 Safari/537.36"
222.209.92.252 - - [10/Jul/2017:13:07:26 +0800] "GET / HTTP/1.1" 500 141 "-" "Mozilla/5.0 (Macintosh; Intel Mac OS X 10_12_5) AppleWebKit/537.36 (KHTML, like Gecko) Chrome/59.0.3071.115 Safari/537.36"
222.209.92.252 - - [10/Jul/2017:15:01:14 +0800] "GET / HTTP/1.1" 500 141 "-" "Mozilla/5.0 (Macintosh; Intel Mac OS X 10_12_5) AppleWebKit/537.36 (KHTML, like Gecko) Chrome/59.0.3071.115 Safari/537.36"
222.209.92.252 - - [10/Jul/2017:15:01:34 +0800] "GET / HTTP/1.1" 200 6377 "-" "Mozilla/5.0 (Macintosh; Intel Mac OS X 10_12_5) AppleWebKit/537.36 (KHTML, like Gecko) Chrome/59.0.3071.115 Safari/537.36"
222.209.92.252 - - [10/Jul/2017:15:01:34 +0800] "GET /static/css/awesome.css HTTP/1.1" 200 208 "http://www.wuqianlin.com/" "Mozilla/5.0 (Macintosh; Intel Mac OS X 10_12_5) AppleWebKit/537.36 (KHTML, like Gecko) Chrome/59.0.3071.115 Safari/537.36"
222.209.92.252 - - [10/Jul/2017:15:01:34 +0800] "GET /static/js/sha1.min.js HTTP/1.1" 200 4307 "http://www.wuqianlin.com/" "Mozilla/5.0 (Macintosh; Intel Mac OS X 10_12_5) AppleWebKit/537.36 (KHTML, like Gecko) Chrome/59.0.3071.115 Safari/537.36"
222.209.92.252 - - [10/Jul/2017:15:01:34 +0800] "GET /static/js/uikit.min.js HTTP/1.1" 200 34277 "http://www.wuqianlin.com/" "Mozilla/5.0 (Macintosh; Intel Mac OS X 10_12_5) AppleWebKit/537.36 (KHTML, like Gecko) Chrome/59.0.3071.115 Safari/537.36"
222.209.92.252 - - [10/Jul/2017:15:01:35 +0800] "GET /static/js/sticky.min.js HTTP/1.1" 200 2199 "http://www.wuqianlin.com/" "Mozilla/5.0 (Macintosh; Intel Mac OS X 10_12_5) AppleWebKit/537.36 (KHTML, like Gecko) Chrome/59.0.3071.115 Safari/537.36"
222.209.92.252 - - [10/Jul/2017:15:01:35 +0800] "GET /static/js/awesome.js HTTP/1.1" 200 14598 "http://www.wuqianlin.com/" "Mozilla/5.0 (Macintosh; Intel Mac OS X 10_12_5) AppleWebKit/537.36 (KHTML, like Gecko) Chrome/59.0.3071.115 Safari/537.36"
222.209.92.252 - - [10/Jul/2017:15:01:35 +0800] "GET /static/js/jquery.min.js HTTP/1.1" 200 93026 "http://www.wuqianlin.com/" "Mozilla/5.0 (Macintosh; Intel Mac OS X 10_12_5) AppleWebKit/537.36 (KHTML, like Gecko) Chrome/59.0.3071.115 Safari/537.36"
222.209.92.252 - - [10/Jul/2017:15:01:35 +0800] "GET /static/css/uikit.min.css HTTP/1.1" 200 69597 "http://www.wuqianlin.com/" "Mozilla/5.0 (Macintosh; Intel Mac OS X 10_12_5) AppleWebKit/537.36 (KHTML, like Gecko) Chrome/59.0.3071.115 Safari/537.36"
222.209.92.252 - - [10/Jul/2017:15:01:35 +0800] "GET /static/js/vue.min.js HTTP/1.1" 200 56515 "http://www.wuqianlin.com/" "Mozilla/5.0 (Macintosh; Intel Mac OS X 10_12_5) AppleWebKit/537.36 (KHTML, like Gecko) Chrome/59.0.3071.115 Safari/537.36"
222.209.92.252 - - [10/Jul/2017:15:01:35 +0800] "GET /static/css/uikit.gradient.min.css HTTP/1.1" 200 76984 "http://www.wuqianlin.com/" "Mozilla/5.0 (Macintosh; Intel Mac OS X 10_12_5) AppleWebKit/537.36 (KHTML, like Gecko) Chrome/59.0.3071.115 Safari/537.36"
222.209.92.252 - - [10/Jul/2017:15:01:36 +0800] "GET /static/css/uikit.min.css HTTP/1.1" 206 1 "http://www.wuqianlin.com/" "Mozilla/5.0 (Macintosh; Intel Mac OS X 10_12_5) AppleWebKit/537.36 (KHTML, like Gecko) Chrome/59.0.3071.115 Safari/537.36"
222.209.92.252 - - [10/Jul/2017:15:01:36 +0800] "GET /static/js/jquery.min.js HTTP/1.1" 206 1 "http://www.wuqianlin.com/" "Mozilla/5.0 (Macintosh; Intel Mac OS X 10_12_5) AppleWebKit/537.36 (KHTML, like Gecko) Chrome/59.0.3071.115 Safari/537.36"
222.209.92.252 - - [10/Jul/2017:15:01:36 +0800] "GET /static/js/vue.min.js HTTP/1.1" 206 1 "http://www.wuqianlin.com/" "Mozilla/5.0 (Macintosh; Intel Mac OS X 10_12_5) AppleWebKit/537.36 (KHTML, like Gecko) Chrome/59.0.3071.115 Safari/537.36"
222.209.92.252 - - [10/Jul/2017:15:01:36 +0800] "GET /static/css/uikit.gradient.min.css HTTP/1.1" 206 1 "http://www.wuqianlin.com/" "Mozilla/5.0 (Macintosh; Intel Mac OS X 10_12_5) AppleWebKit/537.36 (KHTML, like Gecko) Chrome/59.0.3071.115 Safari/537.36"
222.209.92.252 - - [10/Jul/2017:15:01:36 +0800] "GET / HTTP/1.1" 200 6377 "-" "Mozilla/5.0 (Macintosh; Intel Mac OS X 10_12_5) AppleWebKit/537.36 (KHTML, like Gecko) Chrome/59.0.3071.115 Safari/537.36"
222.209.92.252 - - [10/Jul/2017:15:01:36 +0800] "GET /static/js/vue.min.js HTTP/1.1" 206 8056 "http://www.wuqianlin.com/" "Mozilla/5.0 (Macintosh; Intel Mac OS X 10_12_5) AppleWebKit/537.36 (KHTML, like Gecko) Chrome/59.0.3071.115 Safari/537.36"
222.209.92.252 - - [10/Jul/2017:15:01:36 +0800] "GET /static/css/uikit.min.css HTTP/1.1" 206 21125 "http://www.wuqianlin.com/" "Mozilla/5.0 (Macintosh; Intel Mac OS X 10_12_5) AppleWebKit/537.36 (KHTML, like Gecko) Chrome/59.0.3071.115 Safari/537.36"
222.209.92.252 - - [10/Jul/2017:15:01:37 +0800] "GET /static/css/uikit.gradient.min.css HTTP/1.1" 206 44618 "http://www.wuqianlin.com/" "Mozilla/5.0 (Macintosh; Intel Mac OS X 10_12_5) AppleWebKit/537.36 (KHTML, like Gecko) Chrome/59.0.3071.115 Safari/537.36"
222.209.92.252 - - [10/Jul/2017:15:01:37 +0800] "GET /static/js/jquery.min.js HTTP/1.1" 206 36252 "http://www.wuqianlin.com/" "Mozilla/5.0 (Macintosh; Intel Mac OS X 10_12_5) AppleWebKit/537.36 (KHTML, like Gecko) Chrome/59.0.3071.115 Safari/537.36"
222.209.92.252 - - [10/Jul/2017:15:01:37 +0800] "GET /static/fonts/fontawesome-webfont.woff HTTP/1.1" 200 44432 "http://www.wuqianlin.com/static/css/uikit.min.css" "Mozilla/5.0 (Macintosh; Intel Mac OS X 10_12_5) AppleWebKit/537.36 (KHTML, like Gecko) Chrome/59.0.3071.115 Safari/537.36"
222.209.92.252 - - [10/Jul/2017:15:01:37 +0800] "GET /favicon.ico HTTP/1.1" 200 4286 "http://www.wuqianlin.com/" "Mozilla/5.0 (Macintosh; Intel Mac OS X 10_12_5) AppleWebKit/537.36 (KHTML, like Gecko) Chrome/59.0.3071.115 Safari/537.36"
222.209.92.252 - - [10/Jul/2017:15:01:39 +0800] "GET /blog/0014974219055647750c8be863e40b098ef458686c7f206000 HTTP/1.1" 200 6212 "http://www.wuqianlin.com/" "Mozilla/5.0 (Macintosh; Intel Mac OS X 10_12_5) AppleWebKit/537.36 (KHTML, like Gecko) Chrome/59.0.3071.115 Safari/537.36"
222.209.92.252 - - [10/Jul/2017:15:01:39 +0800] "GET /static/img/wuqianlin.jpg HTTP/1.1" 200 9648 "http://www.wuqianlin.com/blog/0014974219055647750c8be863e40b098ef458686c7f206000" "Mozilla/5.0 (Macintosh; Intel Mac OS X 10_12_5) AppleWebKit/537.36 (KHTML, like Gecko) Chrome/59.0.3071.115 Safari/537.36"
66.249.75.138 - - [11/Jul/2017:00:35:20 +0800] "GET /robots.txt HTTP/1.1" 404 14 "-" "Mozilla/5.0 (compatible; Googlebot/2.1; +http://www.google.com/bot.html)"
66.249.75.142 - - [11/Jul/2017:00:35:21 +0800] "GET /blog/0014943436489701e7cea0dc9e745ec8eedbdaa19e1d4a7000 HTTP/1.1" 500 141 "-" "Mozilla/5.0 (compatible; Googlebot/2.1; +http://www.google.com/bot.html)"
66.249.75.140 - - [11/Jul/2017:00:35:22 +0800] "GET /blog/0014943436489701e7cea0dc9e745ec8eedbdaa19e1d4a7000 HTTP/1.1" 500 141 "-" "Mozilla/5.0 (compatible; Googlebot/2.1; +http://www.google.com/bot.html)"
139.199.63.33 - - [11/Jul/2017:01:29:26 +0800] "GET / HTTP/1.1" 200 6377 "-" "Mozilla/4.0 (compatible; MSIE 6.1; Windows NT)"
139.199.62.227 - - [11/Jul/2017:01:29:40 +0800] "GET / HTTP/1.1" 200 6377 "http://www.baidu.com/search/spider.htm" "Mozilla/5.0 (compatible; Baiduspider/2.0; +http://www.baidu.com/search/spider.html)"
66.249.75.138 - - [11/Jul/2017:01:31:15 +0800] "GET /blog/0014943436259384ff0a5d68b5d4e3787916390837cc7fd000 HTTP/1.1" 500 141 "-" "Mozilla/5.0 (compatible; Googlebot/2.1; +http://www.google.com/bot.html)"
66.249.75.138 - - [11/Jul/2017:03:12:49 +0800] "GET /blog/001494343605425e54a8a7a5b8a48fbab4912786bfbc9df000 HTTP/1.1" 500 141 "-" "Mozilla/5.0 (compatible; Googlebot/2.1; +http://www.google.com/bot.html)"
66.249.75.142 - - [11/Jul/2017:03:13:17 +0800] "GET /static/css/uikit.min.css HTTP/1.1" 200 69597 "http://www.wuqianlin.com/blog/001494343605425e54a8a7a5b8a48fbab4912786bfbc9df000" "Mozilla/5.0 (compatible; Googlebot/2.1; +http://www.google.com/bot.html)"
66.249.75.142 - - [11/Jul/2017:03:13:17 +0800] "GET /static/css/uikit.gradient.min.css HTTP/1.1" 200 78834 "http://www.wuqianlin.com/blog/001494343605425e54a8a7a5b8a48fbab4912786bfbc9df000" "Mozilla/5.0 (compatible; Googlebot/2.1; +http://www.google.com/bot.html)"
66.249.75.142 - - [11/Jul/2017:03:13:18 +0800] "GET /static/css/awesome.css HTTP/1.1" 200 208 "http://www.wuqianlin.com/blog/001494343605425e54a8a7a5b8a48fbab4912786bfbc9df000" "Mozilla/5.0 (compatible; Googlebot/2.1; +http://www.google.com/bot.html)"
40.77.167.63 - - [11/Jul/2017:04:12:33 +0800] "GET / HTTP/1.1" 200 6377 "-" "Mozilla/5.0 (compatible; bingbot/2.0; +http://www.bing.com/bingbot.htm)"
66.249.75.142 - - [11/Jul/2017:05:31:56 +0800] "GET / HTTP/1.1" 200 6377 "-" "Mozilla/5.0 (Linux; Android 6.0.1; Nexus 5X Build/MMB29P) AppleWebKit/537.36 (KHTML, like Gecko) Chrome/41.0.2272.96 Mobile Safari/537.36 (compatible; Googlebot/2.1; +http://www.google.com/bot.html)"
66.249.75.140 - - [11/Jul/2017:07:23:25 +0800] "GET / HTTP/1.1" 200 6377 "-" "Mozilla/5.0 (compatible; Googlebot/2.1; +http://www.google.com/bot.html)"
40.77.167.63 - - [11/Jul/2017:07:40:11 +0800] "GET / HTTP/1.1" 200 6377 "-" "Mozilla/5.0 (compatible; bingbot/2.0; +http://www.bing.com/bingbot.htm)"
66.249.75.138 - - [11/Jul/2017:09:30:06 +0800] "GET /register HTTP/1.1" 200 6410 "-" "Mozilla/5.0 (compatible; Googlebot/2.1; +http://www.google.com/bot.html)"
66.249.75.9 - - [11/Jul/2017:09:40:16 +0800] "GET /robots.txt HTTP/1.1" 404 14 "-" "Mozilla/5.0 (compatible; Googlebot/2.1; +http://www.google.com/bot.html)"
66.249.75.5 - - [11/Jul/2017:09:40:17 +0800] "GET / HTTP/1.1" 200 6377 "-" "Mozilla/5.0 (compatible; Googlebot/2.1; +http://www.google.com/bot.html)"
66.249.75.7 - - [11/Jul/2017:09:40:33 +0800] "GET /static/css/uikit.min.css HTTP/1.1" 200 69597 "http://www.wuqianlin.cn/" "Mozilla/5.0 (compatible; Googlebot/2.1; +http://www.google.com/bot.html)"
66.249.75.7 - - [11/Jul/2017:09:40:33 +0800] "GET /static/css/uikit.gradient.min.css HTTP/1.1" 200 78834 "http://www.wuqianlin.cn/" "Mozilla/5.0 (compatible; Googlebot/2.1; +http://www.google.com/bot.html)"
66.249.75.7 - - [11/Jul/2017:09:40:34 +0800] "GET /static/css/awesome.css HTTP/1.1" 200 208 "http://www.wuqianlin.cn/" "Mozilla/5.0 (compatible; Googlebot/2.1; +http://www.google.com/bot.html)"
66.249.75.9 - - [11/Jul/2017:10:25:55 +0800] "GET / HTTP/1.1" 200 6377 "-" "Mozilla/5.0 (Linux; Android 6.0.1; Nexus 5X Build/MMB29P) AppleWebKit/537.36 (KHTML, like Gecko) Chrome/41.0.2272.96 Mobile Safari/537.36 (compatible; Googlebot/2.1; +http://www.google.com/bot.html)"
66.249.75.142 - - [11/Jul/2017:11:21:45 +0800] "GET /blog/0014975225224075731faf1eccb45e596169558b2104d9d000 HTTP/1.1" 200 5452 "-" "Mozilla/5.0 (compatible; Googlebot/2.1; +http://www.google.com/bot.html)"
66.249.75.140 - - [11/Jul/2017:11:47:06 +0800] "GET /blog/001496971572499bf1e5a66380843ae8fbbf41bd567f0e3000 HTTP/1.1" 200 11628 "-" "Mozilla/5.0 (compatible; Googlebot/2.1; +http://www.google.com/bot.html)"
163.177.13.2 - - [11/Jul/2017:12:31:29 +0800] "HEAD / HTTP/1.1" 405 0 "-" "curl/7.19.7 (x86_64-redhat-linux-gnu) libcurl/7.19.7 NSS/3.13.1.0 zlib/1.2.3 libidn/1.18 libssh2/1.2.2"
139.199.63.33 - - [11/Jul/2017:17:24:54 +0800] "GET / HTTP/1.1" 200 6377 "-" "Mozilla/4.0 (compatible; MSIE 6.1; Windows NT)"
139.199.62.228 - - [11/Jul/2017:17:25:00 +0800] "GET / HTTP/1.1" 200 6377 "http://www.baidu.com/search/spider.htm" "Mozilla/5.0 (compatible; Baiduspider/2.0; +http://www.baidu.com/search/spider.html)"
40.77.167.63 - - [11/Jul/2017:19:55:09 +0800] "GET / HTTP/1.1" 200 6377 "-" "Mozilla/5.0 (compatible; bingbot/2.0; +http://www.bing.com/bingbot.htm)"
202.108.211.56 - - [11/Jul/2017:21:07:48 +0800] "GET / HTTP/1.1" 200 6377 "-" "Mozilla/5.0 (X11; Linux x86_64) AppleWebKit/535.21 (KHTML, like Gecko) Chrome/19.0.1042.0 Safari/535.21"
202.108.211.56 - - [11/Jul/2017:21:09:40 +0800] "GET / HTTP/1.1" 200 6377 "-" "Mozilla/5.0 (X11; Linux x86_64) AppleWebKit/535.21 (KHTML, like Gecko) Chrome/19.0.1042.0 Safari/535.21"
202.108.211.56 - - [12/Jul/2017:03:39:00 +0800] "GET / HTTP/1.1" 200 6377 "-" "Mozilla/5.0 (X11; Linux x86_64) AppleWebKit/535.21 (KHTML, like Gecko) Chrome/19.0.1042.0 Safari/535.21"
69.58.178.57 - - [12/Jul/2017:04:22:54 +0800] "GET /robots.txt HTTP/1.1" 404 14 "-" "Mozilla/5.0 (compatible; ips-agent)"
69.58.178.57 - - [12/Jul/2017:04:22:55 +0800] "GET / HTTP/1.1" 200 6377 "-" "Mozilla/5.0 (compatible; ips-agent)"
69.58.178.57 - - [12/Jul/2017:04:22:57 +0800] "GET /blog/001497883597918d74097b0fac44cf18cecc7d5ba6352c1000 HTTP/1.1" 200 6178 "-" "Mozilla/5.0 (compatible; ips-agent)"
69.58.178.57 - - [12/Jul/2017:04:22:58 +0800] "GET /read HTTP/1.1" 200 3721 "-" "Mozilla/5.0 (compatible; ips-agent)"
69.58.178.57 - - [12/Jul/2017:04:22:59 +0800] "GET /python HTTP/1.1" 200 4477 "-" "Mozilla/5.0 (compatible; ips-agent)"
69.58.178.57 - - [12/Jul/2017:04:23:00 +0800] "GET /opera HTTP/1.1" 200 5265 "-" "Mozilla/5.0 (compatible; ips-agent)"
69.58.178.57 - - [12/Jul/2017:04:23:02 +0800] "GET /ai HTTP/1.1" 200 4077 "-" "Mozilla/5.0 (compatible; ips-agent)"
69.58.178.57 - - [12/Jul/2017:04:23:03 +0800] "GET /signin HTTP/1.1" 200 2785 "-" "Mozilla/5.0 (compatible; ips-agent)"
69.58.178.57 - - [12/Jul/2017:04:23:04 +0800] "GET /register HTTP/1.1" 200 6410 "-" "Mozilla/5.0 (compatible; ips-agent)"
69.58.178.57 - - [12/Jul/2017:04:23:06 +0800] "GET /blog/0014975225224075731faf1eccb45e596169558b2104d9d000 HTTP/1.1" 200 5452 "-" "Mozilla/5.0 (compatible; ips-agent)"
69.58.178.57 - - [12/Jul/2017:04:23:07 +0800] "GET /blog/00149751507538778a54e67b8754923a0f1e5933490d927000 HTTP/1.1" 200 8821 "-" "Mozilla/5.0 (compatible; ips-agent)"
69.58.178.57 - - [12/Jul/2017:04:23:08 +0800] "GET /blog/0014974219055647750c8be863e40b098ef458686c7f206000 HTTP/1.1" 200 6212 "-" "Mozilla/5.0 (compatible; ips-agent)"
66.249.79.142 - - [12/Jul/2017:08:11:19 +0800] "GET /robots.txt HTTP/1.1" 404 14 "-" "Mozilla/5.0 (compatible; Googlebot/2.1; +http://www.google.com/bot.html)"
66.249.79.142 - - [12/Jul/2017:08:11:19 +0800] "GET /blog/001494343605425e54a8a7a5b8a48fbab4912786bfbc9df000 HTTP/1.1" 500 141 "-" "Mozilla/5.0 (compatible; Googlebot/2.1; +http://www.google.com/bot.html)"
40.77.167.63 - - [12/Jul/2017:09:46:06 +0800] "GET / HTTP/1.1" 200 6377 "-" "Mozilla/5.0 (compatible; bingbot/2.0; +http://www.bing.com/bingbot.htm)"
123.207.95.146 - - [12/Jul/2017:10:05:44 +0800] "GET / HTTP/1.1" 200 6377 "-" "Mozilla/4.0 (compatible; MSIE 6.1; Windows NT)"
139.199.62.227 - - [12/Jul/2017:10:06:16 +0800] "GET / HTTP/1.1" 200 6377 "http://www.baidu.com/search/spider.htm" "Mozilla/5.0 (compatible; Baiduspider/2.0; +http://www.baidu.com/search/spider.html)"
66.249.79.138 - - [12/Jul/2017:10:18:29 +0800] "GET /blog/0014974219055647750c8be863e40b098ef458686c7f206000 HTTP/1.1" 200 6212 "-" "Mozilla/5.0 (compatible; Googlebot/2.1; +http://www.google.com/bot.html)"
