140.205.201.32 - - [22/Jun/2017:14:20:29 +0800] "GET /index.php?m=wap&a=index&siteid=1 HTTP/1.1" 404 14 "-" "Mozilla/4.0 (compatible; MSIE 6.0; Windows NT 5.1;Alibaba.Security.Heimdall.6577126.phpcmsv9-attachment-sql)"
69.58.178.59 - - [22/Jun/2017:14:55:08 +0800] "GET /robots.txt HTTP/1.1" 404 14 "-" "Mozilla/5.0 (compatible; ips-agent)"
69.58.178.59 - - [22/Jun/2017:14:55:09 +0800] "GET / HTTP/1.1" 200 6350 "-" "Mozilla/5.0 (compatible; ips-agent)"
69.58.178.59 - - [22/Jun/2017:14:55:10 +0800] "GET /blog/001497883597918d74097b0fac44cf18cecc7d5ba6352c1000 HTTP/1.1" 200 6169 "-" "Mozilla/5.0 (compatible; ips-agent)"
69.58.178.59 - - [22/Jun/2017:14:55:12 +0800] "GET /read HTTP/1.1" 200 3721 "-" "Mozilla/5.0 (compatible; ips-agent)"
69.58.178.59 - - [22/Jun/2017:14:55:13 +0800] "GET /python HTTP/1.1" 200 4468 "-" "Mozilla/5.0 (compatible; ips-agent)"
69.58.178.59 - - [22/Jun/2017:14:55:14 +0800] "GET /opera HTTP/1.1" 200 5247 "-" "Mozilla/5.0 (compatible; ips-agent)"
69.58.178.59 - - [22/Jun/2017:14:55:15 +0800] "GET /ai HTTP/1.1" 200 4077 "-" "Mozilla/5.0 (compatible; ips-agent)"
69.58.178.59 - - [22/Jun/2017:14:55:17 +0800] "GET /signin HTTP/1.1" 200 2785 "-" "Mozilla/5.0 (compatible; ips-agent)"
69.58.178.59 - - [22/Jun/2017:14:55:18 +0800] "GET /register HTTP/1.1" 200 6410 "-" "Mozilla/5.0 (compatible; ips-agent)"
69.58.178.59 - - [22/Jun/2017:14:55:19 +0800] "GET /blog/0014975225224075731faf1eccb45e596169558b2104d9d000 HTTP/1.1" 200 5443 "-" "Mozilla/5.0 (compatible; ips-agent)"
69.58.178.59 - - [22/Jun/2017:14:55:21 +0800] "GET /blog/00149751507538778a54e67b8754923a0f1e5933490d927000 HTTP/1.1" 200 8812 "-" "Mozilla/5.0 (compatible; ips-agent)"
69.58.178.59 - - [22/Jun/2017:14:55:22 +0800] "GET /blog/0014974219055647750c8be863e40b098ef458686c7f206000 HTTP/1.1" 200 5741 "-" "Mozilla/5.0 (compatible; ips-agent)"
221.11.228.122 - - [22/Jun/2017:17:49:06 +0800] "GET / HTTP/1.0" 200 6359 "-" "Wget/1.12 (linux-gnu)"
139.199.63.33 - - [22/Jun/2017:20:26:04 +0800] "GET / HTTP/1.1" 200 6368 "-" "Mozilla/4.0 (compatible; MSIE 6.1; Windows NT)"
139.199.62.227 - - [22/Jun/2017:20:26:05 +0800] "GET / HTTP/1.1" 200 6368 "http://www.baidu.com/search/spider.htm" "Mozilla/5.0 (compatible; Baiduspider/2.0; +http://www.baidu.com/search/spider.html)"
66.249.64.146 - - [22/Jun/2017:23:26:18 +0800] "GET /robots.txt HTTP/1.1" 404 14 "-" "Mozilla/5.0 (compatible; Googlebot/2.1; +http://www.google.com/bot.html)"
66.249.64.150 - - [22/Jun/2017:23:26:18 +0800] "GET / HTTP/1.1" 200 6368 "-" "Mozilla/5.0 (compatible; Googlebot/2.1; +http://www.google.com/bot.html)"
66.249.64.148 - - [22/Jun/2017:23:33:09 +0800] "GET /blog/001497883597918d74097b0fac44cf18cecc7d5ba6352c1000 HTTP/1.1" 200 6169 "-" "Mozilla/5.0 (compatible; Googlebot/2.1; +http://www.google.com/bot.html)"
66.249.64.148 - - [22/Jun/2017:23:33:25 +0800] "GET /blog/001496971572499bf1e5a66380843ae8fbbf41bd567f0e3000 HTTP/1.1" 200 11628 "-" "Mozilla/5.0 (compatible; Googlebot/2.1; +http://www.google.com/bot.html)"
66.249.64.146 - - [22/Jun/2017:23:33:43 +0800] "GET /blog/0014974219055647750c8be863e40b098ef458686c7f206000 HTTP/1.1" 200 5741 "-" "Mozilla/5.0 (compatible; Googlebot/2.1; +http://www.google.com/bot.html)"
66.249.64.148 - - [22/Jun/2017:23:34:05 +0800] "GET /blog/00149751507538778a54e67b8754923a0f1e5933490d927000 HTTP/1.1" 200 8821 "-" "Mozilla/5.0 (compatible; Googlebot/2.1; +http://www.google.com/bot.html)"
66.249.64.148 - - [22/Jun/2017:23:34:48 +0800] "GET /blog/0014975225224075731faf1eccb45e596169558b2104d9d000 HTTP/1.1" 200 5452 "-" "Mozilla/5.0 (compatible; Googlebot/2.1; +http://www.google.com/bot.html)"
66.249.64.146 - - [22/Jun/2017:23:35:25 +0800] "GET /blog/00149688472371223fcb477476a456292f4a58f0c1ed014000 HTTP/1.1" 200 7051 "-" "Mozilla/5.0 (compatible; Googlebot/2.1; +http://www.google.com/bot.html)"
66.249.64.150 - - [22/Jun/2017:23:36:57 +0800] "GET /blog/ai HTTP/1.1" 500 141 "-" "Mozilla/5.0 (compatible; Googlebot/2.1; +http://www.google.com/bot.html)"
66.249.64.150 - - [22/Jun/2017:23:37:22 +0800] "GET /blog/read HTTP/1.1" 500 141 "-" "Mozilla/5.0 (compatible; Googlebot/2.1; +http://www.google.com/bot.html)"
66.249.64.146 - - [22/Jun/2017:23:37:44 +0800] "GET /blog/opera HTTP/1.1" 500 141 "-" "Mozilla/5.0 (compatible; Googlebot/2.1; +http://www.google.com/bot.html)"
66.249.64.148 - - [22/Jun/2017:23:38:10 +0800] "GET /blog/python HTTP/1.1" 500 141 "-" "Mozilla/5.0 (compatible; Googlebot/2.1; +http://www.google.com/bot.html)"
66.249.64.148 - - [22/Jun/2017:23:38:32 +0800] "GET /api/blogs/0014974219055647750c8be863e40b098ef458686c7f206000/comments HTTP/1.1" 405 23 "-" "Mozilla/5.0 (compatible; Googlebot/2.1; +http://www.google.com/bot.html)"
66.249.64.146 - - [22/Jun/2017:23:38:56 +0800] "GET /api/blogs/00149688472371223fcb477476a456292f4a58f0c1ed014000/comments HTTP/1.1" 405 23 "-" "Mozilla/5.0 (compatible; Googlebot/2.1; +http://www.google.com/bot.html)"
66.249.64.150 - - [22/Jun/2017:23:39:19 +0800] "GET /api/blogs/0014975225224075731faf1eccb45e596169558b2104d9d000/comments HTTP/1.1" 405 23 "-" "Mozilla/5.0 (compatible; Googlebot/2.1; +http://www.google.com/bot.html)"
66.249.64.146 - - [22/Jun/2017:23:39:42 +0800] "GET /api/blogs/00149751507538778a54e67b8754923a0f1e5933490d927000/comments HTTP/1.1" 405 23 "-" "Mozilla/5.0 (compatible; Googlebot/2.1; +http://www.google.com/bot.html)"
66.249.64.148 - - [22/Jun/2017:23:40:07 +0800] "GET /api/blogs/001497883597918d74097b0fac44cf18cecc7d5ba6352c1000/comments HTTP/1.1" 405 23 "-" "Mozilla/5.0 (compatible; Googlebot/2.1; +http://www.google.com/bot.html)"
66.249.64.146 - - [22/Jun/2017:23:40:34 +0800] "GET /api/blogs/001496971572499bf1e5a66380843ae8fbbf41bd567f0e3000/comments HTTP/1.1" 405 23 "-" "Mozilla/5.0 (compatible; Googlebot/2.1; +http://www.google.com/bot.html)"
203.208.60.220 - - [22/Jun/2017:23:51:09 +0800] "GET /robots.txt HTTP/1.1" 404 14 "-" "Mozilla/5.0 (compatible; Googlebot/2.1; +http://www.google.com/bot.html)"
203.208.60.220 - - [22/Jun/2017:23:51:09 +0800] "GET / HTTP/1.1" 200 6368 "-" "Mozilla/5.0 (Linux; Android 6.0.1; Nexus 5X Build/MMB29P) AppleWebKit/537.36 (KHTML, like Gecko) Chrome/41.0.2272.96 Mobile Safari/537.36 (compatible; Googlebot/2.1; +http://www.google.com/bot.html)"
202.108.211.56 - - [23/Jun/2017:00:25:21 +0800] "GET / HTTP/1.1" 200 6368 "-" "Mozilla/5.0 (X11; Linux x86_64) AppleWebKit/535.21 (KHTML, like Gecko) Chrome/19.0.1042.0 Safari/535.21"
203.208.60.204 - - [23/Jun/2017:00:29:00 +0800] "GET /static/css/uikit.min.css HTTP/1.1" 200 69597 "http://www.wuqianlin.cn/" "Mozilla/5.0 (compatible; Googlebot/2.1; +http://www.google.com/bot.html)"
203.208.60.204 - - [23/Jun/2017:00:29:01 +0800] "GET /static/css/awesome.css HTTP/1.1" 200 208 "http://www.wuqianlin.cn/" "Mozilla/5.0 (compatible; Googlebot/2.1; +http://www.google.com/bot.html)"
203.208.60.204 - - [23/Jun/2017:00:29:01 +0800] "GET /static/css/uikit.gradient.min.css HTTP/1.1" 200 78834 "http://www.wuqianlin.cn/" "Mozilla/5.0 (compatible; Googlebot/2.1; +http://www.google.com/bot.html)"
202.108.211.56 - - [23/Jun/2017:01:26:57 +0800] "GET / HTTP/1.1" 200 6368 "-" "Mozilla/5.0 (X11; Linux x86_64) AppleWebKit/535.21 (KHTML, like Gecko) Chrome/19.0.1042.0 Safari/535.21"
203.208.60.203 - - [23/Jun/2017:01:27:29 +0800] "GET / HTTP/1.1" 200 6368 "-" "Mozilla/5.0 (Linux; Android 6.0.1; Nexus 5X Build/MMB29P) AppleWebKit/537.36 (KHTML, like Gecko) Chrome/41.0.2272.96 Mobile Safari/537.36 (compatible; Googlebot/2.1; +http://www.google.com/bot.html)"
203.208.60.225 - - [23/Jun/2017:01:50:44 +0800] "GET / HTTP/1.1" 200 6368 "-" "Mozilla/5.0 (compatible; Googlebot/2.1; +http://www.google.com/bot.html)"
202.108.211.56 - - [23/Jun/2017:01:50:44 +0800] "GET / HTTP/1.1" 200 6368 "-" "Mozilla/5.0 (X11; Linux x86_64) AppleWebKit/535.21 (KHTML, like Gecko) Chrome/19.0.1042.0 Safari/535.21"
203.208.60.208 - - [23/Jun/2017:01:51:54 +0800] "GET /blog/0014975225224075731faf1eccb45e596169558b2104d9d000 HTTP/1.1" 200 5452 "-" "Mozilla/5.0 (compatible; Googlebot/2.1; +http://www.google.com/bot.html)"
203.208.60.236 - - [23/Jun/2017:01:52:17 +0800] "GET /blog/001496971572499bf1e5a66380843ae8fbbf41bd567f0e3000 HTTP/1.1" 200 11628 "-" "Mozilla/5.0 (compatible; Googlebot/2.1; +http://www.google.com/bot.html)"
203.208.60.251 - - [23/Jun/2017:01:52:43 +0800] "GET /blog/0014974219055647750c8be863e40b098ef458686c7f206000 HTTP/1.1" 200 5741 "-" "Mozilla/5.0 (compatible; Googlebot/2.1; +http://www.google.com/bot.html)"
203.208.60.243 - - [23/Jun/2017:01:53:13 +0800] "GET /blog/00149688472371223fcb477476a456292f4a58f0c1ed014000 HTTP/1.1" 200 7051 "-" "Mozilla/5.0 (compatible; Googlebot/2.1; +http://www.google.com/bot.html)"
203.208.60.243 - - [23/Jun/2017:01:53:52 +0800] "GET /blog/00149751507538778a54e67b8754923a0f1e5933490d927000 HTTP/1.1" 200 8821 "-" "Mozilla/5.0 (compatible; Googlebot/2.1; +http://www.google.com/bot.html)"
203.208.60.193 - - [23/Jun/2017:01:55:26 +0800] "GET /blog/001497883597918d74097b0fac44cf18cecc7d5ba6352c1000 HTTP/1.1" 200 6169 "-" "Mozilla/5.0 (compatible; Googlebot/2.1; +http://www.google.com/bot.html)"
203.208.60.240 - - [23/Jun/2017:01:56:51 +0800] "GET /api/blogs/00149751507538778a54e67b8754923a0f1e5933490d927000/comments HTTP/1.1" 405 23 "-" "Mozilla/5.0 (compatible; Googlebot/2.1; +http://www.google.com/bot.html)"
203.208.60.199 - - [23/Jun/2017:01:59:17 +0800] "GET /blog/ai HTTP/1.1" 500 141 "-" "Mozilla/5.0 (compatible; Googlebot/2.1; +http://www.google.com/bot.html)"
203.208.60.234 - - [23/Jun/2017:01:59:27 +0800] "GET /blog/read HTTP/1.1" 500 141 "-" "Mozilla/5.0 (compatible; Googlebot/2.1; +http://www.google.com/bot.html)"
203.208.60.232 - - [23/Jun/2017:01:59:38 +0800] "GET /blog/python HTTP/1.1" 500 141 "-" "Mozilla/5.0 (compatible; Googlebot/2.1; +http://www.google.com/bot.html)"
203.208.60.231 - - [23/Jun/2017:01:59:48 +0800] "GET /api/blogs/00149688472371223fcb477476a456292f4a58f0c1ed014000/comments HTTP/1.1" 405 23 "-" "Mozilla/5.0 (compatible; Googlebot/2.1; +http://www.google.com/bot.html)"
203.208.60.252 - - [23/Jun/2017:01:59:48 +0800] "GET /api/blogs/001497883597918d74097b0fac44cf18cecc7d5ba6352c1000/comments HTTP/1.1" 405 23 "-" "Mozilla/5.0 (compatible; Googlebot/2.1; +http://www.google.com/bot.html)"
203.208.60.198 - - [23/Jun/2017:01:59:49 +0800] "GET /api/blogs/0014975225224075731faf1eccb45e596169558b2104d9d000/comments HTTP/1.1" 405 23 "-" "Mozilla/5.0 (compatible; Googlebot/2.1; +http://www.google.com/bot.html)"
203.208.60.229 - - [23/Jun/2017:01:59:59 +0800] "GET /api/blogs/001496971572499bf1e5a66380843ae8fbbf41bd567f0e3000/comments HTTP/1.1" 405 23 "-" "Mozilla/5.0 (compatible; Googlebot/2.1; +http://www.google.com/bot.html)"
203.208.60.217 - - [23/Jun/2017:02:00:19 +0800] "GET /api/blogs/0014974219055647750c8be863e40b098ef458686c7f206000/comments HTTP/1.1" 405 23 "-" "Mozilla/5.0 (compatible; Googlebot/2.1; +http://www.google.com/bot.html)"
203.208.60.231 - - [23/Jun/2017:02:00:42 +0800] "GET /blog/opera HTTP/1.1" 500 141 "-" "Mozilla/5.0 (compatible; Googlebot/2.1; +http://www.google.com/bot.html)"
163.177.13.2 - - [23/Jun/2017:02:56:13 +0800] "HEAD / HTTP/1.1" 405 0 "-" "curl/7.19.7 (x86_64-redhat-linux-gnu) libcurl/7.19.7 NSS/3.13.1.0 zlib/1.2.3 libidn/1.18 libssh2/1.2.2"
221.11.231.14 - - [23/Jun/2017:02:59:34 +0800] "GET / HTTP/1.0" 200 6368 "-" "Wget/1.12 (linux-gnu)"
157.55.39.23 - - [23/Jun/2017:03:24:15 +0800] "GET /robots.txt HTTP/1.1" 404 14 "-" "Mozilla/5.0 (compatible; bingbot/2.0; +http://www.bing.com/bingbot.htm)"
207.46.13.4 - - [23/Jun/2017:03:24:26 +0800] "GET / HTTP/1.1" 200 6368 "-" "Mozilla/5.0 (compatible; bingbot/2.0; +http://www.bing.com/bingbot.htm)"
203.208.60.205 - - [23/Jun/2017:06:17:33 +0800] "GET /blog/read HTTP/1.1" 500 141 "-" "Mozilla/5.0 (compatible; Googlebot/2.1; +http://www.google.com/bot.html)"
203.208.60.233 - - [23/Jun/2017:06:23:44 +0800] "GET /blog/ai HTTP/1.1" 500 141 "-" "Mozilla/5.0 (compatible; Googlebot/2.1; +http://www.google.com/bot.html)"
203.208.60.249 - - [23/Jun/2017:06:23:54 +0800] "GET /blog/opera HTTP/1.1" 500 141 "-" "Mozilla/5.0 (compatible; Googlebot/2.1; +http://www.google.com/bot.html)"
203.208.60.198 - - [23/Jun/2017:06:24:05 +0800] "GET /blog/000005 HTTP/1.1" 200 8198 "-" "Mozilla/5.0 (compatible; Googlebot/2.1; +http://www.google.com/bot.html)"
163.177.13.2 - - [23/Jun/2017:06:45:48 +0800] "HEAD / HTTP/1.1" 405 0 "-" "curl/7.19.7 (x86_64-redhat-linux-gnu) libcurl/7.19.7 NSS/3.13.1.0 zlib/1.2.3 libidn/1.18 libssh2/1.2.2"
163.177.13.2 - - [23/Jun/2017:07:05:30 +0800] "HEAD / HTTP/1.1" 405 0 "-" "curl/7.19.7 (x86_64-redhat-linux-gnu) libcurl/7.19.7 NSS/3.13.1.0 zlib/1.2.3 libidn/1.18 libssh2/1.2.2"
183.62.48.38 - - [23/Jun/2017:07:09:15 +0800] "GET / HTTP/1.1" 200 6368 "-" "Mozilla/5.0 (Windows NT 6.1; Win64; x64) AppleWebKit/537.36 (KHTML, like Gecko) Chrome/46.0.2490.86 Safari/537.36"
175.152.28.172 - - [23/Jun/2017:07:36:14 +0800] "GET / HTTP/1.0" 200 6368 "-" "Wget/1.12 (linux-gnu)"
203.208.60.224 - - [23/Jun/2017:09:06:19 +0800] "GET /blog/001494343605425e54a8a7a5b8a48fbab4912786bfbc9df000 HTTP/1.1" 500 141 "-" "Mozilla/5.0 (compatible; Googlebot/2.1; +http://www.google.com/bot.html)"
203.208.60.204 - - [23/Jun/2017:09:20:36 +0800] "GET /blog/read HTTP/1.1" 500 141 "-" "Mozilla/5.0 (compatible; Googlebot/2.1; +http://www.google.com/bot.html)"
203.208.60.252 - - [23/Jun/2017:09:20:53 +0800] "GET /blog/python HTTP/1.1" 500 141 "-" "Mozilla/5.0 (compatible; Googlebot/2.1; +http://www.google.com/bot.html)"
203.208.60.237 - - [23/Jun/2017:09:21:08 +0800] "GET /blog/ai HTTP/1.1" 500 141 "-" "Mozilla/5.0 (compatible; Googlebot/2.1; +http://www.google.com/bot.html)"
203.208.60.224 - - [23/Jun/2017:09:21:18 +0800] "GET /blog/opera HTTP/1.1" 500 141 "-" "Mozilla/5.0 (compatible; Googlebot/2.1; +http://www.google.com/bot.html)"
163.177.13.2 - - [23/Jun/2017:11:02:45 +0800] "HEAD / HTTP/1.1" 405 0 "-" "curl/7.19.7 (x86_64-redhat-linux-gnu) libcurl/7.19.7 NSS/3.13.1.0 zlib/1.2.3 libidn/1.18 libssh2/1.2.2"
203.208.60.212 - - [23/Jun/2017:11:43:39 +0800] "GET / HTTP/1.1" 200 6368 "-" "Mozilla/5.0 (Linux; Android 6.0.1; Nexus 5X Build/MMB29P) AppleWebKit/537.36 (KHTML, like Gecko) Chrome/41.0.2272.96 Mobile Safari/537.36 (compatible; Googlebot/2.1; +http://www.google.com/bot.html)"
203.208.60.247 - - [23/Jun/2017:11:43:42 +0800] "GET /static/css/uikit.gradient.min.css HTTP/1.1" 200 78834 "http://www.wuqianlin.com/" "Mozilla/5.0 (compatible; Googlebot/2.1; +http://www.google.com/bot.html)"
203.208.60.207 - - [23/Jun/2017:11:43:42 +0800] "GET /static/css/awesome.css HTTP/1.1" 200 208 "http://www.wuqianlin.com/" "Mozilla/5.0 (compatible; Googlebot/2.1; +http://www.google.com/bot.html)"
203.208.60.229 - - [23/Jun/2017:11:43:43 +0800] "GET /static/css/uikit.min.css HTTP/1.1" 200 69597 "http://www.wuqianlin.com/" "Mozilla/5.0 (compatible; Googlebot/2.1; +http://www.google.com/bot.html)"
124.152.237.172 - - [23/Jun/2017:12:12:11 +0800] "GET / HTTP/1.0" 200 6368 "-" "Wget/1.12 (linux-gnu)"
123.207.95.146 - - [23/Jun/2017:12:37:13 +0800] "GET / HTTP/1.1" 200 6368 "-" "Mozilla/4.0 (compatible; MSIE 6.1; Windows NT)"
139.199.62.227 - - [23/Jun/2017:12:37:43 +0800] "GET / HTTP/1.1" 200 6368 "http://www.baidu.com/search/spider.htm" "Mozilla/5.0 (compatible; Baiduspider/2.0; +http://www.baidu.com/search/spider.html)"
203.208.60.203 - - [23/Jun/2017:13:08:58 +0800] "GET /robots.txt HTTP/1.1" 404 14 "-" "Mozilla/5.0 (compatible; Googlebot/2.1; +http://www.google.com/bot.html)"
203.208.60.203 - - [23/Jun/2017:13:08:58 +0800] "GET /blog/read HTTP/1.1" 500 141 "-" "Mozilla/5.0 (compatible; Googlebot/2.1; +http://www.google.com/bot.html)"
203.208.60.207 - - [23/Jun/2017:13:09:17 +0800] "GET /blog/opera HTTP/1.1" 500 141 "-" "Mozilla/5.0 (compatible; Googlebot/2.1; +http://www.google.com/bot.html)"
203.208.60.203 - - [23/Jun/2017:13:10:20 +0800] "GET /blog/ai HTTP/1.1" 500 141 "-" "Mozilla/5.0 (compatible; Googlebot/2.1; +http://www.google.com/bot.html)"
40.77.167.115 - - [23/Jun/2017:14:41:26 +0800] "GET / HTTP/1.1" 200 6368 "-" "Mozilla/5.0 (compatible; bingbot/2.0; +http://www.bing.com/bingbot.htm)"
163.177.13.2 - - [23/Jun/2017:14:53:39 +0800] "HEAD / HTTP/1.1" 405 0 "-" "curl/7.19.7 (x86_64-redhat-linux-gnu) libcurl/7.19.7 NSS/3.13.1.0 zlib/1.2.3 libidn/1.18 libssh2/1.2.2"
203.208.60.193 - - [23/Jun/2017:16:24:08 +0800] "GET /blog/ai HTTP/1.1" 500 141 "-" "Mozilla/5.0 (compatible; Googlebot/2.1; +http://www.google.com/bot.html)"
203.208.60.238 - - [23/Jun/2017:16:24:20 +0800] "GET /robots.txt HTTP/1.1" 404 14 "-" "Mozilla/5.0 (compatible; Googlebot/2.1; +http://www.google.com/bot.html)"
203.208.60.214 - - [23/Jun/2017:16:24:20 +0800] "GET /blog/ai HTTP/1.1" 500 141 "-" "Mozilla/5.0 (compatible; Googlebot/2.1; +http://www.google.com/bot.html)"
203.208.60.252 - - [23/Jun/2017:16:24:35 +0800] "GET /blog/read HTTP/1.1" 500 141 "-" "Mozilla/5.0 (compatible; Googlebot/2.1; +http://www.google.com/bot.html)"
203.208.60.196 - - [23/Jun/2017:16:24:50 +0800] "GET /blog/opera HTTP/1.1" 500 141 "-" "Mozilla/5.0 (compatible; Googlebot/2.1; +http://www.google.com/bot.html)"
203.208.60.194 - - [23/Jun/2017:16:25:05 +0800] "GET /blog/opera HTTP/1.1" 500 141 "-" "Mozilla/5.0 (compatible; Googlebot/2.1; +http://www.google.com/bot.html)"
203.208.60.195 - - [23/Jun/2017:16:25:21 +0800] "GET /blog/python HTTP/1.1" 500 141 "-" "Mozilla/5.0 (compatible; Googlebot/2.1; +http://www.google.com/bot.html)"
203.208.60.211 - - [23/Jun/2017:16:25:40 +0800] "GET /blog/read HTTP/1.1" 500 141 "-" "Mozilla/5.0 (compatible; Googlebot/2.1; +http://www.google.com/bot.html)"
106.45.1.223 - - [23/Jun/2017:16:57:45 +0800] "GET / HTTP/1.0" 200 6368 "-" "Wget/1.12 (linux-gnu)"
203.208.60.207 - - [23/Jun/2017:17:35:48 +0800] "GET /blog/python HTTP/1.1" 500 141 "-" "Mozilla/5.0 (compatible; Googlebot/2.1; +http://www.google.com/bot.html)"
203.208.60.219 - - [23/Jun/2017:18:43:49 +0800] "GET /blog/opera HTTP/1.1" 500 141 "-" "Mozilla/5.0 (compatible; Googlebot/2.1; +http://www.google.com/bot.html)"
203.208.60.195 - - [23/Jun/2017:18:43:59 +0800] "GET /blog/python HTTP/1.1" 500 141 "-" "Mozilla/5.0 (compatible; Googlebot/2.1; +http://www.google.com/bot.html)"
203.208.60.204 - - [23/Jun/2017:18:44:10 +0800] "GET /blog/read HTTP/1.1" 500 141 "-" "Mozilla/5.0 (compatible; Googlebot/2.1; +http://www.google.com/bot.html)"
203.208.60.216 - - [23/Jun/2017:18:47:26 +0800] "GET /blog/ai HTTP/1.1" 500 141 "-" "Mozilla/5.0 (compatible; Googlebot/2.1; +http://www.google.com/bot.html)"
118.81.236.100 - - [23/Jun/2017:21:33:06 +0800] "GET / HTTP/1.0" 200 6368 "-" "Wget/1.12 (linux-gnu)"
180.76.15.161 - - [23/Jun/2017:22:47:00 +0800] "GET /blog/000005 HTTP/1.1" 200 8198 "-" "Mozilla/5.0 (compatible; Baiduspider/2.0; +http://www.baidu.com/search/spider.html)"
203.208.60.213 - - [24/Jun/2017:00:13:06 +0800] "GET /blog/read HTTP/1.1" 500 141 "-" "Mozilla/5.0 (compatible; Googlebot/2.1; +http://www.google.com/bot.html)"
203.208.60.199 - - [24/Jun/2017:00:13:17 +0800] "GET /blog/python HTTP/1.1" 500 141 "-" "Mozilla/5.0 (compatible; Googlebot/2.1; +http://www.google.com/bot.html)"
203.208.60.209 - - [24/Jun/2017:00:13:34 +0800] "GET /blog/ai HTTP/1.1" 500 141 "-" "Mozilla/5.0 (compatible; Googlebot/2.1; +http://www.google.com/bot.html)"
203.208.60.249 - - [24/Jun/2017:00:13:53 +0800] "GET /blog/ai HTTP/1.1" 500 141 "-" "Mozilla/5.0 (compatible; Googlebot/2.1; +http://www.google.com/bot.html)"
203.208.60.223 - - [24/Jun/2017:00:14:18 +0800] "GET /blog/opera HTTP/1.1" 500 141 "-" "Mozilla/5.0 (compatible; Googlebot/2.1; +http://www.google.com/bot.html)"
203.208.60.241 - - [24/Jun/2017:00:14:55 +0800] "GET /blog/python HTTP/1.1" 500 141 "-" "Mozilla/5.0 (compatible; Googlebot/2.1; +http://www.google.com/bot.html)"
203.208.60.223 - - [24/Jun/2017:00:16:44 +0800] "GET /blog/read HTTP/1.1" 500 141 "-" "Mozilla/5.0 (compatible; Googlebot/2.1; +http://www.google.com/bot.html)"
203.208.60.242 - - [24/Jun/2017:00:18:20 +0800] "GET /blog/opera HTTP/1.1" 500 141 "-" "Mozilla/5.0 (compatible; Googlebot/2.1; +http://www.google.com/bot.html)"
157.55.39.156 - - [24/Jun/2017:05:32:00 +0800] "GET / HTTP/1.1" 200 6368 "-" "Mozilla/5.0 (compatible; bingbot/2.0; +http://www.bing.com/bingbot.htm)"
202.108.211.56 - - [24/Jun/2017:05:48:25 +0800] "GET / HTTP/1.1" 200 6368 "-" "Mozilla/5.0 (X11; Linux x86_64) AppleWebKit/535.21 (KHTML, like Gecko) Chrome/19.0.1042.0 Safari/535.21"
52.87.86.158 - - [24/Jun/2017:06:13:35 +0800] "GET / HTTP/1.1" 200 6368 "-" "Mozilla/5.0 (Macintosh; Intel Mac OS X 10_11_6) AppleWebKit/537.36 (KHTML, like Gecko) Chrome/55.0.2883.95 Safari/537.36"
123.207.95.146 - - [24/Jun/2017:06:29:33 +0800] "GET / HTTP/1.1" 200 6368 "-" "Mozilla/4.0 (compatible; MSIE 6.1; Windows NT)"
139.199.62.227 - - [24/Jun/2017:06:30:25 +0800] "GET / HTTP/1.1" 200 6368 "http://www.baidu.com/search/spider.htm" "Mozilla/5.0 (compatible; Baiduspider/2.0; +http://www.baidu.com/search/spider.html)"
202.108.211.56 - - [24/Jun/2017:06:38:54 +0800] "GET / HTTP/1.1" 200 6368 "-" "Mozilla/5.0 (X11; Linux x86_64) AppleWebKit/535.21 (KHTML, like Gecko) Chrome/19.0.1042.0 Safari/535.21"
202.108.211.56 - - [24/Jun/2017:10:11:54 +0800] "GET / HTTP/1.1" 200 6368 "-" "Mozilla/5.0 (X11; Linux x86_64) AppleWebKit/535.21 (KHTML, like Gecko) Chrome/19.0.1042.0 Safari/535.21"
157.55.39.156 - - [24/Jun/2017:18:00:37 +0800] "GET / HTTP/1.1" 200 6368 "-" "Mozilla/5.0 (compatible; bingbot/2.0; +http://www.bing.com/bingbot.htm)"
163.177.13.2 - - [24/Jun/2017:18:46:38 +0800] "HEAD / HTTP/1.1" 405 0 "-" "curl/7.19.7 (x86_64-redhat-linux-gnu) libcurl/7.19.7 NSS/3.13.1.0 zlib/1.2.3 libidn/1.18 libssh2/1.2.2"
139.199.63.33 - - [24/Jun/2017:23:43:48 +0800] "GET / HTTP/1.1" 200 6368 "-" "Mozilla/4.0 (compatible; MSIE 6.1; Windows NT)"
139.199.62.227 - - [24/Jun/2017:23:43:50 +0800] "GET / HTTP/1.1" 200 6368 "http://www.baidu.com/search/spider.htm" "Mozilla/5.0 (compatible; Baiduspider/2.0; +http://www.baidu.com/search/spider.html)"
104.192.74.40 - - [25/Jun/2017:04:07:41 +0800] "GET /robots.txt HTTP/1.1" 404 14 "http://www.wuqianlin.xyz/robots.txt" "Mozilla/5.0 (Windows NT 6.1; WOW64) AppleWebKit/537.36 (KHTML, like Gecko) Chrome/39.0.2171.95 Safari/537.36"
104.192.74.40 - - [25/Jun/2017:04:07:42 +0800] "GET / HTTP/1.1" 200 6368 "http://www.wuqianlin.xyz" "Mozilla/5.0 (Windows NT 6.1; WOW64) AppleWebKit/537.36 (KHTML, like Gecko) Chrome/39.0.2171.95 Safari/537.36"
104.192.74.40 - - [25/Jun/2017:04:07:42 +0800] "GET / HTTP/1.1" 200 6368 "-" "Mozilla"
104.192.74.40 - - [25/Jun/2017:04:08:13 +0800] "GET /read HTTP/1.1" 200 3721 "http://www.wuqianlin.xyz/read" "Mozilla/5.0 (Windows NT 6.1; WOW64) AppleWebKit/537.36 (KHTML, like Gecko) Chrome/39.0.2171.95 Safari/537.36"
104.192.74.40 - - [25/Jun/2017:04:08:13 +0800] "GET / HTTP/1.1" 200 6368 "http://www.wuqianlin.xyz/" "Mozilla/5.0 (Windows NT 6.1; WOW64) AppleWebKit/537.36 (KHTML, like Gecko) Chrome/39.0.2171.95 Safari/537.36"
104.192.74.40 - - [25/Jun/2017:04:08:13 +0800] "GET /read HTTP/1.1" 200 3721 "-" "Mozilla"
104.192.74.40 - - [25/Jun/2017:04:08:14 +0800] "GET / HTTP/1.1" 200 6368 "-" "Mozilla"
104.192.74.40 - - [25/Jun/2017:04:08:14 +0800] "GET /python HTTP/1.1" 200 4468 "http://www.wuqianlin.xyz/python" "Mozilla/5.0 (Windows NT 6.1; WOW64) AppleWebKit/537.36 (KHTML, like Gecko) Chrome/39.0.2171.95 Safari/537.36"
104.192.74.40 - - [25/Jun/2017:04:08:14 +0800] "GET /python HTTP/1.1" 200 4468 "-" "Mozilla"
104.192.74.40 - - [25/Jun/2017:04:08:14 +0800] "GET /opera HTTP/1.1" 200 5265 "http://www.wuqianlin.xyz/opera" "Mozilla/5.0 (Windows NT 6.1; WOW64) AppleWebKit/537.36 (KHTML, like Gecko) Chrome/39.0.2171.95 Safari/537.36"
104.192.74.40 - - [25/Jun/2017:04:08:14 +0800] "GET /opera HTTP/1.1" 200 5265 "-" "Mozilla"
104.192.74.40 - - [25/Jun/2017:04:08:14 +0800] "GET /ai HTTP/1.1" 200 4077 "http://www.wuqianlin.xyz/ai" "Mozilla/5.0 (Windows NT 6.1; WOW64) AppleWebKit/537.36 (KHTML, like Gecko) Chrome/39.0.2171.95 Safari/537.36"
104.192.74.40 - - [25/Jun/2017:04:08:14 +0800] "GET /signin HTTP/1.1" 200 2785 "http://www.wuqianlin.xyz/signin" "Mozilla/5.0 (Windows NT 6.1; WOW64) AppleWebKit/537.36 (KHTML, like Gecko) Chrome/39.0.2171.95 Safari/537.36"
104.192.74.40 - - [25/Jun/2017:04:08:15 +0800] "GET /ai HTTP/1.1" 200 4077 "-" "Mozilla"
104.192.74.40 - - [25/Jun/2017:04:08:15 +0800] "GET /signin HTTP/1.1" 200 2785 "-" "Mozilla"
104.192.74.40 - - [25/Jun/2017:04:08:15 +0800] "GET /register HTTP/1.1" 200 6410 "http://www.wuqianlin.xyz/register" "Mozilla/5.0 (Windows NT 6.1; WOW64) AppleWebKit/537.36 (KHTML, like Gecko) Chrome/39.0.2171.95 Safari/537.36"
104.192.74.40 - - [25/Jun/2017:04:08:15 +0800] "GET /register HTTP/1.1" 200 6410 "-" "Mozilla"
104.192.74.40 - - [25/Jun/2017:04:08:15 +0800] "GET /blog/001497883597918d74097b0fac44cf18cecc7d5ba6352c1000 HTTP/1.1" 200 6169 "http://www.wuqianlin.xyz/blog/001497883597918d74097b0fac44cf18cecc7d5ba6352c1000" "Mozilla/5.0 (Windows NT 6.1; WOW64) AppleWebKit/537.36 (KHTML, like Gecko) Chrome/39.0.2171.95 Safari/537.36"
104.192.74.40 - - [25/Jun/2017:04:08:15 +0800] "GET /blog/001497883597918d74097b0fac44cf18cecc7d5ba6352c1000 HTTP/1.1" 200 6169 "-" "Mozilla"
104.192.74.40 - - [25/Jun/2017:04:08:15 +0800] "GET /blog/0014975225224075731faf1eccb45e596169558b2104d9d000 HTTP/1.1" 200 5452 "http://www.wuqianlin.xyz/blog/0014975225224075731faf1eccb45e596169558b2104d9d000" "Mozilla/5.0 (Windows NT 6.1; WOW64) AppleWebKit/537.36 (KHTML, like Gecko) Chrome/39.0.2171.95 Safari/537.36"
104.192.74.40 - - [25/Jun/2017:04:08:16 +0800] "GET /blog/00149751507538778a54e67b8754923a0f1e5933490d927000 HTTP/1.1" 200 8821 "http://www.wuqianlin.xyz/blog/00149751507538778a54e67b8754923a0f1e5933490d927000" "Mozilla/5.0 (Windows NT 6.1; WOW64) AppleWebKit/537.36 (KHTML, like Gecko) Chrome/39.0.2171.95 Safari/537.36"
104.192.74.40 - - [25/Jun/2017:04:08:16 +0800] "GET /blog/0014975225224075731faf1eccb45e596169558b2104d9d000 HTTP/1.1" 200 5452 "-" "Mozilla"
104.192.74.40 - - [25/Jun/2017:04:08:16 +0800] "GET /blog/0014974219055647750c8be863e40b098ef458686c7f206000 HTTP/1.1" 200 5741 "http://www.wuqianlin.xyz/blog/0014974219055647750c8be863e40b098ef458686c7f206000" "Mozilla/5.0 (Windows NT 6.1; WOW64) AppleWebKit/537.36 (KHTML, like Gecko) Chrome/39.0.2171.95 Safari/537.36"
104.192.74.40 - - [25/Jun/2017:04:08:16 +0800] "GET /blog/00149751507538778a54e67b8754923a0f1e5933490d927000 HTTP/1.1" 200 8821 "-" "Mozilla"
104.192.74.40 - - [25/Jun/2017:04:08:16 +0800] "GET /blog/0014974219055647750c8be863e40b098ef458686c7f206000 HTTP/1.1" 200 5741 "-" "Mozilla"
104.192.74.40 - - [25/Jun/2017:04:08:17 +0800] "GET /blog/001496971572499bf1e5a66380843ae8fbbf41bd567f0e3000 HTTP/1.1" 200 11628 "http://www.wuqianlin.xyz/blog/001496971572499bf1e5a66380843ae8fbbf41bd567f0e3000" "Mozilla/5.0 (Windows NT 6.1; WOW64) AppleWebKit/537.36 (KHTML, like Gecko) Chrome/39.0.2171.95 Safari/537.36"
104.192.74.40 - - [25/Jun/2017:04:08:17 +0800] "GET /blog/001496971572499bf1e5a66380843ae8fbbf41bd567f0e3000 HTTP/1.1" 200 11628 "-" "Mozilla"
104.192.74.40 - - [25/Jun/2017:04:08:18 +0800] "GET /blog/00149688472371223fcb477476a456292f4a58f0c1ed014000 HTTP/1.1" 200 7051 "http://www.wuqianlin.xyz/blog/00149688472371223fcb477476a456292f4a58f0c1ed014000" "Mozilla/5.0 (Windows NT 6.1; WOW64) AppleWebKit/537.36 (KHTML, like Gecko) Chrome/39.0.2171.95 Safari/537.36"
104.192.74.40 - - [25/Jun/2017:04:08:18 +0800] "GET /blog/000005 HTTP/1.1" 200 8198 "http://www.wuqianlin.xyz/blog/000005" "Mozilla/5.0 (Windows NT 6.1; WOW64) AppleWebKit/537.36 (KHTML, like Gecko) Chrome/39.0.2171.95 Safari/537.36"
104.192.74.40 - - [25/Jun/2017:04:08:18 +0800] "GET /blog/000005 HTTP/1.1" 200 8198 "-" "Mozilla"
104.192.74.40 - - [25/Jun/2017:04:08:18 +0800] "GET /manage/ HTTP/1.1" 302 10 "http://www.wuqianlin.xyz/manage/" "Mozilla/5.0 (Windows NT 6.1; WOW64) AppleWebKit/537.36 (KHTML, like Gecko) Chrome/39.0.2171.95 Safari/537.36"
104.192.74.40 - - [25/Jun/2017:04:08:18 +0800] "GET /blog/00149688472371223fcb477476a456292f4a58f0c1ed014000 HTTP/1.1" 200 7051 "-" "Mozilla"
104.192.74.40 - - [25/Jun/2017:04:08:19 +0800] "GET /signin HTTP/1.1" 200 2785 "http://www.wuqianlin.xyz/manage/" "Mozilla/5.0 (Windows NT 6.1; WOW64) AppleWebKit/537.36 (KHTML, like Gecko) Chrome/39.0.2171.95 Safari/537.36"
104.192.74.40 - - [25/Jun/2017:04:08:19 +0800] "GET /blog/read HTTP/1.1" 500 141 "http://www.wuqianlin.xyz/blog/read" "Mozilla/5.0 (Windows NT 6.1; WOW64) AppleWebKit/537.36 (KHTML, like Gecko) Chrome/39.0.2171.95 Safari/537.36"
104.192.74.40 - - [25/Jun/2017:04:08:19 +0800] "GET /blog/python HTTP/1.1" 500 141 "http://www.wuqianlin.xyz/blog/python" "Mozilla/5.0 (Windows NT 6.1; WOW64) AppleWebKit/537.36 (KHTML, like Gecko) Chrome/39.0.2171.95 Safari/537.36"
104.192.74.40 - - [25/Jun/2017:04:08:19 +0800] "GET /signin HTTP/1.1" 200 2785 "-" "Mozilla"
104.192.74.40 - - [25/Jun/2017:04:08:19 +0800] "GET /blog/read HTTP/1.1" 500 141 "-" "Mozilla"
104.192.74.40 - - [25/Jun/2017:04:08:19 +0800] "GET /blog/python HTTP/1.1" 500 141 "-" "Mozilla"
104.192.74.40 - - [25/Jun/2017:04:08:19 +0800] "GET /blog/opera HTTP/1.1" 500 141 "http://www.wuqianlin.xyz/blog/opera" "Mozilla/5.0 (Windows NT 6.1; WOW64) AppleWebKit/537.36 (KHTML, like Gecko) Chrome/39.0.2171.95 Safari/537.36"
104.192.74.40 - - [25/Jun/2017:04:08:20 +0800] "GET /blog/opera HTTP/1.1" 500 141 "-" "Mozilla"
104.192.74.40 - - [25/Jun/2017:04:08:20 +0800] "GET /blog/ai HTTP/1.1" 500 141 "http://www.wuqianlin.xyz/blog/ai" "Mozilla/5.0 (Windows NT 6.1; WOW64) AppleWebKit/537.36 (KHTML, like Gecko) Chrome/39.0.2171.95 Safari/537.36"
104.192.74.40 - - [25/Jun/2017:04:08:20 +0800] "GET /blog/ai HTTP/1.1" 500 141 "-" "Mozilla"
52.87.86.158 - - [25/Jun/2017:08:44:03 +0800] "GET / HTTP/1.1" 200 6368 "-" "Mozilla/5.0 (Macintosh; Intel Mac OS X 10_11_6) AppleWebKit/537.36 (KHTML, like Gecko) Chrome/55.0.2883.95 Safari/537.36"
207.46.13.197 - - [25/Jun/2017:09:27:05 +0800] "GET /robots.txt HTTP/1.1" 404 14 "-" "Mozilla/5.0 (compatible; bingbot/2.0; +http://www.bing.com/bingbot.htm)"
157.55.39.156 - - [25/Jun/2017:09:27:10 +0800] "GET / HTTP/1.1" 200 6368 "-" "Mozilla/5.0 (compatible; bingbot/2.0; +http://www.bing.com/bingbot.htm)"
223.87.206.149 - - [25/Jun/2017:11:38:10 +0800] "GET / HTTP/1.1" 200 6368 "-" "Mozilla/5.0 (Macintosh; Intel Mac OS X 10_12_5) AppleWebKit/537.36 (KHTML, like Gecko) Chrome/58.0.3029.110 Safari/537.36"
223.87.206.149 - - [25/Jun/2017:11:38:10 +0800] "GET /static/css/uikit.min.css HTTP/1.1" 304 0 "http://www.wuqianlin.com/" "Mozilla/5.0 (Macintosh; Intel Mac OS X 10_12_5) AppleWebKit/537.36 (KHTML, like Gecko) Chrome/58.0.3029.110 Safari/537.36"
223.87.206.149 - - [25/Jun/2017:11:38:10 +0800] "GET /static/css/uikit.gradient.min.css HTTP/1.1" 304 0 "http://www.wuqianlin.com/" "Mozilla/5.0 (Macintosh; Intel Mac OS X 10_12_5) AppleWebKit/537.36 (KHTML, like Gecko) Chrome/58.0.3029.110 Safari/537.36"
223.87.206.149 - - [25/Jun/2017:11:38:10 +0800] "GET /static/css/awesome.css HTTP/1.1" 304 0 "http://www.wuqianlin.com/" "Mozilla/5.0 (Macintosh; Intel Mac OS X 10_12_5) AppleWebKit/537.36 (KHTML, like Gecko) Chrome/58.0.3029.110 Safari/537.36"
223.87.206.149 - - [25/Jun/2017:11:38:10 +0800] "GET /static/js/jquery.min.js HTTP/1.1" 304 0 "http://www.wuqianlin.com/" "Mozilla/5.0 (Macintosh; Intel Mac OS X 10_12_5) AppleWebKit/537.36 (KHTML, like Gecko) Chrome/58.0.3029.110 Safari/537.36"
223.87.206.149 - - [25/Jun/2017:11:38:10 +0800] "GET /static/js/uikit.min.js HTTP/1.1" 304 0 "http://www.wuqianlin.com/" "Mozilla/5.0 (Macintosh; Intel Mac OS X 10_12_5) AppleWebKit/537.36 (KHTML, like Gecko) Chrome/58.0.3029.110 Safari/537.36"
223.87.206.149 - - [25/Jun/2017:11:38:10 +0800] "GET /static/js/sha1.min.js HTTP/1.1" 304 0 "http://www.wuqianlin.com/" "Mozilla/5.0 (Macintosh; Intel Mac OS X 10_12_5) AppleWebKit/537.36 (KHTML, like Gecko) Chrome/58.0.3029.110 Safari/537.36"
223.87.206.149 - - [25/Jun/2017:11:38:10 +0800] "GET /static/js/sticky.min.js HTTP/1.1" 304 0 "http://www.wuqianlin.com/" "Mozilla/5.0 (Macintosh; Intel Mac OS X 10_12_5) AppleWebKit/537.36 (KHTML, like Gecko) Chrome/58.0.3029.110 Safari/537.36"
223.87.206.149 - - [25/Jun/2017:11:38:10 +0800] "GET /static/js/vue.min.js HTTP/1.1" 304 0 "http://www.wuqianlin.com/" "Mozilla/5.0 (Macintosh; Intel Mac OS X 10_12_5) AppleWebKit/537.36 (KHTML, like Gecko) Chrome/58.0.3029.110 Safari/537.36"
223.87.206.149 - - [25/Jun/2017:11:38:10 +0800] "GET /static/js/awesome.js HTTP/1.1" 304 0 "http://www.wuqianlin.com/" "Mozilla/5.0 (Macintosh; Intel Mac OS X 10_12_5) AppleWebKit/537.36 (KHTML, like Gecko) Chrome/58.0.3029.110 Safari/537.36"
223.87.206.149 - - [25/Jun/2017:11:38:10 +0800] "GET /static/fonts/fontawesome-webfont.woff HTTP/1.1" 304 0 "http://www.wuqianlin.com/static/css/uikit.min.css" "Mozilla/5.0 (Macintosh; Intel Mac OS X 10_12_5) AppleWebKit/537.36 (KHTML, like Gecko) Chrome/58.0.3029.110 Safari/537.36"
140.205.201.35 - - [25/Jun/2017:11:38:24 +0800] "POST /index.php?m=member&c=index&a=register&siteid=1 HTTP/1.1" 404 14 "-" "Mozilla/4.0 (compatible; MSIE 6.0; Windows NT 5.1;Alibaba.Security.Heimdall.6577126.phpcmsv9-register-upload)"
140.205.201.35 - - [25/Jun/2017:11:38:36 +0800] "GET /index.php?m=wap&a=index&siteid=1 HTTP/1.1" 404 14 "-" "Mozilla/4.0 (compatible; MSIE 6.0; Windows NT 5.1;Alibaba.Security.Heimdall.6577126.phpcmsv9-attachment-sql)"
139.199.63.33 - - [25/Jun/2017:16:06:55 +0800] "GET / HTTP/1.1" 200 6368 "-" "Mozilla/4.0 (compatible; MSIE 6.1; Windows NT)"
139.199.62.228 - - [25/Jun/2017:16:07:22 +0800] "GET / HTTP/1.1" 200 6368 "http://www.baidu.com/search/spider.htm" "Mozilla/5.0 (compatible; Baiduspider/2.0; +http://www.baidu.com/search/spider.html)"
140.205.225.192 - - [25/Jun/2017:21:16:34 +0800] "POST /index.php?m=member&c=index&a=register&siteid=1 HTTP/1.1" 404 14 "-" "Mozilla/4.0 (compatible; MSIE 6.0; Windows NT 5.1;Alibaba.Security.Heimdall.6577126.phpcmsv9-register-upload)"
140.205.225.192 - - [25/Jun/2017:21:16:36 +0800] "GET /index.php?m=wap&a=index&siteid=1 HTTP/1.1" 404 14 "-" "Mozilla/4.0 (compatible; MSIE 6.0; Windows NT 5.1;Alibaba.Security.Heimdall.6577126.phpcmsv9-attachment-sql)"
157.55.39.156 - - [26/Jun/2017:01:03:11 +0800] "GET / HTTP/1.1" 200 6368 "-" "Mozilla/5.0 (compatible; bingbot/2.0; +http://www.bing.com/bingbot.htm)"
163.177.13.2 - - [26/Jun/2017:01:25:13 +0800] "HEAD / HTTP/1.1" 405 0 "-" "curl/7.19.7 (x86_64-redhat-linux-gnu) libcurl/7.19.7 NSS/3.13.1.0 zlib/1.2.3 libidn/1.18 libssh2/1.2.2"
202.108.211.56 - - [26/Jun/2017:08:10:11 +0800] "GET / HTTP/1.1" 200 6368 "-" "Mozilla/5.0 (X11; Linux x86_64) AppleWebKit/535.21 (KHTML, like Gecko) Chrome/19.0.1042.0 Safari/535.21"
123.207.95.146 - - [26/Jun/2017:09:06:24 +0800] "GET / HTTP/1.1" 200 6368 "-" "Mozilla/4.0 (compatible; MSIE 6.1; Windows NT)"
139.199.62.227 - - [26/Jun/2017:09:06:40 +0800] "GET / HTTP/1.1" 200 6368 "http://www.baidu.com/search/spider.htm" "Mozilla/5.0 (compatible; Baiduspider/2.0; +http://www.baidu.com/search/spider.html)"
202.108.211.56 - - [26/Jun/2017:12:30:17 +0800] "GET / HTTP/1.1" 200 6368 "-" "Mozilla/5.0 (X11; Linux x86_64) AppleWebKit/535.21 (KHTML, like Gecko) Chrome/19.0.1042.0 Safari/535.21"
157.55.39.156 - - [26/Jun/2017:12:30:39 +0800] "GET / HTTP/1.1" 200 6368 "-" "Mozilla/5.0 (compatible; bingbot/2.0; +http://www.bing.com/bingbot.htm)"
202.108.211.56 - - [26/Jun/2017:13:45:05 +0800] "GET / HTTP/1.1" 200 6368 "-" "Mozilla/5.0 (X11; Linux x86_64) AppleWebKit/535.21 (KHTML, like Gecko) Chrome/19.0.1042.0 Safari/535.21"
202.108.211.56 - - [26/Jun/2017:14:03:22 +0800] "GET / HTTP/1.1" 200 6368 "-" "Mozilla/5.0 (X11; Linux x86_64) AppleWebKit/535.21 (KHTML, like Gecko) Chrome/19.0.1042.0 Safari/535.21"
182.151.214.212 - - [26/Jun/2017:14:08:22 +0800] "GET / HTTP/1.1" 200 6368 "-" "Mozilla/5.0 (Macintosh; Intel Mac OS X 10_12_5) AppleWebKit/537.36 (KHTML, like Gecko) Chrome/58.0.3029.110 Safari/537.36"
182.151.214.212 - - [26/Jun/2017:14:08:22 +0800] "GET /favicon.ico HTTP/1.1" 200 4286 "http://www.wuqianlin.com/" "Mozilla/5.0 (Macintosh; Intel Mac OS X 10_12_5) AppleWebKit/537.36 (KHTML, like Gecko) Chrome/58.0.3029.110 Safari/537.36"
202.108.211.56 - - [26/Jun/2017:15:09:57 +0800] "GET / HTTP/1.1" 200 6368 "-" "Mozilla/5.0 (X11; Linux x86_64) AppleWebKit/535.21 (KHTML, like Gecko) Chrome/19.0.1042.0 Safari/535.21"
180.76.15.138 - - [26/Jun/2017:17:35:51 +0800] "GET /robots.txt HTTP/1.1" 404 14 "-" "Mozilla/5.0 (Windows NT 5.1; rv:6.0.2) Gecko/20100101 Firefox/6.0.2"
180.76.15.147 - - [26/Jun/2017:17:38:48 +0800] "GET /blog/000005 HTTP/1.1" 200 8198 "-" "Mozilla/5.0 (compatible; Baiduspider/2.0; +http://www.baidu.com/search/spider.html)"
66.249.75.5 - - [26/Jun/2017:20:04:36 +0800] "GET /robots.txt HTTP/1.1" 404 14 "-" "Mozilla/5.0 (compatible; Googlebot/2.1; +http://www.google.com/bot.html)"
66.249.75.9 - - [26/Jun/2017:20:04:36 +0800] "GET /static/css/awesome.css HTTP/1.1" 200 208 "http://www.wuqianlin.cn/blog/00149751507538778a54e67b8754923a0f1e5933490d927000" "Mozilla/5.0 (compatible; Googlebot/2.1; +http://www.google.com/bot.html)"
66.249.75.9 - - [26/Jun/2017:20:04:38 +0800] "GET /static/css/uikit.gradient.min.css HTTP/1.1" 200 78834 "http://www.wuqianlin.cn/blog/00149751507538778a54e67b8754923a0f1e5933490d927000" "Mozilla/5.0 (compatible; Googlebot/2.1; +http://www.google.com/bot.html)"
66.249.75.9 - - [26/Jun/2017:20:04:38 +0800] "GET /static/css/uikit.min.css HTTP/1.1" 200 69597 "http://www.wuqianlin.cn/blog/00149751507538778a54e67b8754923a0f1e5933490d927000" "Mozilla/5.0 (compatible; Googlebot/2.1; +http://www.google.com/bot.html)"
202.108.211.56 - - [26/Jun/2017:22:27:51 +0800] "GET / HTTP/1.1" 200 6368 "-" "Mozilla/5.0 (X11; Linux x86_64) AppleWebKit/535.21 (KHTML, like Gecko) Chrome/19.0.1042.0 Safari/535.21"
139.199.63.33 - - [27/Jun/2017:02:20:23 +0800] "GET / HTTP/1.1" 200 6377 "-" "Mozilla/4.0 (compatible; MSIE 6.1; Windows NT)"
139.199.62.227 - - [27/Jun/2017:02:21:08 +0800] "GET / HTTP/1.1" 200 6377 "http://www.baidu.com/search/spider.htm" "Mozilla/5.0 (compatible; Baiduspider/2.0; +http://www.baidu.com/search/spider.html)"
157.55.39.156 - - [27/Jun/2017:03:13:05 +0800] "GET / HTTP/1.1" 200 6377 "-" "Mozilla/5.0 (compatible; bingbot/2.0; +http://www.bing.com/bingbot.htm)"
66.249.75.5 - - [27/Jun/2017:03:42:25 +0800] "GET /hmctjbjw.html HTTP/1.1" 404 14 "-" "Mozilla/5.0 (compatible; Googlebot/2.1; +http://www.google.com/bot.html)"
158.85.81.114 - - [27/Jun/2017:12:03:03 +0800] "GET / HTTP/1.1" 200 6377 "-" "-"
202.108.211.56 - - [27/Jun/2017:14:27:03 +0800] "GET / HTTP/1.1" 200 6377 "-" "Mozilla/5.0 (X11; Linux x86_64) AppleWebKit/535.21 (KHTML, like Gecko) Chrome/19.0.1042.0 Safari/535.21"
202.108.211.56 - - [27/Jun/2017:14:30:37 +0800] "GET / HTTP/1.1" 200 6377 "-" "Mozilla/5.0 (X11; Linux x86_64) AppleWebKit/535.21 (KHTML, like Gecko) Chrome/19.0.1042.0 Safari/535.21"
157.55.39.13 - - [27/Jun/2017:14:32:14 +0800] "GET /robots.txt HTTP/1.1" 404 14 "-" "Mozilla/5.0 (compatible; bingbot/2.0; +http://www.bing.com/bingbot.htm)"
157.55.39.156 - - [27/Jun/2017:14:32:31 +0800] "GET / HTTP/1.1" 200 6377 "-" "Mozilla/5.0 (compatible; bingbot/2.0; +http://www.bing.com/bingbot.htm)"
202.108.211.56 - - [27/Jun/2017:15:58:55 +0800] "GET / HTTP/1.1" 200 6377 "-" "Mozilla/5.0 (X11; Linux x86_64) AppleWebKit/535.21 (KHTML, like Gecko) Chrome/19.0.1042.0 Safari/535.21"
180.76.15.157 - - [27/Jun/2017:18:12:45 +0800] "GET /robots.txt HTTP/1.1" 404 14 "-" "Mozilla/5.0 (Windows NT 5.1; rv:6.0.2) Gecko/20100101 Firefox/6.0.2"
180.76.15.160 - - [27/Jun/2017:18:12:46 +0800] "GET /robots.txt HTTP/1.1" 404 14 "-" "Mozilla/5.0 (Windows NT 5.1; rv:6.0.2) Gecko/20100101 Firefox/6.0.2"
180.76.15.137 - - [27/Jun/2017:18:15:34 +0800] "GET /blog/000005 HTTP/1.1" 200 8198 "-" "Mozilla/5.0 (compatible; Baiduspider/2.0; +http://www.baidu.com/search/spider.html)"
139.199.63.33 - - [27/Jun/2017:18:25:50 +0800] "GET / HTTP/1.1" 200 6377 "-" "Mozilla/4.0 (compatible; MSIE 6.1; Windows NT)"
139.199.62.227 - - [27/Jun/2017:18:26:12 +0800] "GET / HTTP/1.1" 200 6377 "http://www.baidu.com/search/spider.htm" "Mozilla/5.0 (compatible; Baiduspider/2.0; +http://www.baidu.com/search/spider.html)"
157.55.39.156 - - [27/Jun/2017:21:39:10 +0800] "GET / HTTP/1.1" 200 6377 "-" "Mozilla/5.0 (compatible; bingbot/2.0; +http://www.bing.com/bingbot.htm)"
140.205.201.37 - - [27/Jun/2017:22:55:27 +0800] "GET / HTTP/1.1" 200 6377 "http://www.wuqianlin.cn/" "Mozilla/4.0 (compatible; MSIE 6.0; Windows NT 5.1;Alibaba.Security.Heimdall.950384.p)"
140.205.201.37 - - [27/Jun/2017:22:55:27 +0800] "GET /admin/images/menu-current-arrow.gif HTTP/1.1" 404 14 "-" "Mozilla/4.0 (compatible; MSIE 6.0; Windows NT 5.1;Alibaba.Security.Heimdall.950384.p)"
140.205.201.37 - - [27/Jun/2017:22:55:28 +0800] "GET /install/images/default/top1_r.jpg HTTP/1.1" 404 14 "-" "Mozilla/4.0 (compatible; MSIE 6.0; Windows NT 5.1;Alibaba.Security.Heimdall.950384.p)"
140.205.201.37 - - [27/Jun/2017:22:55:28 +0800] "GET /images/default/hd_a1.gif HTTP/1.1" 404 14 "-" "Mozilla/4.0 (compatible; MSIE 6.0; Windows NT 5.1;Alibaba.Security.Heimdall.950384.p)"
140.205.201.37 - - [27/Jun/2017:22:55:28 +0800] "GET /upload/200812/20081230023106860.gif HTTP/1.1" 404 14 "-" "Mozilla/4.0 (compatible; MSIE 6.0; Windows NT 5.1;Alibaba.Security.Heimdall.950384.p)"
140.205.201.37 - - [27/Jun/2017:22:55:29 +0800] "GET /Images/Mlogin/Bitmap02.gif HTTP/1.1" 404 14 "-" "Mozilla/4.0 (compatible; MSIE 6.0; Windows NT 5.1;Alibaba.Security.Heimdall.950384.p)"
140.205.201.37 - - [27/Jun/2017:22:55:29 +0800] "GET /admin/image/menu_h4.png HTTP/1.1" 404 14 "-" "Mozilla/4.0 (compatible; MSIE 6.0; Windows NT 5.1;Alibaba.Security.Heimdall.950384.p)"
140.205.201.37 - - [27/Jun/2017:22:55:29 +0800] "GET /images/list_bg.png HTTP/1.1" 404 14 "-" "Mozilla/4.0 (compatible; MSIE 6.0; Windows NT 5.1;Alibaba.Security.Heimdall.950384.p)"
140.205.201.37 - - [27/Jun/2017:22:55:29 +0800] "GET /theme/theme/default/images/bg_bnt_user_base_over.gif HTTP/1.1" 404 14 "-" "Mozilla/4.0 (compatible; MSIE 6.0; Windows NT 5.1;Alibaba.Security.Heimdall.950384.p)"
140.205.201.37 - - [27/Jun/2017:22:55:30 +0800] "GET /lib/images/vtip_arrow.gif HTTP/1.1" 404 14 "-" "Mozilla/4.0 (compatible; MSIE 6.0; Windows NT 5.1;Alibaba.Security.Heimdall.950384.p)"
140.205.201.37 - - [27/Jun/2017:22:55:30 +0800] "GET /dede/img/button_bg1.jpg HTTP/1.1" 404 14 "-" "Mozilla/4.0 (compatible; MSIE 6.0; Windows NT 5.1;Alibaba.Security.Heimdall.950384.p)"
140.205.201.37 - - [27/Jun/2017:22:55:30 +0800] "GET /plus/img/topsearch_submit.gif HTTP/1.1" 404 14 "-" "Mozilla/4.0 (compatible; MSIE 6.0; Windows NT 5.1;Alibaba.Security.Heimdall.950384.p)"
140.205.201.37 - - [27/Jun/2017:22:55:30 +0800] "GET /include/dialog/img/sp_bg.gif HTTP/1.1" 404 14 "-" "Mozilla/4.0 (compatible; MSIE 6.0; Windows NT 5.1;Alibaba.Security.Heimdall.950384.p)"
140.205.201.37 - - [27/Jun/2017:22:55:31 +0800] "GET /images/topbanner_bg.png HTTP/1.1" 404 14 "-" "Mozilla/4.0 (compatible; MSIE 6.0; Windows NT 5.1;Alibaba.Security.Heimdall.950384.p)"
140.205.201.37 - - [27/Jun/2017:22:55:31 +0800] "GET /system/images/lnk/system.gif HTTP/1.1" 404 14 "-" "Mozilla/4.0 (compatible; MSIE 6.0; Windows NT 5.1;Alibaba.Security.Heimdall.950384.p)"
140.205.201.37 - - [27/Jun/2017:22:55:31 +0800] "GET /images/confirm_close.gif HTTP/1.1" 404 14 "-" "Mozilla/4.0 (compatible; MSIE 6.0; Windows NT 5.1;Alibaba.Security.Heimdall.950384.p)"
140.205.201.37 - - [27/Jun/2017:22:55:31 +0800] "GET /user/images/must.gif HTTP/1.1" 404 14 "-" "Mozilla/4.0 (compatible; MSIE 6.0; Windows NT 5.1;Alibaba.Security.Heimdall.950384.p)"
140.205.201.37 - - [27/Jun/2017:22:55:32 +0800] "GET /template/images/li1.gif HTTP/1.1" 404 14 "-" "Mozilla/4.0 (compatible; MSIE 6.0; Windows NT 5.1;Alibaba.Security.Heimdall.950384.p)"
140.205.201.37 - - [27/Jun/2017:22:55:32 +0800] "GET /favicon.ico HTTP/1.1" 200 4286 "-" "Mozilla/4.0 (compatible; MSIE 6.0; Windows NT 5.1;Alibaba.Security.Heimdall.950384.p)"
140.205.201.37 - - [27/Jun/2017:22:55:32 +0800] "GET /images/page_code.png HTTP/1.1" 404 14 "-" "Mozilla/4.0 (compatible; MSIE 6.0; Windows NT 5.1;Alibaba.Security.Heimdall.950384.p)"
140.205.201.37 - - [27/Jun/2017:22:55:32 +0800] "GET /editors/index.html HTTP/1.1" 404 14 "-" "Mozilla/4.0 (compatible; MSIE 6.0; Windows NT 5.1;Alibaba.Security.Heimdall.950384.p)"
140.205.201.37 - - [27/Jun/2017:22:55:33 +0800] "GET /images/samples/4_small.jpg HTTP/1.1" 404 14 "-" "Mozilla/4.0 (compatible; MSIE 6.0; Windows NT 5.1;Alibaba.Security.Heimdall.950384.p)"
140.205.201.37 - - [27/Jun/2017:22:55:33 +0800] "GET /includes/templates/classic/images/stars_5.gif HTTP/1.1" 404 14 "-" "Mozilla/4.0 (compatible; MSIE 6.0; Windows NT 5.1;Alibaba.Security.Heimdall.950384.p)"
140.205.201.37 - - [27/Jun/2017:22:55:33 +0800] "GET /includes/templates/template_default/images/always-free-shipping.gif HTTP/1.1" 404 14 "-" "Mozilla/4.0 (compatible; MSIE 6.0; Windows NT 5.1;Alibaba.Security.Heimdall.950384.p)"
140.205.201.37 - - [27/Jun/2017:22:55:33 +0800] "GET /includes/templates/template_default/buttons/english/button_tell_a_friend.gif HTTP/1.1" 404 14 "-" "Mozilla/4.0 (compatible; MSIE 6.0; Windows NT 5.1;Alibaba.Security.Heimdall.950384.p)"
140.205.201.37 - - [27/Jun/2017:22:55:34 +0800] "GET /images/zttit02.png HTTP/1.1" 404 14 "-" "Mozilla/4.0 (compatible; MSIE 6.0; Windows NT 5.1;Alibaba.Security.Heimdall.950384.p)"
140.205.201.37 - - [27/Jun/2017:22:55:34 +0800] "GET /Admin/Images/GoogleSiteMaplogo.gif HTTP/1.1" 404 14 "-" "Mozilla/4.0 (compatible; MSIE 6.0; Windows NT 5.1;Alibaba.Security.Heimdall.950384.p)"
140.205.201.37 - - [27/Jun/2017:22:55:34 +0800] "GET /template/user/images/manage_r2_c18.jpg HTTP/1.1" 404 14 "-" "Mozilla/4.0 (compatible; MSIE 6.0; Windows NT 5.1;Alibaba.Security.Heimdall.950384.p)"
140.205.201.37 - - [27/Jun/2017:22:55:35 +0800] "GET /admin/images/admintitlebg.gif HTTP/1.1" 404 14 "-" "Mozilla/4.0 (compatible; MSIE 6.0; Windows NT 5.1;Alibaba.Security.Heimdall.950384.p)"
140.205.201.37 - - [27/Jun/2017:22:55:35 +0800] "GET /images/gengtie.jpg HTTP/1.1" 404 14 "-" "Mozilla/4.0 (compatible; MSIE 6.0; Windows NT 5.1;Alibaba.Security.Heimdall.950384.p)"
140.205.201.37 - - [27/Jun/2017:22:55:35 +0800] "GET /core/themes/stable/images/core/menu-collapsed-rtl.png HTTP/1.1" 404 14 "-" "Mozilla/4.0 (compatible; MSIE 6.0; Windows NT 5.1;Alibaba.Security.Heimdall.950384.p)"
140.205.201.37 - - [27/Jun/2017:22:55:35 +0800] "GET /misc/menu-expanded.png HTTP/1.1" 404 14 "-" "Mozilla/4.0 (compatible; MSIE 6.0; Windows NT 5.1;Alibaba.Security.Heimdall.950384.p)"
140.205.201.37 - - [27/Jun/2017:22:55:36 +0800] "GET /Admin/Images/icon_lpdhjl.png HTTP/1.1" 404 14 "-" "Mozilla/4.0 (compatible; MSIE 6.0; Windows NT 5.1;Alibaba.Security.Heimdall.950384.p)"
140.205.201.37 - - [27/Jun/2017:22:55:36 +0800] "GET /store/Images/hdfk.gif HTTP/1.1" 404 14 "-" "Mozilla/4.0 (compatible; MSIE 6.0; Windows NT 5.1;Alibaba.Security.Heimdall.950384.p)"
140.205.201.37 - - [27/Jun/2017:22:55:36 +0800] "GET /skins/doccms_model_1/images/bg_contact_a.png HTTP/1.1" 404 14 "-" "Mozilla/4.0 (compatible; MSIE 6.0; Windows NT 5.1;Alibaba.Security.Heimdall.950384.p)"
140.205.201.37 - - [27/Jun/2017:22:55:36 +0800] "GET /admini/images/s_managehtml/icon_refresh.png HTTP/1.1" 404 14 "-" "Mozilla/4.0 (compatible; MSIE 6.0; Windows NT 5.1;Alibaba.Security.Heimdall.950384.p)"
140.205.201.37 - - [27/Jun/2017:22:55:37 +0800] "GET /Admin/Images/Icon-Nav-Close-over.gif HTTP/1.1" 404 14 "-" "Mozilla/4.0 (compatible; MSIE 6.0; Windows NT 5.1;Alibaba.Security.Heimdall.950384.p)"
140.205.201.37 - - [27/Jun/2017:22:55:37 +0800] "GET /images/menu_righttop.gif HTTP/1.1" 404 14 "-" "Mozilla/4.0 (compatible; MSIE 6.0; Windows NT 5.1;Alibaba.Security.Heimdall.950384.p)"
140.205.201.37 - - [27/Jun/2017:22:55:37 +0800] "GET /app/resource/images/coupon-hd-bg.png HTTP/1.1" 404 14 "-" "Mozilla/4.0 (compatible; MSIE 6.0; Windows NT 5.1;Alibaba.Security.Heimdall.950384.p)"
140.205.201.37 - - [27/Jun/2017:22:55:37 +0800] "GET /web/resource/images/bg_repno.gif HTTP/1.1" 404 14 "-" "Mozilla/4.0 (compatible; MSIE 6.0; Windows NT 5.1;Alibaba.Security.Heimdall.950384.p)"
140.205.201.37 - - [27/Jun/2017:22:55:38 +0800] "GET /resource/image/bg_repno.gif HTTP/1.1" 404 14 "-" "Mozilla/4.0 (compatible; MSIE 6.0; Windows NT 5.1;Alibaba.Security.Heimdall.950384.p)"
140.205.201.37 - - [27/Jun/2017:22:55:38 +0800] "GET /admin/images/abg2.png HTTP/1.1" 404 14 "-" "Mozilla/4.0 (compatible; MSIE 6.0; Windows NT 5.1;Alibaba.Security.Heimdall.950384.p)"
140.205.201.37 - - [27/Jun/2017:22:55:38 +0800] "GET /face/5.gif HTTP/1.1" 404 14 "-" "Mozilla/4.0 (compatible; MSIE 6.0; Windows NT 5.1;Alibaba.Security.Heimdall.950384.p)"
140.205.201.37 - - [27/Jun/2017:22:55:38 +0800] "GET /xin/btn_regis.gif HTTP/1.1" 404 14 "-" "Mozilla/4.0 (compatible; MSIE 6.0; Windows NT 5.1;Alibaba.Security.Heimdall.950384.p)"
140.205.201.37 - - [27/Jun/2017:22:55:39 +0800] "GET /global/banklist_hnapay.jpg HTTP/1.1" 404 14 "-" "Mozilla/4.0 (compatible; MSIE 6.0; Windows NT 5.1;Alibaba.Security.Heimdall.950384.p)"
140.205.201.37 - - [27/Jun/2017:22:55:39 +0800] "GET /Public/lottery/roulette/images/b0-2.jpg HTTP/1.1" 404 14 "-" "Mozilla/4.0 (compatible; MSIE 6.0; Windows NT 5.1;Alibaba.Security.Heimdall.950384.p)"
140.205.201.37 - - [27/Jun/2017:22:55:39 +0800] "GET /m/_/images/fileicon/jpg.png HTTP/1.1" 404 14 "-" "Mozilla/4.0 (compatible; MSIE 6.0; Windows NT 5.1;Alibaba.Security.Heimdall.950384.p)"
140.205.201.37 - - [27/Jun/2017:22:55:40 +0800] "GET /system/images/tab_17.gif HTTP/1.1" 404 14 "-" "Mozilla/4.0 (compatible; MSIE 6.0; Windows NT 5.1;Alibaba.Security.Heimdall.950384.p)"
140.205.201.37 - - [27/Jun/2017:22:55:40 +0800] "GET /admin/images/tab_17.gif HTTP/1.1" 404 14 "-" "Mozilla/4.0 (compatible; MSIE 6.0; Windows NT 5.1;Alibaba.Security.Heimdall.950384.p)"
140.205.201.37 - - [27/Jun/2017:22:55:40 +0800] "GET /admin/images/top_tt_bg.gif HTTP/1.1" 404 14 "-" "Mozilla/4.0 (compatible; MSIE 6.0; Windows NT 5.1;Alibaba.Security.Heimdall.950384.p)"
