140.205.201.38 - - [13/Jul/2017:03:07:17 +0800] "GET /CN/nite/images/title.gif HTTP/1.1" 404 14 "-" "Mozilla/4.0 (compatible; MSIE 6.0; Windows NT 5.1;Alibaba.Security.Heimdall.950384.p)"
140.205.201.38 - - [13/Jul/2017:03:07:17 +0800] "GET /Images/dialog_closebtn_over.gif HTTP/1.1" 404 14 "-" "Mozilla/4.0 (compatible; MSIE 6.0; Windows NT 5.1;Alibaba.Security.Heimdall.950384.p)"
140.205.201.38 - - [13/Jul/2017:03:07:18 +0800] "GET /App_Themes/AdminDefaultTheme/DateTheme/bgteuw.jpg HTTP/1.1" 404 14 "-" "Mozilla/4.0 (compatible; MSIE 6.0; Windows NT 5.1;Alibaba.Security.Heimdall.950384.p)"
140.205.201.38 - - [13/Jul/2017:03:07:18 +0800] "GET /Images/Microblog/dialog_rt.gif HTTP/1.1" 404 14 "-" "Mozilla/4.0 (compatible; MSIE 6.0; Windows NT 5.1;Alibaba.Security.Heimdall.950384.p)"
140.205.201.38 - - [13/Jul/2017:03:07:18 +0800] "GET /admin/images/li_4.gif HTTP/1.1" 404 14 "-" "Mozilla/4.0 (compatible; MSIE 6.0; Windows NT 5.1;Alibaba.Security.Heimdall.950384.p)"
140.205.201.38 - - [13/Jul/2017:03:07:18 +0800] "GET /images/default/listico.gif HTTP/1.1" 404 14 "-" "Mozilla/4.0 (compatible; MSIE 6.0; Windows NT 5.1;Alibaba.Security.Heimdall.950384.p)"
140.205.201.38 - - [13/Jul/2017:03:07:19 +0800] "GET /images/default/images/button_plain_hover.png HTTP/1.1" 404 14 "-" "Mozilla/4.0 (compatible; MSIE 6.0; Windows NT 5.1;Alibaba.Security.Heimdall.950384.p)"
140.205.201.38 - - [13/Jul/2017:03:07:19 +0800] "GET /admin/tpl/images/welcome_h1.gif HTTP/1.1" 404 14 "-" "Mozilla/4.0 (compatible; MSIE 6.0; Windows NT 5.1;Alibaba.Security.Heimdall.950384.p)"
140.205.201.38 - - [13/Jul/2017:03:07:19 +0800] "GET /admin/images/bg-pay-return-success.gif HTTP/1.1" 404 14 "-" "Mozilla/4.0 (compatible; MSIE 6.0; Windows NT 5.1;Alibaba.Security.Heimdall.950384.p)"
140.205.201.38 - - [13/Jul/2017:03:07:19 +0800] "GET /template/default/images/ad_scroll_forward.png HTTP/1.1" 404 14 "-" "Mozilla/4.0 (compatible; MSIE 6.0; Windows NT 5.1;Alibaba.Security.Heimdall.950384.p)"
140.205.201.38 - - [13/Jul/2017:03:07:20 +0800] "GET /adfile/ad9.js HTTP/1.1" 404 14 "-" "Mozilla/4.0 (compatible; MSIE 6.0; Windows NT 5.1;Alibaba.Security.Heimdall.950384.p)"
140.205.201.38 - - [13/Jul/2017:03:07:20 +0800] "GET /admin/images/login_06.jpg HTTP/1.1" 404 14 "-" "Mozilla/4.0 (compatible; MSIE 6.0; Windows NT 5.1;Alibaba.Security.Heimdall.950384.p)"
140.205.201.38 - - [13/Jul/2017:03:07:20 +0800] "GET /extmail/default/images/lastpg.d.gif HTTP/1.1" 404 14 "-" "Mozilla/4.0 (compatible; MSIE 6.0; Windows NT 5.1;Alibaba.Security.Heimdall.950384.p)"
140.205.201.38 - - [13/Jul/2017:03:07:20 +0800] "GET /admin/view/image/flags/wales.png HTTP/1.1" 404 14 "-" "Mozilla/4.0 (compatible; MSIE 6.0; Windows NT 5.1;Alibaba.Security.Heimdall.950384.p)"
140.205.201.38 - - [13/Jul/2017:03:07:21 +0800] "GET /admin/view/image/checkmark.png HTTP/1.1" 404 14 "-" "Mozilla/4.0 (compatible; MSIE 6.0; Windows NT 5.1;Alibaba.Security.Heimdall.950384.p)"
140.205.201.38 - - [13/Jul/2017:03:07:21 +0800] "GET /adminsoft/templates/images/bullet_blue.gif HTTP/1.1" 404 14 "-" "Mozilla/4.0 (compatible; MSIE 6.0; Windows NT 5.1;Alibaba.Security.Heimdall.950384.p)"
140.205.201.38 - - [13/Jul/2017:03:07:21 +0800] "GET /public/plug/shipplug/exp04.jpg HTTP/1.1" 404 14 "-" "Mozilla/4.0 (compatible; MSIE 6.0; Windows NT 5.1;Alibaba.Security.Heimdall.950384.p)"
140.205.201.38 - - [13/Jul/2017:03:07:22 +0800] "GET /images/admin/logo.gif HTTP/1.1" 404 14 "-" "Mozilla/4.0 (compatible; MSIE 6.0; Windows NT 5.1;Alibaba.Security.Heimdall.950384.p)"
140.205.201.38 - - [13/Jul/2017:03:07:22 +0800] "GET /images/admin/sprites.png HTTP/1.1" 404 14 "-" "Mozilla/4.0 (compatible; MSIE 6.0; Windows NT 5.1;Alibaba.Security.Heimdall.950384.p)"
140.205.201.38 - - [13/Jul/2017:03:07:22 +0800] "GET /ACT_inc/ItemBg.gif HTTP/1.1" 404 14 "-" "Mozilla/4.0 (compatible; MSIE 6.0; Windows NT 5.1;Alibaba.Security.Heimdall.950384.p)"
140.205.201.38 - - [13/Jul/2017:03:07:22 +0800] "GET /ACT_inc/share/minusbottom.gif HTTP/1.1" 404 14 "-" "Mozilla/4.0 (compatible; MSIE 6.0; Windows NT 5.1;Alibaba.Security.Heimdall.950384.p)"
140.205.201.38 - - [13/Jul/2017:03:07:23 +0800] "GET /Admin/Images/bg_admin.jpg HTTP/1.1" 404 14 "-" "Mozilla/4.0 (compatible; MSIE 6.0; Windows NT 5.1;Alibaba.Security.Heimdall.950384.p)"
140.205.201.38 - - [13/Jul/2017:03:07:23 +0800] "GET /images/act_1.gif HTTP/1.1" 404 14 "-" "Mozilla/4.0 (compatible; MSIE 6.0; Windows NT 5.1;Alibaba.Security.Heimdall.950384.p)"
140.205.201.38 - - [13/Jul/2017:03:07:23 +0800] "GET /images/reg.gif HTTP/1.1" 404 14 "-" "Mozilla/4.0 (compatible; MSIE 6.0; Windows NT 5.1;Alibaba.Security.Heimdall.950384.p)"
139.199.63.33 - - [13/Jul/2017:03:35:49 +0800] "GET / HTTP/1.1" 200 6377 "-" "Mozilla/4.0 (compatible; MSIE 6.1; Windows NT)"
139.199.62.228 - - [13/Jul/2017:03:36:06 +0800] "GET / HTTP/1.1" 200 6377 "http://www.baidu.com/search/spider.htm" "Mozilla/5.0 (compatible; Baiduspider/2.0; +http://www.baidu.com/search/spider.html)"
180.76.15.137 - - [13/Jul/2017:07:10:09 +0800] "GET /blog/000001 HTTP/1.1" 500 141 "-" "Mozilla/5.0 (compatible; Baiduspider/2.0; +http://www.baidu.com/search/spider.html)"
202.108.211.56 - - [13/Jul/2017:08:50:33 +0800] "GET / HTTP/1.1" 200 6377 "-" "Mozilla/5.0 (X11; Linux x86_64) AppleWebKit/535.21 (KHTML, like Gecko) Chrome/19.0.1042.0 Safari/535.21"
180.76.15.149 - - [13/Jul/2017:09:04:41 +0800] "GET /robots.txt HTTP/1.1" 404 14 "-" "Mozilla/5.0 (Windows NT 5.1; rv:6.0.2) Gecko/20100101 Firefox/6.0.2"
180.76.15.12 - - [13/Jul/2017:09:04:41 +0800] "GET /robots.txt HTTP/1.1" 404 14 "-" "Mozilla/5.0 (Windows NT 5.1; rv:6.0.2) Gecko/20100101 Firefox/6.0.2"
40.77.167.63 - - [13/Jul/2017:12:05:58 +0800] "GET / HTTP/1.1" 200 6377 "-" "Mozilla/5.0 (compatible; bingbot/2.0; +http://www.bing.com/bingbot.htm)"
180.76.15.152 - - [13/Jul/2017:13:46:53 +0800] "GET /blog/000005 HTTP/1.1" 200 8198 "-" "Mozilla/5.0 (compatible; Baiduspider/2.0; +http://www.baidu.com/search/spider.html)"
140.205.201.46 - - [13/Jul/2017:18:26:46 +0800] "POST /index.php?m=member&c=index&a=register&siteid=1 HTTP/1.1" 404 14 "-" "Mozilla/4.0 (compatible; MSIE 6.0; Windows NT 5.1;Alibaba.Security.Heimdall.6577126.phpcmsv9-register-upload)"
140.205.201.46 - - [13/Jul/2017:18:26:47 +0800] "GET /index.php?m=wap&a=index&siteid=1 HTTP/1.1" 404 14 "-" "Mozilla/4.0 (compatible; MSIE 6.0; Windows NT 5.1;Alibaba.Security.Heimdall.6577126.phpcmsv9-attachment-sql)"
140.205.225.194 - - [13/Jul/2017:19:02:10 +0800] "POST /index.php?m=member&c=index&a=register&siteid=1 HTTP/1.1" 404 14 "-" "Mozilla/4.0 (compatible; MSIE 6.0; Windows NT 5.1;Alibaba.Security.Heimdall.6577126.phpcmsv9-register-upload)"
140.205.225.194 - - [13/Jul/2017:19:02:12 +0800] "GET /index.php?m=wap&a=index&siteid=1 HTTP/1.1" 404 14 "-" "Mozilla/4.0 (compatible; MSIE 6.0; Windows NT 5.1;Alibaba.Security.Heimdall.6577126.phpcmsv9-attachment-sql)"
117.131.215.90 - - [13/Jul/2017:19:51:27 +0800] "HEAD / HTTP/1.1" 405 0 "-" "curl/7.19.7 (x86_64-redhat-linux-gnu) libcurl/7.19.7 NSS/3.14.0.0 zlib/1.2.3 libidn/1.18 libssh2/1.4.2"
157.55.39.14 - - [13/Jul/2017:19:57:07 +0800] "GET /robots.txt HTTP/1.1" 404 14 "-" "Mozilla/5.0 (compatible; bingbot/2.0; +http://www.bing.com/bingbot.htm)"
40.77.167.63 - - [13/Jul/2017:19:57:09 +0800] "GET / HTTP/1.1" 200 6377 "-" "Mozilla/5.0 (compatible; bingbot/2.0; +http://www.bing.com/bingbot.htm)"
40.77.167.15 - - [13/Jul/2017:19:57:16 +0800] "GET /robots.txt HTTP/1.1" 404 14 "-" "Mozilla/5.0 (compatible; bingbot/2.0; +http://www.bing.com/bingbot.htm)"
40.77.167.63 - - [13/Jul/2017:19:57:31 +0800] "GET /static/css/awesome.css HTTP/1.1" 200 208 "-" "Mozilla/5.0 (compatible; bingbot/2.0; +http://www.bing.com/bingbot.htm)"
40.77.167.15 - - [13/Jul/2017:19:57:33 +0800] "GET /static/css/uikit.min.css HTTP/1.1" 200 69597 "-" "Mozilla/5.0 (compatible; bingbot/2.0; +http://www.bing.com/bingbot.htm)"
40.77.167.15 - - [13/Jul/2017:19:57:34 +0800] "GET /static/js/sha1.min.js HTTP/1.1" 200 4307 "-" "Mozilla/5.0 (compatible; bingbot/2.0; +http://www.bing.com/bingbot.htm)"
40.77.167.15 - - [13/Jul/2017:19:57:35 +0800] "GET /static/js/sticky.min.js HTTP/1.1" 200 2199 "-" "Mozilla/5.0 (compatible; bingbot/2.0; +http://www.bing.com/bingbot.htm)"
40.77.167.63 - - [13/Jul/2017:19:57:37 +0800] "GET /static/css/uikit.gradient.min.css HTTP/1.1" 200 78834 "-" "Mozilla/5.0 (compatible; bingbot/2.0; +http://www.bing.com/bingbot.htm)"
207.46.13.37 - - [13/Jul/2017:19:57:37 +0800] "GET /static/js/jquery.min.js HTTP/1.1" 200 93026 "-" "Mozilla/5.0 (compatible; bingbot/2.0; +http://www.bing.com/bingbot.htm)"
207.46.13.37 - - [13/Jul/2017:19:57:38 +0800] "GET /static/js/uikit.min.js HTTP/1.1" 200 34277 "-" "Mozilla/5.0 (compatible; bingbot/2.0; +http://www.bing.com/bingbot.htm)"
207.46.13.37 - - [13/Jul/2017:19:57:39 +0800] "GET /static/js/vue.min.js HTTP/1.1" 200 56515 "-" "Mozilla/5.0 (compatible; bingbot/2.0; +http://www.bing.com/bingbot.htm)"
157.55.39.110 - - [13/Jul/2017:19:57:52 +0800] "GET /static/js/awesome.js HTTP/1.1" 200 14598 "-" "Mozilla/5.0 (compatible; bingbot/2.0; +http://www.bing.com/bingbot.htm)"
40.77.167.15 - - [13/Jul/2017:20:58:32 +0800] "GET /static/fonts/fontawesome-webfont.ttf HTTP/1.1" 200 80652 "-" "Mozilla/5.0 (compatible; bingbot/2.0; +http://www.bing.com/bingbot.htm)"
139.199.63.33 - - [13/Jul/2017:22:48:34 +0800] "GET / HTTP/1.1" 200 6377 "-" "Mozilla/4.0 (compatible; MSIE 6.1; Windows NT)"
140.205.225.187 - - [14/Jul/2017:01:36:40 +0800] "POST /index.php?m=member&c=index&a=register&siteid=1 HTTP/1.1" 404 14 "-" "Mozilla/4.0 (compatible; MSIE 6.0; Windows NT 5.1;Alibaba.Security.Heimdall.6577126.phpcmsv9-register-upload)"
140.205.225.187 - - [14/Jul/2017:01:36:41 +0800] "GET /index.php?m=wap&a=index&siteid=1 HTTP/1.1" 404 14 "-" "Mozilla/4.0 (compatible; MSIE 6.0; Windows NT 5.1;Alibaba.Security.Heimdall.6577126.phpcmsv9-attachment-sql)"
140.205.201.32 - - [14/Jul/2017:02:11:51 +0800] "POST /index.php?m=member&c=index&a=register&siteid=1 HTTP/1.1" 404 14 "-" "Mozilla/4.0 (compatible; MSIE 6.0; Windows NT 5.1;Alibaba.Security.Heimdall.6577126.phpcmsv9-register-upload)"
140.205.201.32 - - [14/Jul/2017:02:11:53 +0800] "GET /index.php?m=wap&a=index&siteid=1 HTTP/1.1" 404 14 "-" "Mozilla/4.0 (compatible; MSIE 6.0; Windows NT 5.1;Alibaba.Security.Heimdall.6577126.phpcmsv9-attachment-sql)"
139.199.62.227 - - [14/Jul/2017:02:35:18 +0800] "GET / HTTP/1.1" 200 6377 "http://www.baidu.com/search/spider.htm" "Mozilla/5.0 (compatible; Baiduspider/2.0; +http://www.baidu.com/search/spider.html)"
180.76.15.18 - - [14/Jul/2017:06:13:21 +0800] "GET /blog/000005 HTTP/1.1" 200 8198 "-" "Mozilla/5.0 (compatible; Baiduspider/2.0; +http://www.baidu.com/search/spider.html)"
140.205.205.1 - - [14/Jul/2017:07:33:45 +0800] "GET / HTTP/1.1" 200 6377 "-" "Mozilla/5.0 (Windows NT 6.1; WOW64) AppleWebKit/535.11 (KHTML, like Gecko) Chrome/17.0.963.56 Safari/535.11"
140.205.225.204 - - [14/Jul/2017:08:45:30 +0800] "POST /index.php?m=member&c=index&a=register&siteid=1 HTTP/1.1" 404 14 "-" "Mozilla/4.0 (compatible; MSIE 6.0; Windows NT 5.1;Alibaba.Security.Heimdall.6577126.phpcmsv9-register-upload)"
140.205.225.204 - - [14/Jul/2017:08:45:31 +0800] "GET /index.php?m=wap&a=index&siteid=1 HTTP/1.1" 404 14 "-" "Mozilla/4.0 (compatible; MSIE 6.0; Windows NT 5.1;Alibaba.Security.Heimdall.6577126.phpcmsv9-attachment-sql)"
140.205.225.204 - - [14/Jul/2017:09:20:52 +0800] "POST /index.php?m=member&c=index&a=register&siteid=1 HTTP/1.1" 404 14 "-" "Mozilla/4.0 (compatible; MSIE 6.0; Windows NT 5.1;Alibaba.Security.Heimdall.6577126.phpcmsv9-register-upload)"
140.205.225.204 - - [14/Jul/2017:09:20:53 +0800] "GET /index.php?m=wap&a=index&siteid=1 HTTP/1.1" 404 14 "-" "Mozilla/4.0 (compatible; MSIE 6.0; Windows NT 5.1;Alibaba.Security.Heimdall.6577126.phpcmsv9-attachment-sql)"
140.205.205.2 - - [14/Jul/2017:14:36:38 +0800] "GET / HTTP/1.1" 200 6377 "-" "Mozilla/5.0 (Windows; U; Windows NT 5.1; en-US; rv:1.8.1.2pre) Gecko/20070215 K-Ninja/2.1.1"
140.205.225.206 - - [14/Jul/2017:16:13:05 +0800] "POST /index.php?m=member&c=index&a=register&siteid=1 HTTP/1.1" 404 14 "-" "Mozilla/4.0 (compatible; MSIE 6.0; Windows NT 5.1;Alibaba.Security.Heimdall.6577126.phpcmsv9-register-upload)"
140.205.225.206 - - [14/Jul/2017:16:13:05 +0800] "GET /index.php?m=wap&a=index&siteid=1 HTTP/1.1" 404 14 "-" "Mozilla/4.0 (compatible; MSIE 6.0; Windows NT 5.1;Alibaba.Security.Heimdall.6577126.phpcmsv9-attachment-sql)"
140.205.205.2 - - [14/Jul/2017:16:16:46 +0800] "GET / HTTP/1.1" 200 6377 "-" "Mozilla/4.0 (compatible; MSIE 6.0; Windows NT 5.1; SV1; AcooBrowser; .NET CLR 1.1.4322; .NET CLR 2.0.50727)"
140.205.201.32 - - [14/Jul/2017:16:50:28 +0800] "POST /index.php?m=member&c=index&a=register&siteid=1 HTTP/1.1" 404 14 "-" "Mozilla/4.0 (compatible; MSIE 6.0; Windows NT 5.1;Alibaba.Security.Heimdall.6577126.phpcmsv9-register-upload)"
140.205.201.32 - - [14/Jul/2017:16:50:29 +0800] "GET /index.php?m=wap&a=index&siteid=1 HTTP/1.1" 404 14 "-" "Mozilla/4.0 (compatible; MSIE 6.0; Windows NT 5.1;Alibaba.Security.Heimdall.6577126.phpcmsv9-attachment-sql)"
140.205.225.206 - - [15/Jul/2017:01:00:32 +0800] "POST /index.php?m=member&c=index&a=register&siteid=1 HTTP/1.1" 404 14 "-" "Mozilla/4.0 (compatible; MSIE 6.0; Windows NT 5.1;Alibaba.Security.Heimdall.6577126.phpcmsv9-register-upload)"
140.205.225.206 - - [15/Jul/2017:01:00:33 +0800] "GET /index.php?m=wap&a=index&siteid=1 HTTP/1.1" 404 14 "-" "Mozilla/4.0 (compatible; MSIE 6.0; Windows NT 5.1;Alibaba.Security.Heimdall.6577126.phpcmsv9-attachment-sql)"
40.77.167.63 - - [15/Jul/2017:01:35:08 +0800] "GET / HTTP/1.1" 200 6377 "-" "Mozilla/5.0 (compatible; bingbot/2.0; +http://www.bing.com/bingbot.htm)"
140.205.225.183 - - [15/Jul/2017:01:36:45 +0800] "POST /index.php?m=member&c=index&a=register&siteid=1 HTTP/1.1" 404 14 "-" "Mozilla/4.0 (compatible; MSIE 6.0; Windows NT 5.1;Alibaba.Security.Heimdall.6577126.phpcmsv9-register-upload)"
140.205.225.183 - - [15/Jul/2017:01:36:47 +0800] "GET /index.php?m=wap&a=index&siteid=1 HTTP/1.1" 404 14 "-" "Mozilla/4.0 (compatible; MSIE 6.0; Windows NT 5.1;Alibaba.Security.Heimdall.6577126.phpcmsv9-attachment-sql)"
139.199.63.33 - - [15/Jul/2017:02:20:43 +0800] "GET / HTTP/1.1" 200 6377 "-" "Mozilla/4.0 (compatible; MSIE 6.1; Windows NT)"
202.108.211.56 - - [15/Jul/2017:03:53:06 +0800] "GET / HTTP/1.1" 200 6377 "-" "Mozilla/5.0 (X11; Linux x86_64) AppleWebKit/535.21 (KHTML, like Gecko) Chrome/19.0.1042.0 Safari/535.21"
139.199.62.227 - - [15/Jul/2017:05:43:36 +0800] "GET / HTTP/1.1" 200 6377 "http://www.baidu.com/search/spider.htm" "Mozilla/5.0 (compatible; Baiduspider/2.0; +http://www.baidu.com/search/spider.html)"
180.163.2.117 - - [15/Jul/2017:07:44:10 +0800] "GET / HTTP/1.1" 200 6377 "-" "Mozilla/5.0 (Windows NT 6.1) AppleWebKit/537.22 (KHTML, like Gecko) Chrome/25.0.1364.97 Safari/537.22"
61.151.226.189 - - [15/Jul/2017:07:44:10 +0800] "GET / HTTP/1.1" 200 6377 "-" "Mozilla/5.0 (Windows NT 6.1) AppleWebKit/537.22 (KHTML, like Gecko) Chrome/25.0.1364.97 Safari/537.22"
117.185.27.113 - - [15/Jul/2017:07:44:10 +0800] "GET / HTTP/1.1" 200 6377 "-" "Mozilla/5.0 (Windows NT 6.1) AppleWebKit/537.22 (KHTML, like Gecko) Chrome/25.0.1364.97 Safari/537.22"
140.205.201.31 - - [15/Jul/2017:09:42:10 +0800] "POST /index.php?m=member&c=index&a=register&siteid=1 HTTP/1.1" 404 14 "-" "Mozilla/4.0 (compatible; MSIE 6.0; Windows NT 5.1;Alibaba.Security.Heimdall.6577126.phpcmsv9-register-upload)"
140.205.201.31 - - [15/Jul/2017:09:42:15 +0800] "GET /index.php?m=wap&a=index&siteid=1 HTTP/1.1" 404 14 "-" "Mozilla/4.0 (compatible; MSIE 6.0; Windows NT 5.1;Alibaba.Security.Heimdall.6577126.phpcmsv9-attachment-sql)"
140.205.225.203 - - [15/Jul/2017:10:25:49 +0800] "POST /index.php?m=member&c=index&a=register&siteid=1 HTTP/1.1" 404 14 "-" "Mozilla/4.0 (compatible; MSIE 6.0; Windows NT 5.1;Alibaba.Security.Heimdall.6577126.phpcmsv9-register-upload)"
140.205.225.203 - - [15/Jul/2017:10:27:15 +0800] "GET /index.php?m=wap&a=index&siteid=1 HTTP/1.1" 404 14 "-" "Mozilla/4.0 (compatible; MSIE 6.0; Windows NT 5.1;Alibaba.Security.Heimdall.6577126.phpcmsv9-attachment-sql)"
163.177.13.2 - - [15/Jul/2017:11:07:31 +0800] "HEAD / HTTP/1.1" 405 0 "-" "curl/7.19.7 (x86_64-redhat-linux-gnu) libcurl/7.19.7 NSS/3.13.1.0 zlib/1.2.3 libidn/1.18 libssh2/1.2.2"
40.77.167.63 - - [15/Jul/2017:13:02:51 +0800] "GET / HTTP/1.1" 200 6377 "-" "Mozilla/5.0 (compatible; bingbot/2.0; +http://www.bing.com/bingbot.htm)"
140.205.225.201 - - [15/Jul/2017:20:35:25 +0800] "POST /index.php?m=member&c=index&a=register&siteid=1 HTTP/1.1" 404 14 "-" "Mozilla/4.0 (compatible; MSIE 6.0; Windows NT 5.1;Alibaba.Security.Heimdall.6577126.phpcmsv9-register-upload)"
140.205.225.201 - - [15/Jul/2017:20:35:27 +0800] "GET /index.php?m=wap&a=index&siteid=1 HTTP/1.1" 404 14 "-" "Mozilla/4.0 (compatible; MSIE 6.0; Windows NT 5.1;Alibaba.Security.Heimdall.6577126.phpcmsv9-attachment-sql)"
140.205.225.206 - - [15/Jul/2017:21:15:43 +0800] "POST /index.php?m=member&c=index&a=register&siteid=1 HTTP/1.1" 404 14 "-" "Mozilla/4.0 (compatible; MSIE 6.0; Windows NT 5.1;Alibaba.Security.Heimdall.6577126.phpcmsv9-register-upload)"
140.205.225.206 - - [15/Jul/2017:21:15:45 +0800] "GET /index.php?m=wap&a=index&siteid=1 HTTP/1.1" 404 14 "-" "Mozilla/4.0 (compatible; MSIE 6.0; Windows NT 5.1;Alibaba.Security.Heimdall.6577126.phpcmsv9-attachment-sql)"
66.249.66.11 - - [15/Jul/2017:21:22:22 +0800] "GET /robots.txt HTTP/1.1" 404 14 "-" "Mozilla/5.0 (compatible; Googlebot/2.1; +http://www.google.com/bot.html)"
66.249.66.11 - - [15/Jul/2017:21:22:23 +0800] "GET /blog/000003 HTTP/1.1" 500 141 "-" "Mozilla/5.0 (compatible; Googlebot/2.1; +http://www.google.com/bot.html)"
140.205.205.4 - - [15/Jul/2017:21:31:42 +0800] "GET / HTTP/1.1" 200 6377 "-" "Mozilla/5.0 (X11; U; Linux i686; en-US; rv:1.9.0.8) Gecko Fedora/1.9.0.8-1.fc10 Kazehakase/0.5.6"
140.205.205.1 - - [15/Jul/2017:22:11:22 +0800] "GET / HTTP/1.1" 200 6377 "-" "Mozilla/5.0 (Macintosh; Intel Mac OS X 10_7_3) AppleWebKit/535.20 (KHTML, like Gecko) Chrome/19.0.1036.7 Safari/535.20"
140.205.205.1 - - [15/Jul/2017:22:15:36 +0800] "GET / HTTP/1.1" 200 6377 "-" "Mozilla/5.0 (Macintosh; Intel Mac OS X 10_7_3) AppleWebKit/535.20 (KHTML, like Gecko) Chrome/19.0.1036.7 Safari/535.20"
202.108.211.56 - - [15/Jul/2017:22:19:39 +0800] "GET / HTTP/1.1" 200 6377 "-" "Mozilla/5.0 (X11; Linux x86_64) AppleWebKit/535.21 (KHTML, like Gecko) Chrome/19.0.1042.0 Safari/535.21"
66.249.66.13 - - [15/Jul/2017:22:29:04 +0800] "GET /blog/001497883597918d74097b0fac44cf18cecc7d5ba6352c1000 HTTP/1.1" 200 6178 "-" "Mozilla/5.0 (compatible; Googlebot/2.1; +http://www.google.com/bot.html)"
66.249.66.11 - - [15/Jul/2017:22:29:08 +0800] "GET /static/css/awesome.css HTTP/1.1" 200 208 "http://www.wuqianlin.com/blog/001497883597918d74097b0fac44cf18cecc7d5ba6352c1000" "Mozilla/5.0 (compatible; Googlebot/2.1; +http://www.google.com/bot.html)"
66.249.66.13 - - [15/Jul/2017:22:29:09 +0800] "GET /static/css/uikit.min.css HTTP/1.1" 200 69597 "http://www.wuqianlin.com/blog/001497883597918d74097b0fac44cf18cecc7d5ba6352c1000" "Mozilla/5.0 (compatible; Googlebot/2.1; +http://www.google.com/bot.html)"
66.249.66.11 - - [15/Jul/2017:22:29:11 +0800] "GET /static/css/uikit.gradient.min.css HTTP/1.1" 200 78834 "http://www.wuqianlin.com/blog/001497883597918d74097b0fac44cf18cecc7d5ba6352c1000" "Mozilla/5.0 (compatible; Googlebot/2.1; +http://www.google.com/bot.html)"
202.108.211.56 - - [15/Jul/2017:22:40:59 +0800] "GET / HTTP/1.1" 200 6377 "-" "Mozilla/5.0 (X11; Linux x86_64) AppleWebKit/535.21 (KHTML, like Gecko) Chrome/19.0.1042.0 Safari/535.21"
66.249.66.15 - - [16/Jul/2017:00:56:11 +0800] "GET /blog/00149751507538778a54e67b8754923a0f1e5933490d927000 HTTP/1.1" 200 8821 "-" "Mozilla/5.0 (compatible; Googlebot/2.1; +http://www.google.com/bot.html)"
66.249.66.13 - - [16/Jul/2017:01:16:37 +0800] "GET / HTTP/1.1" 200 6377 "-" "Mozilla/5.0 (Linux; Android 6.0.1; Nexus 5X Build/MMB29P) AppleWebKit/537.36 (KHTML, like Gecko) Chrome/41.0.2272.96 Mobile Safari/537.36 (compatible; Googlebot/2.1; +http://www.google.com/bot.html)"
157.55.39.150 - - [16/Jul/2017:02:13:15 +0800] "GET /robots.txt HTTP/1.1" 404 14 "-" "Mozilla/5.0 (compatible; bingbot/2.0; +http://www.bing.com/bingbot.htm)"
207.46.13.160 - - [16/Jul/2017:02:13:25 +0800] "GET / HTTP/1.1" 200 6377 "-" "Mozilla/5.0 (compatible; bingbot/2.0; +http://www.bing.com/bingbot.htm)"
66.249.66.15 - - [16/Jul/2017:03:54:11 +0800] "GET / HTTP/1.1" 200 6377 "-" "Mozilla/5.0 (compatible; Googlebot/2.1; +http://www.google.com/bot.html)"
140.205.205.8 - - [16/Jul/2017:04:33:00 +0800] "GET / HTTP/1.1" 200 6377 "-" "Mozilla/5.0 (X11; Linux i686; U;) Gecko/20070322 Kazehakase/0.4.5"
140.205.205.8 - - [16/Jul/2017:04:46:02 +0800] "GET / HTTP/1.1" 200 6377 "-" "Mozilla/5.0 (Windows; U; Windows NT 5.1; zh-CN; rv:1.9) Gecko/20080705 Firefox/3.0 Kapiko/3.0"
140.205.205.4 - - [16/Jul/2017:04:46:32 +0800] "GET / HTTP/1.1" 200 6377 "-" "Mozilla/5.0 (compatible; MSIE 9.0; Windows NT 6.1; Win64; x64; Trident/5.0; .NET CLR 3.5.30729; .NET CLR 3.0.30729; .NET CLR 2.0.50727; Media Center PC 6.0)"
140.205.205.1 - - [16/Jul/2017:04:57:19 +0800] "GET / HTTP/1.1" 200 6377 "-" "Mozilla/4.0 (compatible; MSIE 7.0; Windows NT 6.0; Acoo Browser; SLCC1; .NET CLR 2.0.50727; Media Center PC 5.0; .NET CLR 3.0.04506)"
140.205.205.4 - - [16/Jul/2017:04:59:13 +0800] "GET / HTTP/1.1" 200 6377 "-" "Mozilla/5.0 (Windows; U; MSIE 9.0; Windows NT 9.0; en-US)"
140.205.205.8 - - [16/Jul/2017:05:03:54 +0800] "GET / HTTP/1.1" 200 6377 "-" "Mozilla/5.0 (Windows; U; Windows NT 5.1; en-US; rv:1.8.1.2pre) Gecko/20070215 K-Ninja/2.1.1"
139.199.63.33 - - [16/Jul/2017:05:25:47 +0800] "GET / HTTP/1.1" 200 6377 "-" "Mozilla/4.0 (compatible; MSIE 6.1; Windows NT)"
66.249.66.66 - - [16/Jul/2017:05:31:02 +0800] "GET /robots.txt HTTP/1.1" 404 14 "-" "Mozilla/5.0 (compatible; Googlebot/2.1; +http://www.google.com/bot.html)"
66.249.66.66 - - [16/Jul/2017:05:31:03 +0800] "GET / HTTP/1.1" 200 6377 "-" "Mozilla/5.0 (compatible; Googlebot/2.1; +http://www.google.com/bot.html)"
66.249.66.95 - - [16/Jul/2017:05:31:05 +0800] "GET /static/css/awesome.css HTTP/1.1" 200 208 "http://www.wuqianlin.cn/" "Mozilla/5.0 (compatible; Googlebot/2.1; +http://www.google.com/bot.html)"
66.249.66.66 - - [16/Jul/2017:05:31:06 +0800] "GET /static/css/uikit.min.css HTTP/1.1" 200 69597 "http://www.wuqianlin.cn/" "Mozilla/5.0 (compatible; Googlebot/2.1; +http://www.google.com/bot.html)"
66.249.66.64 - - [16/Jul/2017:05:31:06 +0800] "GET /static/css/uikit.gradient.min.css HTTP/1.1" 200 78834 "http://www.wuqianlin.cn/" "Mozilla/5.0 (compatible; Googlebot/2.1; +http://www.google.com/bot.html)"
140.205.201.44 - - [16/Jul/2017:05:31:50 +0800] "POST /index.php?m=member&c=index&a=register&siteid=1 HTTP/1.1" 404 14 "-" "Mozilla/4.0 (compatible; MSIE 6.0; Windows NT 5.1;Alibaba.Security.Heimdall.6577126.phpcmsv9-register-upload)"
140.205.201.44 - - [16/Jul/2017:05:31:51 +0800] "GET /index.php?m=wap&a=index&siteid=1 HTTP/1.1" 404 14 "-" "Mozilla/4.0 (compatible; MSIE 6.0; Windows NT 5.1;Alibaba.Security.Heimdall.6577126.phpcmsv9-attachment-sql)"
140.205.205.8 - - [16/Jul/2017:05:36:14 +0800] "GET / HTTP/1.1" 200 6377 "-" "Mozilla/5.0 (Windows; U; Windows NT 5.1; zh-CN; rv:1.9) Gecko/20080705 Firefox/3.0 Kapiko/3.0"
140.205.201.31 - - [16/Jul/2017:06:11:49 +0800] "POST /index.php?m=member&c=index&a=register&siteid=1 HTTP/1.1" 404 14 "-" "Mozilla/4.0 (compatible; MSIE 6.0; Windows NT 5.1;Alibaba.Security.Heimdall.6577126.phpcmsv9-register-upload)"
140.205.201.31 - - [16/Jul/2017:06:11:50 +0800] "GET /index.php?m=wap&a=index&siteid=1 HTTP/1.1" 404 14 "-" "Mozilla/4.0 (compatible; MSIE 6.0; Windows NT 5.1;Alibaba.Security.Heimdall.6577126.phpcmsv9-attachment-sql)"
66.249.66.64 - - [16/Jul/2017:07:27:21 +0800] "GET / HTTP/1.1" 200 6377 "-" "Mozilla/5.0 (Linux; Android 6.0.1; Nexus 5X Build/MMB29P) AppleWebKit/537.36 (KHTML, like Gecko) Chrome/41.0.2272.96 Mobile Safari/537.36 (compatible; Googlebot/2.1; +http://www.google.com/bot.html)"
139.199.62.227 - - [16/Jul/2017:08:46:26 +0800] "GET / HTTP/1.1" 200 6377 "http://www.baidu.com/search/spider.htm" "Mozilla/5.0 (compatible; Baiduspider/2.0; +http://www.baidu.com/search/spider.html)"
163.177.13.2 - - [16/Jul/2017:09:46:43 +0800] "HEAD / HTTP/1.1" 405 0 "-" "curl/7.19.7 (x86_64-redhat-linux-gnu) libcurl/7.19.7 NSS/3.13.1.0 zlib/1.2.3 libidn/1.18 libssh2/1.2.2"
104.238.248.15 - - [16/Jul/2017:10:17:07 +0800] "GET / HTTP/1.1" 200 6377 "-" "Mozilla/4.0 (compatible; MSIE 8.0; Windows NT 6.0)"
104.238.248.15 - - [16/Jul/2017:10:17:11 +0800] "GET / HTTP/1.1" 200 6377 "-" "Mozilla/4.0 (compatible; MSIE 8.0; Windows NT 6.0)"
69.58.178.59 - - [16/Jul/2017:11:57:24 +0800] "GET /robots.txt HTTP/1.1" 404 14 "-" "Mozilla/5.0 (compatible; ips-agent)"
69.58.178.59 - - [16/Jul/2017:11:57:26 +0800] "GET / HTTP/1.1" 200 6377 "-" "Mozilla/5.0 (compatible; ips-agent)"
69.58.178.59 - - [16/Jul/2017:11:57:27 +0800] "GET /blog/001497883597918d74097b0fac44cf18cecc7d5ba6352c1000 HTTP/1.1" 200 6178 "-" "Mozilla/5.0 (compatible; ips-agent)"
69.58.178.59 - - [16/Jul/2017:11:57:30 +0800] "GET /read HTTP/1.1" 200 3721 "-" "Mozilla/5.0 (compatible; ips-agent)"
69.58.178.59 - - [16/Jul/2017:11:57:32 +0800] "GET /python HTTP/1.1" 200 4477 "-" "Mozilla/5.0 (compatible; ips-agent)"
69.58.178.59 - - [16/Jul/2017:11:57:33 +0800] "GET /opera HTTP/1.1" 200 5265 "-" "Mozilla/5.0 (compatible; ips-agent)"
69.58.178.59 - - [16/Jul/2017:11:57:35 +0800] "GET /ai HTTP/1.1" 200 4077 "-" "Mozilla/5.0 (compatible; ips-agent)"
69.58.178.59 - - [16/Jul/2017:11:57:37 +0800] "GET /signin HTTP/1.1" 200 2785 "-" "Mozilla/5.0 (compatible; ips-agent)"
69.58.178.59 - - [16/Jul/2017:11:57:39 +0800] "GET /register HTTP/1.1" 200 6410 "-" "Mozilla/5.0 (compatible; ips-agent)"
69.58.178.59 - - [16/Jul/2017:11:57:40 +0800] "GET /blog/0014975225224075731faf1eccb45e596169558b2104d9d000 HTTP/1.1" 200 5452 "-" "Mozilla/5.0 (compatible; ips-agent)"
69.58.178.59 - - [16/Jul/2017:11:57:41 +0800] "GET /blog/00149751507538778a54e67b8754923a0f1e5933490d927000 HTTP/1.1" 200 8821 "-" "Mozilla/5.0 (compatible; ips-agent)"
69.58.178.59 - - [16/Jul/2017:11:57:43 +0800] "GET /blog/0014974219055647750c8be863e40b098ef458686c7f206000 HTTP/1.1" 200 6212 "-" "Mozilla/5.0 (compatible; ips-agent)"
207.46.13.160 - - [16/Jul/2017:13:43:46 +0800] "GET / HTTP/1.1" 200 6377 "-" "Mozilla/5.0 (compatible; bingbot/2.0; +http://www.bing.com/bingbot.htm)"
140.205.225.185 - - [16/Jul/2017:15:00:03 +0800] "POST /index.php?m=member&c=index&a=register&siteid=1 HTTP/1.1" 404 14 "-" "Mozilla/4.0 (compatible; MSIE 6.0; Windows NT 5.1;Alibaba.Security.Heimdall.6577126.phpcmsv9-register-upload)"
140.205.225.185 - - [16/Jul/2017:15:00:21 +0800] "GET /index.php?m=wap&a=index&siteid=1 HTTP/1.1" 404 14 "-" "Mozilla/4.0 (compatible; MSIE 6.0; Windows NT 5.1;Alibaba.Security.Heimdall.6577126.phpcmsv9-attachment-sql)"
140.205.201.31 - - [16/Jul/2017:17:23:29 +0800] "POST /index.php?m=member&c=index&a=register&siteid=1 HTTP/1.1" 404 14 "-" "Mozilla/4.0 (compatible; MSIE 6.0; Windows NT 5.1;Alibaba.Security.Heimdall.6577126.phpcmsv9-register-upload)"
140.205.201.31 - - [16/Jul/2017:17:25:15 +0800] "GET /index.php?m=wap&a=index&siteid=1 HTTP/1.1" 404 14 "-" "Mozilla/4.0 (compatible; MSIE 6.0; Windows NT 5.1;Alibaba.Security.Heimdall.6577126.phpcmsv9-attachment-sql)"
163.177.13.2 - - [16/Jul/2017:21:24:42 +0800] "HEAD / HTTP/1.1" 405 0 "-" "curl/7.19.7 (x86_64-redhat-linux-gnu) libcurl/7.19.7 NSS/3.13.1.0 zlib/1.2.3 libidn/1.18 libssh2/1.2.2"
66.249.66.15 - - [16/Jul/2017:22:14:10 +0800] "GET /robots.txt HTTP/1.1" 404 14 "-" "Mozilla/5.0 (compatible; Googlebot/2.1; +http://www.google.com/bot.html)"
66.249.66.11 - - [16/Jul/2017:22:14:11 +0800] "GET /blog/0014974219055647750c8be863e40b098ef458686c7f206000 HTTP/1.1" 200 6212 "-" "Mozilla/5.0 (Linux; Android 6.0.1; Nexus 5X Build/MMB29P) AppleWebKit/537.36 (KHTML, like Gecko) Chrome/41.0.2272.96 Mobile Safari/537.36 (compatible; Googlebot/2.1; +http://www.google.com/bot.html)"
66.249.66.11 - - [16/Jul/2017:23:25:18 +0800] "GET /blog/00149751507538778a54e67b8754923a0f1e5933490d927000 HTTP/1.1" 200 8821 "-" "Mozilla/5.0 (Linux; Android 6.0.1; Nexus 5X Build/MMB29P) AppleWebKit/537.36 (KHTML, like Gecko) Chrome/41.0.2272.96 Mobile Safari/537.36 (compatible; Googlebot/2.1; +http://www.google.com/bot.html)"
202.108.211.56 - - [16/Jul/2017:23:35:12 +0800] "GET / HTTP/1.1" 200 6377 "-" "Mozilla/5.0 (X11; Linux x86_64) AppleWebKit/535.21 (KHTML, like Gecko) Chrome/19.0.1042.0 Safari/535.21"
66.249.66.13 - - [16/Jul/2017:23:45:48 +0800] "GET /blog/00149688472371223fcb477476a456292f4a58f0c1ed014000 HTTP/1.1" 200 7051 "-" "Mozilla/5.0 (Linux; Android 6.0.1; Nexus 5X Build/MMB29P) AppleWebKit/537.36 (KHTML, like Gecko) Chrome/41.0.2272.96 Mobile Safari/537.36 (compatible; Googlebot/2.1; +http://www.google.com/bot.html)"
140.205.225.194 - - [17/Jul/2017:00:53:09 +0800] "POST /index.php?m=member&c=index&a=register&siteid=1 HTTP/1.1" 404 14 "-" "Mozilla/4.0 (compatible; MSIE 6.0; Windows NT 5.1;Alibaba.Security.Heimdall.6577126.phpcmsv9-register-upload)"
140.205.225.194 - - [17/Jul/2017:00:53:10 +0800] "GET /index.php?m=wap&a=index&siteid=1 HTTP/1.1" 404 14 "-" "Mozilla/4.0 (compatible; MSIE 6.0; Windows NT 5.1;Alibaba.Security.Heimdall.6577126.phpcmsv9-attachment-sql)"
140.205.201.31 - - [17/Jul/2017:01:31:00 +0800] "POST /index.php?m=member&c=index&a=register&siteid=1 HTTP/1.1" 404 14 "-" "Mozilla/4.0 (compatible; MSIE 6.0; Windows NT 5.1;Alibaba.Security.Heimdall.6577126.phpcmsv9-register-upload)"
140.205.201.31 - - [17/Jul/2017:01:31:17 +0800] "GET /index.php?m=wap&a=index&siteid=1 HTTP/1.1" 404 14 "-" "Mozilla/4.0 (compatible; MSIE 6.0; Windows NT 5.1;Alibaba.Security.Heimdall.6577126.phpcmsv9-attachment-sql)"
207.46.13.160 - - [17/Jul/2017:02:58:13 +0800] "GET / HTTP/1.1" 200 6377 "-" "Mozilla/5.0 (compatible; bingbot/2.0; +http://www.bing.com/bingbot.htm)"
66.249.73.86 - - [17/Jul/2017:05:46:14 +0800] "GET /robots.txt HTTP/1.1" 404 14 "-" "Mozilla/5.0 (compatible; Googlebot/2.1; +http://www.google.com/bot.html)"
66.249.73.84 - - [17/Jul/2017:05:46:15 +0800] "GET /mpimnuidpa.html HTTP/1.1" 404 14 "-" "Mozilla/5.0 (compatible; Googlebot/2.1; +http://www.google.com/bot.html)"
140.205.225.199 - - [17/Jul/2017:08:22:12 +0800] "POST /index.php?m=member&c=index&a=register&siteid=1 HTTP/1.1" 404 14 "-" "Mozilla/4.0 (compatible; MSIE 6.0; Windows NT 5.1;Alibaba.Security.Heimdall.6577126.phpcmsv9-register-upload)"
140.205.225.199 - - [17/Jul/2017:08:22:12 +0800] "GET /index.php?m=wap&a=index&siteid=1 HTTP/1.1" 404 14 "-" "Mozilla/4.0 (compatible; MSIE 6.0; Windows NT 5.1;Alibaba.Security.Heimdall.6577126.phpcmsv9-attachment-sql)"
139.199.63.33 - - [17/Jul/2017:08:47:59 +0800] "GET / HTTP/1.1" 200 6377 "-" "Mozilla/4.0 (compatible; MSIE 6.1; Windows NT)"
140.205.201.39 - - [17/Jul/2017:09:00:22 +0800] "POST /index.php?m=member&c=index&a=register&siteid=1 HTTP/1.1" 404 14 "-" "Mozilla/4.0 (compatible; MSIE 6.0; Windows NT 5.1;Alibaba.Security.Heimdall.6577126.phpcmsv9-register-upload)"
140.205.201.39 - - [17/Jul/2017:09:00:23 +0800] "GET /index.php?m=wap&a=index&siteid=1 HTTP/1.1" 404 14 "-" "Mozilla/4.0 (compatible; MSIE 6.0; Windows NT 5.1;Alibaba.Security.Heimdall.6577126.phpcmsv9-attachment-sql)"
139.199.62.227 - - [17/Jul/2017:12:02:07 +0800] "GET / HTTP/1.1" 200 6377 "http://www.baidu.com/search/spider.htm" "Mozilla/5.0 (compatible; Baiduspider/2.0; +http://www.baidu.com/search/spider.html)"
163.177.13.2 - - [17/Jul/2017:14:50:43 +0800] "HEAD / HTTP/1.1" 405 0 "-" "curl/7.19.7 (x86_64-redhat-linux-gnu) libcurl/7.19.7 NSS/3.13.1.0 zlib/1.2.3 libidn/1.18 libssh2/1.2.2"
207.46.13.160 - - [17/Jul/2017:14:58:44 +0800] "GET / HTTP/1.1" 200 6377 "-" "Mozilla/5.0 (compatible; bingbot/2.0; +http://www.bing.com/bingbot.htm)"
106.11.153.196 - - [17/Jul/2017:19:20:08 +0800] "GET / HTTP/1.1" 200 6377 "-" "YisouSpider"
140.205.225.200 - - [17/Jul/2017:19:43:10 +0800] "POST /index.php?m=member&c=index&a=register&siteid=1 HTTP/1.1" 404 14 "-" "Mozilla/4.0 (compatible; MSIE 6.0; Windows NT 5.1;Alibaba.Security.Heimdall.6577126.phpcmsv9-register-upload)"
140.205.225.200 - - [17/Jul/2017:19:43:11 +0800] "GET /index.php?m=wap&a=index&siteid=1 HTTP/1.1" 404 14 "-" "Mozilla/4.0 (compatible; MSIE 6.0; Windows NT 5.1;Alibaba.Security.Heimdall.6577126.phpcmsv9-attachment-sql)"
140.205.201.32 - - [17/Jul/2017:20:20:26 +0800] "POST /index.php?m=member&c=index&a=register&siteid=1 HTTP/1.1" 404 14 "-" "Mozilla/4.0 (compatible; MSIE 6.0; Windows NT 5.1;Alibaba.Security.Heimdall.6577126.phpcmsv9-register-upload)"
140.205.201.32 - - [17/Jul/2017:20:20:27 +0800] "GET /index.php?m=wap&a=index&siteid=1 HTTP/1.1" 404 14 "-" "Mozilla/4.0 (compatible; MSIE 6.0; Windows NT 5.1;Alibaba.Security.Heimdall.6577126.phpcmsv9-attachment-sql)"
202.108.211.56 - - [17/Jul/2017:23:01:00 +0800] "GET / HTTP/1.1" 200 6377 "-" "Mozilla/5.0 (X11; Linux x86_64) AppleWebKit/535.21 (KHTML, like Gecko) Chrome/19.0.1042.0 Safari/535.21"
202.108.211.56 - - [17/Jul/2017:23:20:36 +0800] "GET / HTTP/1.1" 200 6377 "-" "Mozilla/5.0 (X11; Linux x86_64) AppleWebKit/535.21 (KHTML, like Gecko) Chrome/19.0.1042.0 Safari/535.21"
202.108.211.56 - - [18/Jul/2017:00:07:30 +0800] "GET / HTTP/1.1" 200 6377 "-" "Mozilla/5.0 (X11; Linux x86_64) AppleWebKit/535.21 (KHTML, like Gecko) Chrome/19.0.1042.0 Safari/535.21"
163.177.13.2 - - [18/Jul/2017:00:56:05 +0800] "HEAD / HTTP/1.1" 405 0 "-" "curl/7.19.7 (x86_64-redhat-linux-gnu) libcurl/7.19.7 NSS/3.13.1.0 zlib/1.2.3 libidn/1.18 libssh2/1.2.2"
140.205.201.45 - - [18/Jul/2017:03:56:00 +0800] "GET /index.php?m=wap&a=index&siteid=1 HTTP/1.1" 404 14 "-" "Mozilla/4.0 (compatible; MSIE 6.0; Windows NT 5.1;Alibaba.Security.Heimdall.6577126.phpcmsv9-attachment-sql)"
207.46.13.76 - - [18/Jul/2017:04:27:37 +0800] "GET /robots.txt HTTP/1.1" 404 14 "-" "Mozilla/5.0 (compatible; bingbot/2.0; +http://www.bing.com/bingbot.htm)"
207.46.13.160 - - [18/Jul/2017:04:27:40 +0800] "GET / HTTP/1.1" 200 6377 "-" "Mozilla/5.0 (compatible; bingbot/2.0; +http://www.bing.com/bingbot.htm)"
140.205.225.205 - - [18/Jul/2017:04:31:44 +0800] "POST /index.php?m=member&c=index&a=register&siteid=1 HTTP/1.1" 404 14 "-" "Mozilla/4.0 (compatible; MSIE 6.0; Windows NT 5.1;Alibaba.Security.Heimdall.6577126.phpcmsv9-register-upload)"
140.205.225.205 - - [18/Jul/2017:04:31:45 +0800] "GET /index.php?m=wap&a=index&siteid=1 HTTP/1.1" 404 14 "-" "Mozilla/4.0 (compatible; MSIE 6.0; Windows NT 5.1;Alibaba.Security.Heimdall.6577126.phpcmsv9-attachment-sql)"
202.102.89.107 - - [18/Jul/2017:04:56:28 +0800] "GET / HTTP/1.1" 200 6377 "-" "Mozilla/5.0 (Windows NT 6.1; Win64; x64) AppleWebKit/537.36 (KHTML, like Gecko) Chrome/46.0.2490.86 Safari/537.36"
180.76.15.142 - - [18/Jul/2017:05:55:46 +0800] "GET /robots.txt HTTP/1.1" 404 14 "-" "Mozilla/5.0 (Windows NT 5.1; rv:6.0.2) Gecko/20100101 Firefox/6.0.2"
180.76.15.136 - - [18/Jul/2017:05:55:46 +0800] "GET /robots.txt HTTP/1.1" 404 14 "-" "Mozilla/5.0 (Windows NT 5.1; rv:6.0.2) Gecko/20100101 Firefox/6.0.2"
180.76.15.11 - - [18/Jul/2017:05:56:23 +0800] "GET /blog/000005 HTTP/1.1" 200 8198 "-" "Mozilla/5.0 (compatible; Baiduspider/2.0; +http://www.baidu.com/search/spider.html)"
140.205.205.2 - - [18/Jul/2017:07:47:58 +0800] "GET / HTTP/1.1" 200 6377 "-" "Mozilla/5.0 (X11; U; Linux; en-US) AppleWebKit/527+ (KHTML, like Gecko, Safari/419.3) Arora/0.6"
140.205.205.2 - - [18/Jul/2017:07:50:05 +0800] "GET / HTTP/1.1" 200 6377 "-" "Mozilla/5.0 (X11; Linux i686; U;) Gecko/20070322 Kazehakase/0.4.5"
123.207.95.146 - - [18/Jul/2017:12:24:45 +0800] "GET / HTTP/1.1" 200 6377 "-" "Mozilla/4.0 (compatible; MSIE 6.1; Windows NT)"
139.199.62.227 - - [18/Jul/2017:15:35:41 +0800] "GET / HTTP/1.1" 200 6377 "http://www.baidu.com/search/spider.htm" "Mozilla/5.0 (compatible; Baiduspider/2.0; +http://www.baidu.com/search/spider.html)"
207.46.13.160 - - [18/Jul/2017:16:14:52 +0800] "GET / HTTP/1.1" 200 6377 "-" "Mozilla/5.0 (compatible; bingbot/2.0; +http://www.bing.com/bingbot.htm)"
140.205.225.183 - - [18/Jul/2017:19:46:47 +0800] "POST /index.php?m=member&c=index&a=register&siteid=1 HTTP/1.1" 404 14 "-" "Mozilla/4.0 (compatible; MSIE 6.0; Windows NT 5.1;Alibaba.Security.Heimdall.6577126.phpcmsv9-register-upload)"
140.205.225.183 - - [18/Jul/2017:19:46:48 +0800] "GET /index.php?m=wap&a=index&siteid=1 HTTP/1.1" 404 14 "-" "Mozilla/4.0 (compatible; MSIE 6.0; Windows NT 5.1;Alibaba.Security.Heimdall.6577126.phpcmsv9-attachment-sql)"
140.205.225.205 - - [18/Jul/2017:20:17:51 +0800] "GET / HTTP/1.1" 200 6377 "http://www.wuqianlin.cn/" "Mozilla/4.0 (compatible; MSIE 6.0; Windows NT 5.1;Alibaba.Security.Heimdall.950384.p)"
140.205.225.205 - - [18/Jul/2017:20:17:51 +0800] "GET /admin/images/menu-current-arrow.gif HTTP/1.1" 404 14 "-" "Mozilla/4.0 (compatible; MSIE 6.0; Windows NT 5.1;Alibaba.Security.Heimdall.950384.p)"
140.205.225.205 - - [18/Jul/2017:20:17:51 +0800] "GET /install/images/default/top1_r.jpg HTTP/1.1" 404 14 "-" "Mozilla/4.0 (compatible; MSIE 6.0; Windows NT 5.1;Alibaba.Security.Heimdall.950384.p)"
140.205.225.205 - - [18/Jul/2017:20:17:51 +0800] "GET /images/default/hd_a1.gif HTTP/1.1" 404 14 "-" "Mozilla/4.0 (compatible; MSIE 6.0; Windows NT 5.1;Alibaba.Security.Heimdall.950384.p)"
140.205.225.205 - - [18/Jul/2017:20:17:52 +0800] "GET /upload/200812/20081230023106860.gif HTTP/1.1" 404 14 "-" "Mozilla/4.0 (compatible; MSIE 6.0; Windows NT 5.1;Alibaba.Security.Heimdall.950384.p)"
140.205.225.205 - - [18/Jul/2017:20:17:52 +0800] "GET /Images/Mlogin/Bitmap02.gif HTTP/1.1" 404 14 "-" "Mozilla/4.0 (compatible; MSIE 6.0; Windows NT 5.1;Alibaba.Security.Heimdall.950384.p)"
140.205.225.205 - - [18/Jul/2017:20:17:52 +0800] "GET /admin/image/menu_h4.png HTTP/1.1" 404 14 "-" "Mozilla/4.0 (compatible; MSIE 6.0; Windows NT 5.1;Alibaba.Security.Heimdall.950384.p)"
140.205.225.205 - - [18/Jul/2017:20:17:52 +0800] "GET /images/list_bg.png HTTP/1.1" 404 14 "-" "Mozilla/4.0 (compatible; MSIE 6.0; Windows NT 5.1;Alibaba.Security.Heimdall.950384.p)"
140.205.225.205 - - [18/Jul/2017:20:17:53 +0800] "GET /theme/theme/default/images/bg_bnt_user_base_over.gif HTTP/1.1" 404 14 "-" "Mozilla/4.0 (compatible; MSIE 6.0; Windows NT 5.1;Alibaba.Security.Heimdall.950384.p)"
140.205.225.205 - - [18/Jul/2017:20:17:53 +0800] "GET /lib/images/vtip_arrow.gif HTTP/1.1" 404 14 "-" "Mozilla/4.0 (compatible; MSIE 6.0; Windows NT 5.1;Alibaba.Security.Heimdall.950384.p)"
140.205.225.205 - - [18/Jul/2017:20:17:53 +0800] "GET /dede/img/button_bg1.jpg HTTP/1.1" 404 14 "-" "Mozilla/4.0 (compatible; MSIE 6.0; Windows NT 5.1;Alibaba.Security.Heimdall.950384.p)"
140.205.225.205 - - [18/Jul/2017:20:17:54 +0800] "GET /plus/img/topsearch_submit.gif HTTP/1.1" 404 14 "-" "Mozilla/4.0 (compatible; MSIE 6.0; Windows NT 5.1;Alibaba.Security.Heimdall.950384.p)"
140.205.225.205 - - [18/Jul/2017:20:17:54 +0800] "GET /include/dialog/img/sp_bg.gif HTTP/1.1" 404 14 "-" "Mozilla/4.0 (compatible; MSIE 6.0; Windows NT 5.1;Alibaba.Security.Heimdall.950384.p)"
140.205.225.205 - - [18/Jul/2017:20:17:54 +0800] "GET /images/topbanner_bg.png HTTP/1.1" 404 14 "-" "Mozilla/4.0 (compatible; MSIE 6.0; Windows NT 5.1;Alibaba.Security.Heimdall.950384.p)"
140.205.225.205 - - [18/Jul/2017:20:17:54 +0800] "GET /system/images/lnk/system.gif HTTP/1.1" 404 14 "-" "Mozilla/4.0 (compatible; MSIE 6.0; Windows NT 5.1;Alibaba.Security.Heimdall.950384.p)"
140.205.225.205 - - [18/Jul/2017:20:17:55 +0800] "GET /images/confirm_close.gif HTTP/1.1" 404 14 "-" "Mozilla/4.0 (compatible; MSIE 6.0; Windows NT 5.1;Alibaba.Security.Heimdall.950384.p)"
140.205.225.205 - - [18/Jul/2017:20:17:55 +0800] "GET /user/images/must.gif HTTP/1.1" 404 14 "-" "Mozilla/4.0 (compatible; MSIE 6.0; Windows NT 5.1;Alibaba.Security.Heimdall.950384.p)"
140.205.225.205 - - [18/Jul/2017:20:17:55 +0800] "GET /template/images/li1.gif HTTP/1.1" 404 14 "-" "Mozilla/4.0 (compatible; MSIE 6.0; Windows NT 5.1;Alibaba.Security.Heimdall.950384.p)"
140.205.225.205 - - [18/Jul/2017:20:17:56 +0800] "GET /favicon.ico HTTP/1.1" 200 4286 "-" "Mozilla/4.0 (compatible; MSIE 6.0; Windows NT 5.1;Alibaba.Security.Heimdall.950384.p)"
140.205.225.205 - - [18/Jul/2017:20:17:56 +0800] "GET /images/page_code.png HTTP/1.1" 404 14 "-" "Mozilla/4.0 (compatible; MSIE 6.0; Windows NT 5.1;Alibaba.Security.Heimdall.950384.p)"
140.205.225.205 - - [18/Jul/2017:20:17:56 +0800] "GET /editors/index.html HTTP/1.1" 404 14 "-" "Mozilla/4.0 (compatible; MSIE 6.0; Windows NT 5.1;Alibaba.Security.Heimdall.950384.p)"
140.205.225.205 - - [18/Jul/2017:20:17:56 +0800] "GET /images/samples/4_small.jpg HTTP/1.1" 404 14 "-" "Mozilla/4.0 (compatible; MSIE 6.0; Windows NT 5.1;Alibaba.Security.Heimdall.950384.p)"
140.205.225.205 - - [18/Jul/2017:20:17:57 +0800] "GET /includes/templates/classic/images/stars_5.gif HTTP/1.1" 404 14 "-" "Mozilla/4.0 (compatible; MSIE 6.0; Windows NT 5.1;Alibaba.Security.Heimdall.950384.p)"
140.205.225.205 - - [18/Jul/2017:20:17:57 +0800] "GET /includes/templates/template_default/images/always-free-shipping.gif HTTP/1.1" 404 14 "-" "Mozilla/4.0 (compatible; MSIE 6.0; Windows NT 5.1;Alibaba.Security.Heimdall.950384.p)"
140.205.225.205 - - [18/Jul/2017:20:17:57 +0800] "GET /includes/templates/template_default/buttons/english/button_tell_a_friend.gif HTTP/1.1" 404 14 "-" "Mozilla/4.0 (compatible; MSIE 6.0; Windows NT 5.1;Alibaba.Security.Heimdall.950384.p)"
140.205.225.205 - - [18/Jul/2017:20:17:57 +0800] "GET /images/zttit02.png HTTP/1.1" 404 14 "-" "Mozilla/4.0 (compatible; MSIE 6.0; Windows NT 5.1;Alibaba.Security.Heimdall.950384.p)"
140.205.225.205 - - [18/Jul/2017:20:17:58 +0800] "GET /Admin/Images/GoogleSiteMaplogo.gif HTTP/1.1" 404 14 "-" "Mozilla/4.0 (compatible; MSIE 6.0; Windows NT 5.1;Alibaba.Security.Heimdall.950384.p)"
140.205.225.205 - - [18/Jul/2017:20:17:58 +0800] "GET /template/user/images/manage_r2_c18.jpg HTTP/1.1" 404 14 "-" "Mozilla/4.0 (compatible; MSIE 6.0; Windows NT 5.1;Alibaba.Security.Heimdall.950384.p)"
140.205.225.205 - - [18/Jul/2017:20:17:58 +0800] "GET /admin/images/admintitlebg.gif HTTP/1.1" 404 14 "-" "Mozilla/4.0 (compatible; MSIE 6.0; Windows NT 5.1;Alibaba.Security.Heimdall.950384.p)"
140.205.225.205 - - [18/Jul/2017:20:17:58 +0800] "GET /images/gengtie.jpg HTTP/1.1" 404 14 "-" "Mozilla/4.0 (compatible; MSIE 6.0; Windows NT 5.1;Alibaba.Security.Heimdall.950384.p)"
140.205.225.205 - - [18/Jul/2017:20:17:59 +0800] "GET /core/themes/stable/images/core/menu-collapsed-rtl.png HTTP/1.1" 404 14 "-" "Mozilla/4.0 (compatible; MSIE 6.0; Windows NT 5.1;Alibaba.Security.Heimdall.950384.p)"
140.205.225.205 - - [18/Jul/2017:20:17:59 +0800] "GET /misc/menu-expanded.png HTTP/1.1" 404 14 "-" "Mozilla/4.0 (compatible; MSIE 6.0; Windows NT 5.1;Alibaba.Security.Heimdall.950384.p)"
140.205.225.205 - - [18/Jul/2017:20:17:59 +0800] "GET /Admin/Images/icon_lpdhjl.png HTTP/1.1" 404 14 "-" "Mozilla/4.0 (compatible; MSIE 6.0; Windows NT 5.1;Alibaba.Security.Heimdall.950384.p)"
140.205.225.205 - - [18/Jul/2017:20:18:00 +0800] "GET /store/Images/hdfk.gif HTTP/1.1" 404 14 "-" "Mozilla/4.0 (compatible; MSIE 6.0; Windows NT 5.1;Alibaba.Security.Heimdall.950384.p)"
140.205.225.205 - - [18/Jul/2017:20:18:00 +0800] "GET /skins/doccms_model_1/images/bg_contact_a.png HTTP/1.1" 404 14 "-" "Mozilla/4.0 (compatible; MSIE 6.0; Windows NT 5.1;Alibaba.Security.Heimdall.950384.p)"
140.205.225.205 - - [18/Jul/2017:20:18:00 +0800] "GET /admini/images/s_managehtml/icon_refresh.png HTTP/1.1" 404 14 "-" "Mozilla/4.0 (compatible; MSIE 6.0; Windows NT 5.1;Alibaba.Security.Heimdall.950384.p)"
140.205.225.205 - - [18/Jul/2017:20:18:00 +0800] "GET /Admin/Images/Icon-Nav-Close-over.gif HTTP/1.1" 404 14 "-" "Mozilla/4.0 (compatible; MSIE 6.0; Windows NT 5.1;Alibaba.Security.Heimdall.950384.p)"
140.205.225.205 - - [18/Jul/2017:20:18:01 +0800] "GET /images/menu_righttop.gif HTTP/1.1" 404 14 "-" "Mozilla/4.0 (compatible; MSIE 6.0; Windows NT 5.1;Alibaba.Security.Heimdall.950384.p)"
140.205.225.205 - - [18/Jul/2017:20:18:01 +0800] "GET /app/resource/images/coupon-hd-bg.png HTTP/1.1" 404 14 "-" "Mozilla/4.0 (compatible; MSIE 6.0; Windows NT 5.1;Alibaba.Security.Heimdall.950384.p)"
140.205.225.205 - - [18/Jul/2017:20:18:01 +0800] "GET /web/resource/images/bg_repno.gif HTTP/1.1" 404 14 "-" "Mozilla/4.0 (compatible; MSIE 6.0; Windows NT 5.1;Alibaba.Security.Heimdall.950384.p)"
140.205.225.205 - - [18/Jul/2017:20:18:01 +0800] "GET /resource/image/bg_repno.gif HTTP/1.1" 404 14 "-" "Mozilla/4.0 (compatible; MSIE 6.0; Windows NT 5.1;Alibaba.Security.Heimdall.950384.p)"
140.205.225.205 - - [18/Jul/2017:20:18:02 +0800] "GET /admin/images/abg2.png HTTP/1.1" 404 14 "-" "Mozilla/4.0 (compatible; MSIE 6.0; Windows NT 5.1;Alibaba.Security.Heimdall.950384.p)"
140.205.225.205 - - [18/Jul/2017:20:18:02 +0800] "GET /face/5.gif HTTP/1.1" 404 14 "-" "Mozilla/4.0 (compatible; MSIE 6.0; Windows NT 5.1;Alibaba.Security.Heimdall.950384.p)"
140.205.225.205 - - [18/Jul/2017:20:18:02 +0800] "GET /xin/btn_regis.gif HTTP/1.1" 404 14 "-" "Mozilla/4.0 (compatible; MSIE 6.0; Windows NT 5.1;Alibaba.Security.Heimdall.950384.p)"
140.205.225.205 - - [18/Jul/2017:20:18:02 +0800] "GET /global/banklist_hnapay.jpg HTTP/1.1" 404 14 "-" "Mozilla/4.0 (compatible; MSIE 6.0; Windows NT 5.1;Alibaba.Security.Heimdall.950384.p)"
140.205.225.205 - - [18/Jul/2017:20:18:03 +0800] "GET /Public/lottery/roulette/images/b0-2.jpg HTTP/1.1" 404 14 "-" "Mozilla/4.0 (compatible; MSIE 6.0; Windows NT 5.1;Alibaba.Security.Heimdall.950384.p)"
140.205.225.205 - - [18/Jul/2017:20:18:03 +0800] "GET /m/_/images/fileicon/jpg.png HTTP/1.1" 404 14 "-" "Mozilla/4.0 (compatible; MSIE 6.0; Windows NT 5.1;Alibaba.Security.Heimdall.950384.p)"
140.205.225.205 - - [18/Jul/2017:20:18:03 +0800] "GET /system/images/tab_17.gif HTTP/1.1" 404 14 "-" "Mozilla/4.0 (compatible; MSIE 6.0; Windows NT 5.1;Alibaba.Security.Heimdall.950384.p)"
140.205.225.205 - - [18/Jul/2017:20:18:03 +0800] "GET /admin/images/tab_17.gif HTTP/1.1" 404 14 "-" "Mozilla/4.0 (compatible; MSIE 6.0; Windows NT 5.1;Alibaba.Security.Heimdall.950384.p)"
140.205.225.205 - - [18/Jul/2017:20:18:04 +0800] "GET /admin/images/top_tt_bg.gif HTTP/1.1" 404 14 "-" "Mozilla/4.0 (compatible; MSIE 6.0; Windows NT 5.1;Alibaba.Security.Heimdall.950384.p)"
140.205.225.205 - - [18/Jul/2017:20:18:04 +0800] "GET /Public/img/fotorama.png HTTP/1.1" 404 14 "-" "Mozilla/4.0 (compatible; MSIE 6.0; Windows NT 5.1;Alibaba.Security.Heimdall.950384.p)"
140.205.225.205 - - [18/Jul/2017:20:18:06 +0800] "GET /data/captcha/gif/Small_Fonts/3.gif HTTP/1.1" 404 14 "-" "Mozilla/4.0 (compatible; MSIE 6.0; Windows NT 5.1;Alibaba.Security.Heimdall.950384.p)"
140.205.225.205 - - [18/Jul/2017:20:18:09 +0800] "GET /admin/images/login/login_submit.gif HTTP/1.1" 404 14 "-" "Mozilla/4.0 (compatible; MSIE 6.0; Windows NT 5.1;Alibaba.Security.Heimdall.950384.p)"
140.205.225.205 - - [18/Jul/2017:20:18:09 +0800] "GET /i5808/images/menu_reduce.gif HTTP/1.1" 404 14 "-" "Mozilla/4.0 (compatible; MSIE 6.0; Windows NT 5.1;Alibaba.Security.Heimdall.950384.p)"
140.205.225.205 - - [18/Jul/2017:20:18:09 +0800] "GET /skins/images/ico_catalogue.png HTTP/1.1" 404 14 "-" "Mozilla/4.0 (compatible; MSIE 6.0; Windows NT 5.1;Alibaba.Security.Heimdall.950384.p)"
140.205.225.205 - - [18/Jul/2017:20:18:10 +0800] "GET /images/logout1.png HTTP/1.1" 404 14 "-" "Mozilla/4.0 (compatible; MSIE 6.0; Windows NT 5.1;Alibaba.Security.Heimdall.950384.p)"
140.205.225.205 - - [18/Jul/2017:20:18:10 +0800] "GET /forum/images/logout1.png HTTP/1.1" 404 14 "-" "Mozilla/4.0 (compatible; MSIE 6.0; Windows NT 5.1;Alibaba.Security.Heimdall.950384.p)"
140.205.225.205 - - [18/Jul/2017:20:18:10 +0800] "GET /console/images/bg11.jpg HTTP/1.1" 404 14 "-" "Mozilla/4.0 (compatible; MSIE 6.0; Windows NT 5.1;Alibaba.Security.Heimdall.950384.p)"
140.205.225.205 - - [18/Jul/2017:20:18:11 +0800] "GET /console/images/login.gif HTTP/1.1" 404 14 "-" "Mozilla/4.0 (compatible; MSIE 6.0; Windows NT 5.1;Alibaba.Security.Heimdall.950384.p)"
140.205.225.205 - - [18/Jul/2017:20:18:11 +0800] "GET /images/common/online_admin.gif HTTP/1.1" 404 14 "-" "Mozilla/4.0 (compatible; MSIE 6.0; Windows NT 5.1;Alibaba.Security.Heimdall.950384.p)"
140.205.225.205 - - [18/Jul/2017:20:18:15 +0800] "GET /statics/delivertitle.gif HTTP/1.1" 404 14 "-" "Mozilla/4.0 (compatible; MSIE 6.0; Windows NT 5.1;Alibaba.Security.Heimdall.950384.p)"
140.205.225.205 - - [18/Jul/2017:20:18:16 +0800] "GET /images/default/shopexstorelogo.jpg HTTP/1.1" 404 14 "-" "Mozilla/4.0 (compatible; MSIE 6.0; Windows NT 5.1;Alibaba.Security.Heimdall.950384.p)"
140.205.225.205 - - [18/Jul/2017:20:18:18 +0800] "GET /cn/images/banner_page_bg.gif HTTP/1.1" 404 14 "-" "Mozilla/4.0 (compatible; MSIE 6.0; Windows NT 5.1;Alibaba.Security.Heimdall.950384.p)"
140.205.225.205 - - [18/Jul/2017:20:18:21 +0800] "GET /static/space/t1/images/title.png HTTP/1.1" 404 571 "-" "Mozilla/4.0 (compatible; MSIE 6.0; Windows NT 5.1;Alibaba.Security.Heimdall.950384.p)"
140.205.225.205 - - [18/Jul/2017:20:18:21 +0800] "GET /themes/forum/default/images/forum/lock.gif HTTP/1.1" 404 14 "-" "Mozilla/4.0 (compatible; MSIE 6.0; Windows NT 5.1;Alibaba.Security.Heimdall.950384.p)"
140.205.225.205 - - [18/Jul/2017:20:18:21 +0800] "GET /images/select_arrow_over.gif HTTP/1.1" 404 14 "-" "Mozilla/4.0 (compatible; MSIE 6.0; Windows NT 5.1;Alibaba.Security.Heimdall.950384.p)"
140.205.225.205 - - [18/Jul/2017:20:18:21 +0800] "GET /static/images/buttons_40.png HTTP/1.1" 404 571 "-" "Mozilla/4.0 (compatible; MSIE 6.0; Windows NT 5.1;Alibaba.Security.Heimdall.950384.p)"
140.205.225.205 - - [18/Jul/2017:20:18:22 +0800] "GET /include/image/dui_r.gif HTTP/1.1" 404 14 "-" "Mozilla/4.0 (compatible; MSIE 6.0; Windows NT 5.1;Alibaba.Security.Heimdall.950384.p)"
140.205.225.205 - - [18/Jul/2017:20:18:22 +0800] "GET /template/default/index/images/anvico.png HTTP/1.1" 404 14 "-" "Mozilla/4.0 (compatible; MSIE 6.0; Windows NT 5.1;Alibaba.Security.Heimdall.950384.p)"
